00000000 A __fixup_entries
00000637 A __got2_entries
fe000040 T enable_addr_trans
fe000054 T icache_enable
fe00007c T dcache_enable
fe0000a4 T get_pvr
fe0000ac t lock_ram_in_cache
fe000100 T _start
fe000110 T _start_warm
fe000118 t boot_cold
fe000120 t boot_warm
fe00014c t in_flash
fe0001a4 T _start_of_vectors
fe000200 t MachineCheck
fe000300 t DataStorage
fe000400 t InstStorage
fe000500 t ExtInterrupt
fe000600 t Alignment
fe000700 t ProgramCheck
fe000800 t FPUnavailable
fe000900 t Decrementer
fe000a00 t Trap_0a
fe000b00 t Trap_0b
fe000c00 t SystemCall
fe000d00 t SingleStep
fe000e00 t Trap_0e
fe000f00 t Trap_0f
fe001000 t InstructionTLBMiss
fe001100 t DataLoadTLBMiss
fe001200 t DataStoreTLBMiss
fe001300 t InstructionBreakpoint
fe001400 t SMI
fe001500 t Trap_15
fe001600 t Trap_16
fe001700 t Trap_17
fe001800 t Trap_18
fe001900 t Trap_19
fe001a00 t Trap_1a
fe001b00 t Trap_1b
fe001c00 t Trap_1c
fe001d00 t Trap_1d
fe001e00 t Trap_1e
fe001f00 t Trap_1f
fe002000 t Trap_20
fe002100 t Trap_21
fe002200 t Trap_22
fe002300 t Trap_23
fe002400 t Trap_24
fe002500 t Trap_25
fe002600 t Trap_26
fe002700 t Trap_27
fe002800 t Trap_28
fe002900 t Trap_29
fe002a00 t Trap_2a
fe002b00 t Trap_2b
fe002c00 t Trap_2c
fe002d00 t Trap_2d
fe002e00 t Trap_2e
fe002f00 t Trap_2f
fe002f90 T _end_of_vectors
fe003000 T transfer_to_handler
fe003098 t int_return
fe003178 T init_e300_core
fe00325c T invalidate_bats
fe0032ac T setup_bats
fe00342c T disable_addr_trans
fe00344c T icache_disable
fe003474 T icache_status
fe003480 T dcache_disable
fe0034a8 T dcache_status
fe0034b4 T ppcDcbf
fe0034bc T ppcDcbi
fe0034c4 T ppcDcbz
fe0034cc T ppcDWstore
fe0034d8 T ppcDWload
fe0034e4 T relocate_code
fe0035e4 t in_ram
fe00363c t clear_bss
fe00366c T trap_init
fe003720 t trap_reloc
fe00373c T unlock_ram_in_cache
fe003784 t map_flash_by_law1
fe0037c4 t remap_flash_by_law0
fe00382c T dump_pci
fe003838 T addr_probe
fe00384c T show_regs
fe003938 T DebugException
fe003990 T print_backtrace
fe003a64 T SoftEmuException
fe003abc T ProgramCheckException
fe003b14 T AlignmentException
fe003b6c T MachineCheckException
fe003c58 T _exception
fe003cc8 T UnknownException
fe003d28 T cpu_init_r
fe003d38 T cpu_init_f
fe003ec8 T interrupt_init_cpu
fe003ef8 T external_interrupt
fe003f04 T irq_install_handler
fe003f10 T irq_free_handler
fe003f1c T timer_interrupt_cpu
fe003f28 T strcpy
fe003f44 T strncpy
fe003f6c T strcat
fe003f98 T strcmp
fe003fbc T strlen
fe003fd4 T memset
fe004030 T bcopy
fe004040 T memmove
fe004048 T memcpy
fe0040e4 T backwards_memcpy
fe00416c T memcmp
fe00419c T memchr
fe0041c8 T sbrk
fe004238 T hang
fe004268 t init_func_ram
fe0042f8 t init_func_i2c
fe004354 t init_baudrate
fe0043e0 T board_init_f
fe00452c T strmhz
fe0045d0 T board_init_r
fe004880 T search_exception_table
fe004930 T init_timebase
fe00494c T ticks2usec
fe004984 T usec2ticks
fe0049ec T udelay
fe004a14 T reset_timer
fe004a58 T get_timer
fe004a9c T set_timer
fe004ad8 T enable_interrupts
fe004af4 T interrupt_init
fe004b5c T disable_interrupts
fe004b7c T timer_interrupt
fe004bd8 T get_ticks
fe004bf0 T wait_ticks
fe004c20 t startAgainTimeout
fe004c60 t startAgainHandler
fe004c70 T NetSetHandler
fe004cac T NetCksum
fe004d00 T NetCksumOk
fe004d34 T NetEthHdrSize
fe004d94 T copy_filename
fe004df8 T string_to_VLAN
fe004e50 T getenv_VLAN
fe004e74 T string_to_ip
fe004f04 T getenv_IPaddr
fe004f2c T VLAN_to_string
fe004fa4 T ip_to_string
fe004ff8 T print_IPaddr
fe00503c T NetSetEther
fe005124 t NetCopyIP
fe00514c T NetSetIP
fe005274 t NetWriteIP
fe0052a0 t NetReadIP
fe0052d4 t PingHandler
fe00532c T NetSendPacket
fe005350 T ArpRequest
fe0054a8 T NetReceive
fe005934 T PingSend
fe005ad0 T NetSetTimeout
fe005b30 T NetSendUDPPacket
fe005ce4 t PingTimeout
fe005d2c T NetStartAgain
fe005e34 T ArpTimeoutCheck
fe005ed0 T NetLoop
fe00635c t TftpSend
fe0064cc T TftpStart
fe0066b4 t TftpTimeout
fe006738 t TftpHandler
fe0069a0 t DhcpExtended
fe006b7c t truncate_sz
fe006bd8 t NetCopyLong
fe006bfc t NetCopyIP
fe006c24 t DhcpOptionsProcess
fe006e10 t NetWriteIP
fe006e3c t NetReadLong
fe006e70 T BootpRequest
fe007020 T DhcpRequest
fe007044 t BootpCopyNetParams
fe007108 t DhcpHandler
fe007418 t BootpTimeout
fe007480 T RarpRequest
fe007598 t RarpHandler
fe007618 t RarpTimeout
fe007680 T eth_get_dev
fe0076c0 T eth_get_dev_index
fe007740 T eth_halt
fe0077a4 T eth_send
fe007814 T eth_rx
fe007878 T eth_get_name
fe0078c8 T eth_get_dev_by_name
fe007948 T eth_set_current
fe0079e0 T eth_try_another
fe007a94 T eth_init
fe007b2c T eth_register
fe007bec T eth_set_enetaddr
fe007cd4 T eth_initialize
fe007f4c t NfsTimeout
fe007f94 t basename
fe007fe8 t dirname
fe008024 t rpc_lookup_reply
fe0080e0 t rpc_add_credentials
fe0081c4 t rpc_req
fe0082c8 t rpc_lookup_req
fe008328 t NfsSend
fe0085a0 T NfsStart
fe0087d0 t NfsHandler
fe008c88 T flash_make_addr
fe008cb0 t flash_get_info
fe008d1c t flash_add_byte
fe008db0 t flash_make_cmd
fe008df8 T flash_print_info
fe009014 T flash_read_uchar
fe009038 t flash_isequal
fe009114 t flash_isset
fe0091fc T flash_read_long
fe009264 t flash_write_cmd
fe00932c t flash_unlock_seq
fe0093a8 t flash_status_check
fe00959c t flash_full_status_check
fe00971c t flash_write_cfiword
fe009950 T flash_erase
fe009b50 T flash_read_ushort
fe009b94 T flash_get_size
fe00a15c T flash_init
fe00a228 T write_buff
fe00a8e8 T pci_hose_read_config_byte
fe00a910 T pci_hose_read_config_word
fe00a938 T pci_hose_read_config_dword
fe00a960 T pci_hose_write_config_byte
fe00a988 T pci_hose_write_config_word
fe00a9b0 T pci_hose_write_config_dword
fe00a9d8 T pci_hose_read_config_byte_via_dword
fe00aa30 T pci_hose_read_config_word_via_dword
fe00aa88 T pci_hose_write_config_byte_via_dword
fe00ab18 T pci_hose_write_config_word_via_dword
fe00abb0 T pci_register_hose
fe00ac04 T pci_hose_config_device
fe00ad8c T pci_find_config
fe00ae30 T pci_cfgfunc_config_device
fe00ae60 T pci_cfgfunc_do_nothing
fe00ae6c T pci_init
fe00ae8c T pci_hose_scan_bus
fe00b008 T pci_hose_scan
fe00b044 T pci_hose_bus_to_phys
fe00b11c T pci_hose_phys_to_bus
fe00b1ec T pci_bus_to_hose
fe00b25c T pci_write_config_dword
fe00b2b8 T pci_write_config_word
fe00b314 T pci_write_config_byte
fe00b370 T pci_read_config_dword
fe00b3d8 T pci_read_config_word
fe00b440 T pci_read_config_byte
fe00b4ac T pci_find_devices
fe00b5d4 T pci_find_device
fe00b620 T pciauto_region_init
fe00b634 T pciauto_region_align
fe00b658 T pciauto_region_allocate
fe00b6b8 T pciauto_config_init
fe00b7e8 T pciauto_setup_device
fe00b98c T pciauto_config_device
fe00bcd8 t calc_divisor
fe00bd0c T _serial_setbrg
fe00bd6c T serial_setbrg
fe00bd94 T _serial_tstc
fe00bddc T serial_tstc
fe00be04 T _serial_getc
fe00be4c T serial_getc
fe00be74 T _serial_putc_raw
fe00bec4 T serial_putc_raw
fe00beec T _serial_putc
fe00bf70 T serial_putc
fe00bf94 T _serial_puts
fe00bfec T serial_puts
fe00c010 T serial_init
fe00c080 T write_phy_reg
fe00c0c4 T read_phy_reg
fe00c10c T mii_cr_init
fe00c134 T mii_parse_rtl8201
fe00c144 T mii_parse_cis8201
fe00c190 T mii_parse_vsc8244
fe00c1dc T mii_parse_dm9161_scsr
fe00c214 T mii_cis8204_fixled
fe00c26c T mii_cis8204_setmode
fe00c298 t tsec_send
fe00c374 t m88e1145_setmode
fe00c3c0 T mii_parse_lxt971_sr2
fe00c438 T mii_parse_dp83865_lanr
fe00c484 T phy_run_commands
fe00c554 t tsec_halt
fe00c5cc T get_priv_for_phy
fe00c630 t tsec_miiphy_write
fe00c6c0 t tsec_miiphy_read
fe00c750 T get_phy_info
fe00c818 T mii_parse_88E1011_psr
fe00c950 T mii_parse_sr
fe00ca58 t tsec_init
fe00cd74 T tsec_initialize
fe00d030 t tsec_recv
fe00d138 T i2c_set_bus_num
fe00d188 T i2c_set_bus_speed
fe00d19c T i2c_get_bus_num
fe00d1d8 T i2c_get_bus_speed
fe00d1ec t i2c_wait
fe00d2a4 t __i2c_write
fe00d34c t i2c_write_addr
fe00d3d0 t i2c_wait4bus
fe00d458 T i2c_write
fe00d520 T i2c_reg_write
fe00d550 T i2c_init
fe00d5e0 T i2c_read
fe00d788 T i2c_reg_read
fe00d7b8 T i2c_probe
fe00d800 T NS16550_init
fe00d840 T NS16550_reinit
fe00d880 T NS16550_putc
fe00d89c T NS16550_getc
fe00d8b8 T NS16550_tstc
fe00d8d0 T nand_init
fe00d97c t nand_release_device
fe00d9ac t nand_write_buf
fe00d9f4 t nand_verify_buf
fe00da50 t nand_write_buf16
fe00da98 t nand_verify_buf16
fe00daf4 t nand_check_wp
fe00db50 t single_erase_cmd
fe00dbb0 t multi_erase_cmd
fe00dc70 T nand_release
fe00dcd0 t nand_prepare_oobbuf
fe00ddcc t nand_block_checkbad
fe00de10 t nand_block_isbad
fe00de48 t nand_block_markbad
fe00deb4 t nand_verify_pages
fe00e0f0 t nand_command_lp
fe00e390 t nand_command
fe00e5f8 t nand_read_ecc
fe00ed00 t nand_read
fe00ed30 t nand_select_chip
fe00edb4 t nand_wait
fe00eeac T nand_scan
fe00f76c t nand_read_byte
fe00f78c t nand_read_buf
fe00f7d4 t nand_write_byte
fe00f7f0 t nand_read_word
fe00f810 t nand_read_buf16
fe00f858 t nand_write_byte16
fe00f880 t nand_write_word
fe00f89c t nand_sync
fe00f8ac T nand_erase_nand
fe00fae8 t nand_erase
fe00fb10 t nand_write_oob
fe00fd40 t nand_default_block_markbad
fe00fdec t nand_write_ecc
fe0103e4 t nand_write
fe010410 t nand_read_oob
fe01060c T nand_read_raw
fe010790 t nand_block_bad
fe0108b8 t nand_read_byte16
fe0108e8 T nand_calculate_ecc
fe010a34 T nand_correct_data
fe010bf8 t check_pattern
fe010cf0 T nand_isbad_bbt
fe010d68 t read_bbt
fe010f78 t read_abs_bbt
fe011074 t write_bbt
fe011644 T nand_update_bbt
fe0117d0 t mark_bbt_region
fe011974 t search_bbt
fe011b48 t create_bbt
fe011ce8 T nand_scan_bbt
fe0120f8 T nand_default_bbt
fe0121fc T do_run
fe012298 T run_command
fe0126f4 t delete_char
fe0127fc T readline
fe012a0c T main_loop
fe012b28 T autoscript
fe012cbc T do_autoscript
fe012d28 t print_str
fe012d74 t print_num
fe012dc0 T do_bdinfo
fe012f48 T do_go
fe012fec T gunzip
fe0131a4 t zfree
fe0131c8 t zalloc
fe0131f8 T print_image_hdr
fe0134c4 t do_imls
fe013608 t image_info
fe013710 T do_iminfo
fe0137e0 T do_bootd
fe013834 t do_bootm_linux
fe013f18 T do_bootm
fe014424 T do_coninfo
fe014514 t cnvrt2
fe014564 T mk_date
fe014778 T do_date
fe014894 t flash_fill_sect_ranges
fe014a24 T flash_sect_protect
fe014b1c t addr_spec
fe014c90 t abbrev_spec
fe014dfc T do_protect
fe015190 T flash_sect_erase
fe015248 T do_flerase
fe015494 T do_flinfo
fe015520 T do_i2c_bus_speed
fe0155b4 T do_i2c_bus_num
fe015648 T do_i2c_loop
fe015784 T do_i2c_probe
fe01584c T do_i2c_md
fe015a50 T do_i2c_crc
fe015bbc T do_i2c_mw
fe015d08 t mod_i2c_mem
fe015f18 T do_i2c_nm
fe015f38 T do_i2c_mm
fe015f5c T do_i2c
fe016164 t evalstr
fe0161a8 t evalexp
fe01621c T binary_test
fe01641c T do_itest
fe0164e4 t part_validate
fe016700 t memsize_format
fe016784 t part_delall
fe0167f0 T id_parse
fe0168f8 t memsize_parse
fe016984 t generate_mtdparts_save
fe016c44 t jffs2_part_info
fe016cec t device_find
fe016d64 t index_partitions
fe016e44 t current_save
fe016efc T find_dev_and_part
fe0170c4 t part_sort_add
fe017220 t device_del
fe0172cc t device_parse
fe017774 t device_delall
fe017808 t devices_init
fe017860 T mtdparts_init
fe017eb4 T do_jffs2_mtdparts
fe01842c T do_jffs2_chpart
fe018500 T do_jffs2_fsinfo
fe0185b4 T do_jffs2_ls
fe018660 T do_jffs2_fsload
fe0187e0 T ktrans
fe018810 T chk1
fe018848 t bin_data_init
fe0188a4 t bin_data_char
fe018910 T k_data_init
fe018964 T k_data_save
fe0189dc T k_data_restore
fe018a54 T k_data_char
fe018ae4 T send_pad
fe018b3c T s1_sendpacket
fe018b84 T handle_send_packet
fe018dc8 T send_nack
fe018e64 T send_ack
fe018efc t getcxmodem
fe018f30 T do_load_serial_bin
fe0194dc T do_load_serial
fe0198c0 T do_mem_base
fe01992c T do_mem_crc
fe019a08 T do_mem_mtest
fe019ce8 T cmd_get_data_size
fe019d80 t mod_mem
fe019f18 T do_mem_nm
fe019f38 T do_mem_mm
fe019f5c T do_mem_loop
fe01a088 T do_mem_cp
fe01a1e8 T do_mem_cmp
fe01a390 T do_mem_mw
fe01a498 T do_mem_md
fe01a68c t extract_range
fe01a704 T MII_dump_0_to_5
fe01a978 T do_mii
fe01ae34 T do_sleep
fe01aee4 t nand_read
fe01af24 t str2long
fe01af84 t arg_off_size
fe01b15c t nand_load_image
fe01b294 T do_nandboot
fe01b4e0 T do_nand
fe01bf78 T do_ping
fe01c02c t netboot_common
fe01c2bc T do_nfs
fe01c2d0 T do_dhcp
fe01c2e4 T do_rarpb
fe01c2f8 T do_tftpb
fe01c30c T do_bootp
fe01c324 t envmatch
fe01c3f4 T getenv_r
fe01c524 T do_saveenv
fe01c57c T getenv
fe01c648 T _do_setenv
fe01cba0 T do_setenv
fe01cc08 T setenv
fe01cc68 T do_printenv
fe01ce88 T pci_header_show
fe01d7fc t pci_cfg_write
fe01d850 t pci_cfg_modify
fe01d998 T pci_header_show_brief
fe01db68 T pciinfo
fe01dcb4 T do_pci
fe01e084 T find_cmd
fe01e144 T do_echo
fe01e1ec T do_help
fe01e3e8 T do_version
fe01e42c T do_exit
fe01e46c T do_test
fe01e8f0 t console_setfile
fe01e9d4 T fgetc
fe01ea30 T ftstc
fe01ea8c T fputc
fe01eae8 T fputs
fe01eb44 T disable_ctrlc
fe01eb8c T had_ctrlc
fe01ebcc T clear_ctrlc
fe01ec0c T dbg
fe01ec18 T console_init_f
fe01ec34 T console_assign
fe01ed3c T fprintf
fe01edc8 T puts
fe01ee04 T vprintf
fe01ee4c T printf
fe01eed4 T console_init_r
fe01f0a4 T serial_printf
fe01f128 T putc
fe01f164 T tstc
fe01f19c T getc
fe01f1d8 T ctrlc
fe01f25c T devices_done
fe01f2a4 T device_register
fe01f2f4 T devices_init
fe01f3f0 T malloc_bin_reloc
fe01f44c T malloc_usable_size
fe01f498 T mallopt
fe01f544 T malloc_trim
fe01f650 T free
fe01f8d4 T cfree
fe01f8f8 T malloc
fe01ff64 T memalign
fe0200b0 T pvalloc
fe0200dc T valloc
fe020108 T calloc
fe020238 T realloc
fe020720 T env_get_char_memory
fe020774 T env_get_addr
fe0207c8 t env_get_char_init
fe02081c T env_crc_update
fe020878 T env_relocate
fe020924 T env_get_char_spec
fe02093c T env_relocate_spec
fe020988 T saveenv
fe020a94 T env_init
fe020b20 t dummy
fe020b2c T get_version
fe020b40 T jumptable_init
fe020c50 T flash_protect
fe020d30 T addr2info
fe020dac T flash_perror
fe020e9c T flash_write
fe020ffc T ft_finalize_tree
fe02103c T ft_get_prop
fe0211a8 T ft_backtrack_node
fe021214 T ft_add_rsvmap
fe0212bc t ft_put_word
fe02131c T ft_end_tree
fe02132c T ft_nop
fe02133c T ft_end_node
fe021350 T ft_dump_blob
fe0215f4 T ft_init_cxt
fe021698 t ft_put_bin
fe021734 T ft_prop
fe021820 T ft_prop_int
fe02184c T ft_prop_str
fe021898 T ft_begin_node
fe0218e4 T ft_setup
fe021b3c t b_reset
fe021b68 T simple_itoa
fe021bd8 t static_get
fe021c08 t static_peek
fe021c1c t file_peek
fe021c34 t setup_string_in_str
fe021c8c t is_assignment
fe021d14 T mapset
fe021d68 T u_boot_hush_start
fe021e18 t xmalloc
fe021e64 T new_pipe
fe021ea4 t syntax_err
fe021ee0 t b_free
fe021f2c t xrealloc
fe021f7c t insert_var_value
fe022190 t set_local_var
fe0223a4 T update_ifs_map
fe022430 t b_addchr
fe0224f4 t b_addqchr
fe022590 t done_command
fe022640 t done_pipe
fe0226b8 t initialize_context
fe022720 t file_get
fe02294c T reserved_word
fe022aac t done_word
fe022c70 t free_pipe_list
fe022da4 t parse_stream_outer
fe023408 T parse_file_outer
fe023470 T parse_string_outer
fe023574 t run_list_real
fe023d94 T GetHandleSize
fe023da4 T ListSetAllocationPolicy
fe023dbc T ListGetPtrToItem
fe023e00 T ListGetDataPtr
fe023e14 T ListGetItemSize
fe023e28 T ListNumItems
fe023e3c T ListGetItems
fe023ea0 T SetHandleSize
fe023f3c T ListInsertItems
fe024130 T ListInsertItem
fe024154 T DisposeHandle
fe024190 T ListDispose
fe0241b0 T NewHandle
fe024228 T ListCreate
fe024294 T miiphy_init
fe0242e4 T miiphy_get_current_dev
fe024334 T miiphy_register
fe024448 T miiphy_listdev
fe0244d4 T miiphy_write
fe024590 T miiphy_read
fe02464c T miiphy_duplex
fe024700 T miiphy_speed
fe0247b4 T miiphy_reset
fe024888 T miiphy_info
fe02493c T miiphy_set_current_dev
fe0249c0 t hex1_bin
fe024a10 t hex2_bin
fe024a68 T srec_decode
fe024cc8 T parse_num
fe024e08 T xyzModem_error
fe024ea8 T xyzModem_stream_close
fe024f14 T CYGACC_COMM_IF_PUTC
fe024f38 T CYGACC_COMM_IF_GETC_TIMEOUT
fe024fb0 t xyzModem_flush
fe025004 T xyzModem_stream_terminate
fe025108 t xyzModem_get_hdr
fe0253d4 T xyzModem_stream_read
fe0256ac T xyzModem_stream_open
fe025840 T cyg_crc16
fe0258cc T crc32
fe025a1c T crc32_no_comp
fe025b64 T print_size
fe025c1c T display_options
fe025c60 T strncat
fe025cbc T strncmp
fe025d0c T strchr
fe025d40 T strnlen
fe025d74 T strspn
fe025dc0 T strpbrk
fe025e08 T strtok
fe025ec0 T strsep
fe025f18 T strswab
fe025f6c T memscan
fe025f98 T strrchr
fe025fec T strstr
fe026074 T strdup
fe0260cc T simple_strtoul
fe0261cc T simple_strtol
fe026208 t skip_atoi
fe026250 t number
fe026508 T panic
fe026594 T vsprintf
fe026b90 T sprintf
fe026bf0 t falloc
fe026c40 t ffree
fe026c4c t inflate_trees_free
fe026ca8 t huft_build
fe027258 t inflate_codes_new
fe0272c4 t inflate_codes_free
fe0272fc t inflate_blocks_reset
fe0273f4 T inflateEnd
fe0274b4 T inflateReset
fe027524 T inflateSync
fe027654 T inflateInit2
fe0277d0 T inflateInit
fe0277f4 T adler32
fe027970 t inflate_flush
fe027b38 T inflateIncomp
fe027c84 T inflate
fe02977c T board_early_init_f
fe029790 T ft_board_setup
fe029808 T checkboard
fe029870 T fixed_sdram
fe02997c T initdram
fe029a08 T ft_pci_setup
fe029a68 T pci_init_board
fe029ce0 t set_addr
fe029dac t fcm_hwcontrol
fe029db8 t fcm_enable_hwecc
fe029dc4 t fcm_calculate_ecc
fe029de4 t fcm_correct_data
fe029e10 T board_nand_init
fe029fec t fcm_write_byte
fe02a02c t fcm_write_word
fe02a06c t fcm_read_word
fe02a0ac t fcm_write_buf
fe02a10c t fcm_scan_bbt
fe02a29c t fcm_run_command
fe02a3c8 t fcm_cmdfunc
fe02a7fc t fcm_wait
fe02a8b0 t fcm_read_buf
fe02a9b4 t fcm_read_byte
fe02aa3c t fcm_verify_buf
fe02ab20 T get_tbclk
fe02ab3c T ft_cpu_setup
fe02ac2c T do_reset
fe02acc4 T upmconfig
fe02acf8 T checkcpu
fe02af2c T get_clocks
fe02b1c4 T get_bus_freq
fe02b1d8 T print_clock_conf
fe02b2e8 T flush_cache
fe02b334 T cramfs_check
fe02b3cc t cramfs_uncompress
fe02b4f4 t cramfs_read_super
fe02b68c T cramfs_info
fe02b770 t cramfs_list_inode
fe02b92c t cramfs_resolve
fe02badc T cramfs_ls
fe02bcbc T cramfs_load
fe02bde0 T cramfs_uncompress_exit
fe02be24 T cramfs_uncompress_init
fe02be9c t zfree
fe02bec0 t zalloc
fe02bef0 T cramfs_uncompress_block
fe02bf70 t get_fl_mem_nor
fe02bfd0 T mkmodestr
fe02c150 t insert_node
fe02c23c t free_nodes
fe02c284 T jffs2_free_cache
fe02c2d0 t put_fl_mem
fe02c328 t get_fl_mem_nand
fe02c4e8 t get_fl_mem
fe02c578 T jffs2_1pass_rescan_needed
fe02c5f8 t get_node_mem
fe02c6d0 t jffs2_get_list
fe02c9f0 T jffs2_1pass_info
fe02cb04 t jffs2_1pass_find_inode
fe02cc1c t jffs2_1pass_search_inode
fe02cd68 t jffs2_1pass_read_inode
fe02ced4 T jffs2_1pass_load
fe02d0bc T jffs2_1pass_ls
fe02d628 T rtime_decompress
fe02d70c T rubin_do_decompress
fe02d808 T dynrubin_decompress
fe02d85c T zlib_decompress
fe02d8a4 T cramfs_memset
fe02d8d4 T pull_bits
fe02d940 T pull_bit
fe02d988 t read_symbol
fe02da34 t decompress_huffman
fe02db8c t fill_code_tables
fe02dc7c t init_code_tables
fe02dcd8 T decompress_block
fe02e278 T GregorianDay
fe02e36c T to_tm
fe02e46c T mktime
fe02e4e4 t bcd2bin
fe02e504 t bin2bcd
fe02e530 t rtc_write
fe02e55c T rtc_reset
fe02e570 T rtc_set
fe02e64c t rtc_read
fe02e678 T rtc_get
fe02e7c0 T pci_setup_indirect
fe02e82c t indirect_read_config_byte
fe02e880 t indirect_read_config_word
fe02e8d8 t indirect_read_config_dword
fe02e928 t indirect_write_config_byte
fe02e978 t indirect_write_config_word
fe02e9cc t indirect_write_config_dword
fe02ea18 t nand_block_bad_scrub
fe02ea28 T nand_lock
fe02eacc T nand_unlock
fe02ec40 T nand_get_lock_status
fe02ed0c T nand_read_opts
fe02f068 T nand_write_opts
fe02f4e0 T nand_erase_opts
fe02f82c T __ashldi3
fe02f874 T __ashrdi3
fe02f8c0 T __udivdi3
fe02fdcc t serial_ports
fe02fddc t tsec_info
fe02fe0c t i2c_dev
fe02fe14 t default_nand_name
fe02fe74 t __FUNCTION__.3286
fe02fe88 t nand_ecc_precalc_table
fe030040 t i2c_no_probes
fe030074 t bitpattern.2816
fe030094 t baudrate_table
fe0300b8 t C.35.2999
fe03010c t crc16_tab
fe03030c t crc_table
fe030780 t border
fe0307cc t inflate_mask
fe030810 t __FUNCTION__.2682
fe030860 t spinner
fe030864 t year_lengths.2603
fe03086c t mon_lengths.2602
fe0308cc t mon_name.2578
fe0308f0 t day_name.2577
fe030908 t huffman_order
fe03091c t C.23.2548
fe03b000 A _erotext
fe03b000 D _GOT2_TABLE_
fe03c8dc D _FIXUP_TABLE_
fe03c8dc D version_string
fe03c90c d nfs_offset
fe03c910 d __compound_literal.2
fe03c91c d __compound_literal.5
fe03c928 d __compound_literal.11
fe03c934 d __compound_literal.14
fe03c940 d __compound_literal.17
fe03c94c d __compound_literal.20
fe03c958 d __compound_literal.21
fe03c9a0 d __compound_literal.23
fe03c9ac d __compound_literal.27
fe03c9c4 d __compound_literal.29
fe03c9d0 d __compound_literal.8
fe03c9dc d __compound_literal.26
fe03c9e8 d nand_oob_8
fe03cab0 d nand_oob_16
fe03cb78 d nand_oob_64
fe03cc40 d ffchars
fe03cc80 d bbt_pattern
fe03cc84 d mirror_pattern
fe03cc88 d scan_agand_pattern
fe03cc90 d scan_ff_pattern
fe03cc94 d erase_seq
fe03cc98 d tab_seq
fe03cca4 d i2c_dp_last_length
fe03cca8 d do_echo
fe03ccac d trim_threshold
fe03ccb0 d mmap_threshold
fe03ccb4 d sbrk_base
fe03ccb8 D default_environment
fe03cf60 D _ctype
fe03d060 d cplens
fe03d0dc d cplext
fe03d158 d cpdist
fe03d1d0 d cpdext
fe03d248 d fixed_left
fe03d24c d fcm_oob_lp_eccm1
fe03d314 d fcm_oob_lp_eccm0
fe03d3dc D corecnf_tab
fe03d4bc d nand_cache_off
fe03d4c0 d month_days
fe03d4f0 d autoplace_oobinfo
fe03d5b8 d jffs2_oobinfo
fe03d680 d yaffs_oobinfo
fe03d748 D ex_tab_message
fe03d74c D NetBcastAddr
fe03d752 D NetOurVLAN
fe03d754 D NetOurNativeVLAN
fe03d758 D nand_curr_device
fe03d75c D load_addr
fe03d760 D dp_last_length
fe03d764 D ShortPCIListing
fe03d768 D env_get_char
fe03d76c D env_name_spec
fe03d770 D env_ptr
fe03d774 D zlib_version
fe03d778 A _edata
fe03d778 D init_sequence
fe03d7ac D phy_info
fe03d7d8 d __compound_literal.0
fe03d85c d __compound_literal.1
fe03d88c d __compound_literal.3
fe03d91c d __compound_literal.4
fe03d94c d __compound_literal.9
fe03d988 d __compound_literal.10
fe03d9b8 d __compound_literal.12
fe03d9e8 d __compound_literal.13
fe03da18 d __compound_literal.15
fe03da30 d __compound_literal.16
fe03da60 d __compound_literal.18
fe03da78 d __compound_literal.19
fe03daa8 d __compound_literal.22
fe03dad8 d __compound_literal.28
fe03db08 d __compound_literal.7
fe03db44 d __compound_literal.24
fe03db5c d __compound_literal.25
fe03db8c D desc_and_len_tbl
fe03dbbc d failed
fe03dbc0 d mtdids_default
fe03dbc4 d mtdparts_default
fe03dbc8 d compr_names
fe03dbe4 d l.3592
fe03dbe8 D phy_info_M88E1011S
fe03dc00 D phy_info_M88E1111S
fe03dc18 D phy_info_cis8204
fe03dc30 D phy_info_cis8201
fe03dc48 D phy_info_rtl8201
fe03dc60 D phy_info_VSC8244
fe03dc78 D phy_info_dm9161
fe03dc90 D phy_info_dp83865
fe03dca8 d __compound_literal.6
fe03dd38 d phy_info_M88E1145
fe03dd50 d phy_info_lxt971
fe03dd68 D nand_flash_ids
fe03e260 D nand_manuf_ids
fe03e298 d bbt_main_descr
fe03e2bc d bbt_mirror_descr
fe03e2e0 d agand_flashbased
fe03e304 d largepage_flashbased
fe03e328 d smallpage_flashbased
fe03e34c d largepage_memorybased
fe03e370 d smallpage_memorybased
fe03e394 D weekdays
fe03e3b0 D op_table
fe03e418 D reg_0_5_desc_tbl
fe03e448 D reg_0_desc_tbl
fe03e4c0 D reg_1_desc_tbl
fe03e580 D reg_2_desc_tbl
fe03e58c D reg_3_desc_tbl
fe03e5b0 D reg_4_desc_tbl
fe03e640 D reg_5_desc_tbl
fe03e6d0 D stdio_names
fe03e6dc d av_
fe03eae4 d reserved_list
fe03eb68 D z_errmsg
fe03eb88 A __start_data
fe03eb88 d i2c_bus_num
fe03eb8c A __stop_data
fe03eb8c A __u_boot_cmd_start
fe03eb8c D __u_boot_cmd_autoscr
fe03eba4 D __u_boot_cmd_bdinfo
fe03ebbc D __u_boot_cmd_go
fe03ebd4 D __u_boot_cmd_reset
fe03ebec D __u_boot_cmd_bootm
fe03ec04 D __u_boot_cmd_boot
fe03ec1c D __u_boot_cmd_bootd
fe03ec34 D __u_boot_cmd_iminfo
fe03ec4c D __u_boot_cmd_imls
fe03ec64 D __u_boot_cmd_coninfo
fe03ec7c D __u_boot_cmd_date
fe03ec94 D __u_boot_cmd_flinfo
fe03ecac D __u_boot_cmd_erase
fe03ecc4 D __u_boot_cmd_protect
fe03ecdc D __u_boot_cmd_imd
fe03ecf4 D __u_boot_cmd_imm
fe03ed0c D __u_boot_cmd_inm
fe03ed24 D __u_boot_cmd_imw
fe03ed3c D __u_boot_cmd_icrc32
fe03ed54 D __u_boot_cmd_iprobe
fe03ed6c D __u_boot_cmd_iloop
fe03ed84 D __u_boot_cmd_i2c
fe03ed9c D __u_boot_cmd_itest
fe03edb4 D __u_boot_cmd_fsload
fe03edcc D __u_boot_cmd_ls
fe03ede4 D __u_boot_cmd_fsinfo
fe03edfc D __u_boot_cmd_chpart
fe03ee14 D __u_boot_cmd_mtdparts
fe03ee2c D __u_boot_cmd_loads
fe03ee44 D __u_boot_cmd_loadb
fe03ee5c D __u_boot_cmd_loady
fe03ee74 D __u_boot_cmd_md
fe03ee8c D __u_boot_cmd_mm
fe03eea4 D __u_boot_cmd_nm
fe03eebc D __u_boot_cmd_mw
fe03eed4 D __u_boot_cmd_cp
fe03eeec D __u_boot_cmd_cmp
fe03ef04 D __u_boot_cmd_crc32
fe03ef1c D __u_boot_cmd_base
fe03ef34 D __u_boot_cmd_loop
fe03ef4c D __u_boot_cmd_mtest
fe03ef64 D __u_boot_cmd_mii
fe03ef7c D __u_boot_cmd_sleep
fe03ef94 D __u_boot_cmd_nand
fe03efac D __u_boot_cmd_nboot
fe03efc4 D __u_boot_cmd_bootp
fe03efdc D __u_boot_cmd_tftpboot
fe03eff4 D __u_boot_cmd_rarpboot
fe03f00c D __u_boot_cmd_dhcp
fe03f024 D __u_boot_cmd_nfs
fe03f03c D __u_boot_cmd_ping
fe03f054 D __u_boot_cmd_printenv
fe03f06c D __u_boot_cmd_setenv
fe03f084 D __u_boot_cmd_saveenv
fe03f09c D __u_boot_cmd_run
fe03f0b4 D __u_boot_cmd_pci
fe03f0cc D __u_boot_cmd_version
fe03f0e4 D __u_boot_cmd_echo
fe03f0fc D __u_boot_cmd_test
fe03f114 D __u_boot_cmd_exit
fe03f12c D __u_boot_cmd_help
fe03f144 D __u_boot_cmd_question_mark
fe03f15c A __start___ex_table
fe03f15c A __stop___ex_table
fe03f15c A __u_boot_cmd_end
fe040000 A __bss_start
fe040000 A __init_begin
fe040000 A __init_end
fe040000 b mem_malloc_end
fe040004 b mem_malloc_start
fe040008 b mem_malloc_brk
fe04000c B monitor_flash_len
fe040010 b timestamp
fe040014 b decrementer_count
fe040018 B NetOurSubnetMask
fe04001c B NetOurGatewayIP
fe040020 B NetOurDNSIP
fe040024 B NetBootFileSize
fe040028 B NetServerEther
fe040030 B NetEtherNullAddr
fe040038 B NetRestartWrap
fe04003c B NetTxPacket
fe040040 b mac.3064
fe040048 b NetRestarted
fe04004c b NetDevExists
fe040050 b packetHandler
fe040054 b timeHandler
fe040058 b timeStart
fe04005c b timeDelta
fe040060 b PingSeqNo
fe040064 B NetOurIP
fe040068 B NetState
fe04006c B NetArpWaitPacketIP
fe040070 B NetArpWaitTimerStart
fe040074 B NetServerIP
fe040078 B NetArpWaitReplyIP
fe04007c B NetArpWaitPacketMAC
fe040080 B NetOurEther
fe040088 B NetIPID
fe04008c B NetArpWaitTxPacketSize
fe040090 B NetArpWaitTxPacket
fe040094 B NetArpWaitTry
fe040098 B NetPingIP
fe04009c B NetRxPktLen
fe0400a0 B NetBootFileXferSize
fe0400a4 B NetRxPkt
fe0400a8 b TftpServerPort
fe0400ac b TftpOurPort
fe0400b0 b TftpTimeoutCount
fe0400b4 b TftpBlock
fe0400b8 b TftpLastBlock
fe0400bc b TftpBlockWrap
fe0400c0 b TftpBlockWrapOffset
fe0400c4 b TftpState
fe0400c8 b tftp_filename
fe0400cc B dhcp_state
fe0400d0 B dhcp_leasetime
fe0400d4 B NetDHCPServerIP
fe0400d8 B BootpTry
fe0400dc B BootpID
fe0400e0 B RarpTry
fe0400e4 b first_failed.3021
fe0400e8 b eth_devices
fe0400ec b eth_current
fe0400f0 b rpc_id
fe0400f4 b fs_mounted
fe0400f8 b nfs_len
fe0400fc b NfsDownloadState
fe040100 b NfsServerIP
fe040104 b NfsSrvMountPort
fe040108 b NfsSrvNfsPort
fe04010c b NfsOurPort
fe040110 b NfsTimeoutCount
fe040114 b NfsState
fe040118 b nfs_filename
fe04011c b nfs_path
fe040120 b hose_head
fe040124 b relocated
fe040128 b rxIdx
fe04012c b txIdx
fe040130 b i2c_dp_last_chip
fe040134 b i2c_dp_last_addr
fe040138 b i2c_dp_last_alen
fe04013c b i2c_mm_last_chip
fe040140 b i2c_mm_last_addr
fe040144 b i2c_mm_last_alen
fe040148 b current_dev
fe04014c b current_partnum
fe040150 b initialized.3861
fe040154 B mtdids
fe04015c B devices
fe040164 b os_data_state
fe040168 b os_data_state_saved
fe04016c b os_data_count_saved
fe040170 b os_data_addr
fe040174 b os_data_addr_saved
fe040178 b bin_start_address
fe04017c b k_data_escape
fe040180 b k_data_escape_saved
fe040184 B his_eol
fe040188 B os_data_init
fe04018c B os_data_count
fe040190 B his_pad_char
fe040194 B send_ptr
fe040198 B his_quote
fe04019c B os_data_char
fe0401a0 B his_pad_count
fe0401a4 b base_address
fe0401a8 B dp_last_size
fe0401ac B mm_last_size
fe0401b0 B mm_last_addr
fe0401b4 B dp_last_addr
fe0401b8 B last_reg_hi
fe0401bc B last_data
fe0401c0 B last_addr_lo
fe0401c4 B last_reg_lo
fe0401c8 B last_op
fe0401cc B last_addr_hi
fe0401d0 b ctrlc_was_pressed
fe0401d4 b ctrlc_disabled
fe0401d8 B devlist
fe0401dc b top_pad
fe0401e0 b n_mmaps_max
fe0401e4 b max_sbrked_mem
fe0401e8 b max_total_mem
fe0401ec b top_vars
fe0401f0 b flag_repeat
fe0401f4 b do_repeat
fe0401f8 b ifs
fe0401fc B nesting_level
fe040200 B last_return_code
fe040204 b mii_devs
fe04020c b current_mii
fe040210 B ___strtok
fe040214 b fixed_lock
fe040218 b fixed_built
fe04021c b fixed_bl
fe040220 b fixed_bd
fe040224 b fixed_tl
fe040228 b fixed_td
fe04022c b nand_cache
fe040230 b current_part
fe040234 B NetOurNISDomain
fe040254 B NetOurHostName
fe040274 B NetOurRootPath
fe0402b4 b default_filename
fe0402c4 b dirfh
fe0402e4 b filefh
fe040304 b default_filename
fe040344 b nfs_path_buff
fe040b44 b ids.3158
fe040b58 b privlist
fe040b68 b rtx
fe040b98 b nand_chip
fe040c54 b last_ids
fe040cd4 b last_parts
fe040ed4 b last_partition
fe040ee4 b a_b
fe040efc B stdio_devices
fe040f08 b current_mallinfo
fe040f30 b prop.2950
fe041030 b path.2949
fe041130 b the_command.2829
fe041230 b buf.3268
fe041258 b local.2802
fe041270 b map
fe041370 b xyz
fe0417ac b fixed_mem
fe04283c b pci_hose
fe042914 b stream
fe042948 b none_oobinfo
fe042a10 b data_buf
fe043210 b oob_buf
fe043250 B PktBuf
fe045070 B NetRxPackets
fe045080 B BootFile
fe045100 B NetArpWaitPacketBuf
fe045720 B flash_info
fe045748 D _SDA_BASE_
fe045778 D _SDA2_BASE_
fe0459f4 B nand_info
fe045b3c B console_buffer
fe045c3c B header
fe045c7c B send_parms
fe045c90 B os_data_header
fe045cb0 B super
fe045cfc A _end
