00000000 A __fixup_entries
0000063f A __got2_entries
fe000040 T enable_addr_trans
fe000054 T icache_enable
fe00007c T dcache_enable
fe0000a4 T get_pvr
fe0000ac t lock_ram_in_cache
fe000100 T _start
fe000110 T _start_warm
fe000118 t boot_cold
fe000120 t boot_warm
fe00014c t in_flash
fe0001a4 T _start_of_vectors
fe000200 t MachineCheck
fe000300 t DataStorage
fe000400 t InstStorage
fe000500 t ExtInterrupt
fe000600 t Alignment
fe000700 t ProgramCheck
fe000800 t FPUnavailable
fe000900 t Decrementer
fe000a00 t Trap_0a
fe000b00 t Trap_0b
fe000c00 t SystemCall
fe000d00 t SingleStep
fe000e00 t Trap_0e
fe000f00 t Trap_0f
fe001000 t InstructionTLBMiss
fe001100 t DataLoadTLBMiss
fe001200 t DataStoreTLBMiss
fe001300 t InstructionBreakpoint
fe001400 t SMI
fe001500 t Trap_15
fe001600 t Trap_16
fe001700 t Trap_17
fe001800 t Trap_18
fe001900 t Trap_19
fe001a00 t Trap_1a
fe001b00 t Trap_1b
fe001c00 t Trap_1c
fe001d00 t Trap_1d
fe001e00 t Trap_1e
fe001f00 t Trap_1f
fe002000 t Trap_20
fe002100 t Trap_21
fe002200 t Trap_22
fe002300 t Trap_23
fe002400 t Trap_24
fe002500 t Trap_25
fe002600 t Trap_26
fe002700 t Trap_27
fe002800 t Trap_28
fe002900 t Trap_29
fe002a00 t Trap_2a
fe002b00 t Trap_2b
fe002c00 t Trap_2c
fe002d00 t Trap_2d
fe002e00 t Trap_2e
fe002f00 t Trap_2f
fe002f90 T _end_of_vectors
fe003000 T transfer_to_handler
fe003098 t int_return
fe003178 T init_e300_core
fe00325c T invalidate_bats
fe0032ac T setup_bats
fe00342c T disable_addr_trans
fe00344c T icache_disable
fe003474 T icache_status
fe003480 T dcache_disable
fe0034a8 T dcache_status
fe0034b4 T ppcDcbf
fe0034bc T ppcDcbi
fe0034c4 T ppcDcbz
fe0034cc T ppcDWstore
fe0034d8 T ppcDWload
fe0034e4 T relocate_code
fe0035e4 t in_ram
fe00363c t clear_bss
fe00366c T trap_init
fe003720 t trap_reloc
fe00373c T unlock_ram_in_cache
fe003784 t map_flash_by_law1
fe0037c4 t remap_flash_by_law0
fe00382c T dump_pci
fe003838 T addr_probe
fe00384c T show_regs
fe003938 T DebugException
fe003990 T print_backtrace
fe003a64 T SoftEmuException
fe003abc T ProgramCheckException
fe003b14 T AlignmentException
fe003b6c T MachineCheckException
fe003c58 T _exception
fe003cc8 T UnknownException
fe003d28 T cpu_init_r
fe003d38 T cpu_init_f
fe003eac T interrupt_init_cpu
fe003edc T external_interrupt
fe003ee8 T irq_install_handler
fe003ef4 T irq_free_handler
fe003f00 T timer_interrupt_cpu
fe003f0c T strcpy
fe003f28 T strncpy
fe003f50 T strcat
fe003f7c T strcmp
fe003fa0 T strlen
fe003fb8 T memset
fe004014 T bcopy
fe004024 T memmove
fe00402c T memcpy
fe0040c8 T backwards_memcpy
fe004150 T memcmp
fe004180 T memchr
fe0041ac T sbrk
fe00421c T hang
fe00424c t init_func_ram
fe0042dc t init_func_i2c
fe004338 t init_baudrate
fe0043c4 T board_init_r
fe004684 T board_init_f
fe0047b4 T strmhz
fe004858 T search_exception_table
fe004908 T init_timebase
fe004924 T ticks2usec
fe00495c T usec2ticks
fe0049c4 T udelay
fe0049ec T reset_timer
fe004a30 T get_timer
fe004a74 T set_timer
fe004ab0 T enable_interrupts
fe004acc T interrupt_init
fe004b34 T disable_interrupts
fe004b54 T timer_interrupt
fe004bb0 T get_ticks
fe004bc8 T wait_ticks
fe004bf8 t startAgainTimeout
fe004c38 t startAgainHandler
fe004c48 T NetSetHandler
fe004c84 T NetCksum
fe004cd8 T NetCksumOk
fe004d0c T NetEthHdrSize
fe004d6c T copy_filename
fe004dd0 T string_to_VLAN
fe004e28 T getenv_VLAN
fe004e4c T string_to_ip
fe004edc T getenv_IPaddr
fe004f04 T VLAN_to_string
fe004f7c T ip_to_string
fe004fd0 T print_IPaddr
fe005014 T NetSetEther
fe0050fc t NetCopyIP
fe005124 T NetSetIP
fe00524c t NetWriteIP
fe005278 t NetReadIP
fe0052ac t PingHandler
fe005304 T NetSendPacket
fe005328 T ArpRequest
fe005480 T NetReceive
fe00590c T PingSend
fe005aa8 T NetSetTimeout
fe005b08 T NetSendUDPPacket
fe005cbc t PingTimeout
fe005d04 T NetStartAgain
fe005e0c T ArpTimeoutCheck
fe005ea8 T NetLoop
fe006334 t TftpSend
fe0064a4 T TftpStart
fe00668c t TftpTimeout
fe006710 t TftpHandler
fe006978 t DhcpExtended
fe006b54 t truncate_sz
fe006bb0 t NetCopyLong
fe006bd4 t NetCopyIP
fe006bfc t DhcpOptionsProcess
fe006de8 t NetWriteIP
fe006e14 t NetReadLong
fe006e48 T BootpRequest
fe006ff8 T DhcpRequest
fe00701c t BootpCopyNetParams
fe0070e0 t DhcpHandler
fe0073f0 t BootpTimeout
fe007458 T RarpRequest
fe007570 t RarpHandler
fe0075f0 t RarpTimeout
fe007658 T eth_get_dev
fe007698 T eth_get_dev_index
fe007718 T eth_halt
fe00777c T eth_send
fe0077ec T eth_rx
fe007850 T eth_get_name
fe0078a0 T eth_get_dev_by_name
fe007920 T eth_set_current
fe0079b8 T eth_try_another
fe007a6c T eth_init
fe007b04 T eth_register
fe007bc4 T eth_set_enetaddr
fe007cac T eth_initialize
fe007f34 t NfsTimeout
fe007f7c t basename
fe007fd0 t dirname
fe00800c t rpc_lookup_reply
fe0080c8 t rpc_add_credentials
fe0081ac t rpc_req
fe0082b0 t rpc_lookup_req
fe008310 t NfsSend
fe008588 T NfsStart
fe0087b8 t NfsHandler
fe008c70 T flash_make_addr
fe008c98 t flash_get_info
fe008d04 t flash_add_byte
fe008d98 t flash_make_cmd
fe008de0 T flash_print_info
fe008ffc T flash_read_uchar
fe009020 t flash_isequal
fe0090fc t flash_isset
fe0091e4 T flash_read_long
fe00924c t flash_write_cmd
fe009314 t flash_unlock_seq
fe009390 t flash_status_check
fe009584 t flash_full_status_check
fe009704 t flash_write_cfiword
fe009938 T flash_erase
fe009b38 T flash_read_ushort
fe009b7c T flash_get_size
fe00a144 T flash_init
fe00a210 T write_buff
fe00a8d0 T pci_hose_read_config_byte
fe00a8f8 T pci_hose_read_config_word
fe00a920 T pci_hose_read_config_dword
fe00a948 T pci_hose_write_config_byte
fe00a970 T pci_hose_write_config_word
fe00a998 T pci_hose_write_config_dword
fe00a9c0 T pci_hose_read_config_byte_via_dword
fe00aa18 T pci_hose_read_config_word_via_dword
fe00aa70 T pci_hose_write_config_byte_via_dword
fe00ab00 T pci_hose_write_config_word_via_dword
fe00ab98 T pci_register_hose
fe00abec T pci_hose_config_device
fe00ad74 T pci_find_config
fe00ae18 T pci_cfgfunc_config_device
fe00ae48 T pci_cfgfunc_do_nothing
fe00ae54 T pci_init
fe00ae74 T pci_hose_scan_bus
fe00aff0 T pci_hose_scan
fe00b02c T pci_hose_bus_to_phys
fe00b104 T pci_hose_phys_to_bus
fe00b1d4 T pci_bus_to_hose
fe00b244 T pci_write_config_dword
fe00b2a0 T pci_write_config_word
fe00b2fc T pci_write_config_byte
fe00b358 T pci_read_config_dword
fe00b3c0 T pci_read_config_word
fe00b428 T pci_read_config_byte
fe00b494 T pci_find_devices
fe00b5bc T pci_find_device
fe00b608 T pciauto_region_init
fe00b61c T pciauto_region_align
fe00b640 T pciauto_region_allocate
fe00b6a0 T pciauto_config_init
fe00b7d0 T pciauto_setup_device
fe00b974 T pciauto_config_device
fe00bcc0 t calc_divisor
fe00bcf4 T _serial_setbrg
fe00bd54 T serial_setbrg
fe00bd7c T _serial_tstc
fe00bdc4 T serial_tstc
fe00bdec T _serial_getc
fe00be34 T serial_getc
fe00be5c T _serial_putc_raw
fe00beac T serial_putc_raw
fe00bed4 T _serial_putc
fe00bf58 T serial_putc
fe00bf7c T _serial_puts
fe00bfd4 T serial_puts
fe00bff8 T serial_init
fe00c068 T write_phy_reg
fe00c0ac T read_phy_reg
fe00c0f4 T mii_cr_init
fe00c11c T mii_parse_rtl8201
fe00c12c T mii_parse_cis8201
fe00c178 T mii_parse_vsc8244
fe00c1c4 T mii_parse_dm9161_scsr
fe00c1fc T mii_cis8204_fixled
fe00c254 T mii_cis8204_setmode
fe00c280 t tsec_send
fe00c35c t m88e1145_setmode
fe00c3a8 T mii_parse_lxt971_sr2
fe00c420 T mii_parse_dp83865_lanr
fe00c46c T phy_run_commands
fe00c53c t tsec_halt
fe00c5b4 T get_priv_for_phy
fe00c618 t tsec_miiphy_write
fe00c6a8 t tsec_miiphy_read
fe00c738 T get_phy_info
fe00c844 T mii_parse_88E1011_psr
fe00c97c T mii_parse_sr
fe00ca84 t tsec_init
fe00cda8 T tsec_initialize
fe00d064 t tsec_recv
fe00d16c T i2c_set_bus_num
fe00d1bc T i2c_set_bus_speed
fe00d1d0 T i2c_get_bus_num
fe00d20c T i2c_get_bus_speed
fe00d220 t i2c_wait
fe00d2d8 t __i2c_write
fe00d380 t i2c_write_addr
fe00d404 t i2c_wait4bus
fe00d48c T i2c_write
fe00d554 T i2c_reg_write
fe00d584 T i2c_init
fe00d614 T i2c_read
fe00d7bc T i2c_reg_read
fe00d7ec T i2c_probe
fe00d834 T NS16550_init
fe00d874 T NS16550_reinit
fe00d8b4 T NS16550_putc
fe00d8d0 T NS16550_getc
fe00d8ec T NS16550_tstc
fe00d904 T nand_init
fe00d9b0 t nand_release_device
fe00d9e0 t nand_write_buf
fe00da28 t nand_verify_buf
fe00da84 t nand_write_buf16
fe00dacc t nand_verify_buf16
fe00db28 t nand_check_wp
fe00db84 t single_erase_cmd
fe00dbe4 t multi_erase_cmd
fe00dca4 T nand_release
fe00dd04 t nand_prepare_oobbuf
fe00de00 t nand_block_checkbad
fe00de44 t nand_block_isbad
fe00de7c t nand_block_markbad
fe00dee8 t nand_verify_pages
fe00e124 t nand_command_lp
fe00e3c4 t nand_command
fe00e62c t nand_read_ecc
fe00ed34 t nand_read
fe00ed64 t nand_select_chip
fe00ede8 t nand_wait
fe00eee0 T nand_scan
fe00f7a0 t nand_read_byte
fe00f7c0 t nand_read_buf
fe00f808 t nand_write_byte
fe00f824 t nand_read_word
fe00f844 t nand_read_buf16
fe00f88c t nand_write_byte16
fe00f8b4 t nand_write_word
fe00f8d0 t nand_sync
fe00f8e0 T nand_erase_nand
fe00fb1c t nand_erase
fe00fb44 t nand_write_oob
fe00fd74 t nand_default_block_markbad
fe00fe20 t nand_write_ecc
fe010418 t nand_write
fe010444 t nand_read_oob
fe010640 T nand_read_raw
fe0107c4 t nand_block_bad
fe0108ec t nand_read_byte16
fe01091c T nand_calculate_ecc
fe010a68 T nand_correct_data
fe010c2c t check_pattern
fe010d28 T nand_isbad_bbt
fe010da0 t read_bbt
fe010fb0 t read_abs_bbt
fe0110ac t write_bbt
fe01167c T nand_update_bbt
fe011808 t mark_bbt_region
fe0119ac t search_bbt
fe011b80 t create_bbt
fe011d20 T nand_scan_bbt
fe012130 T nand_default_bbt
fe012234 T do_run
fe0122d0 T run_command
fe01272c t delete_char
fe012834 T readline
fe012a44 T main_loop
fe012b60 T autoscript
fe012cf4 T do_autoscript
fe012d60 t print_str
fe012dac t print_num
fe012df8 T do_bdinfo
fe012fec T do_go
fe013090 T gunzip
fe013248 t zfree
fe01326c t zalloc
fe01329c T print_image_hdr
fe013568 t do_imls
fe0136ac t image_info
fe0137b4 T do_iminfo
fe013884 T do_bootd
fe0138d8 t do_bootm_linux
fe013fbc T do_bootm
fe0144c8 T do_coninfo
fe0145b8 t cnvrt2
fe014608 T mk_date
fe01481c T do_date
fe014938 t flash_fill_sect_ranges
fe014ac8 T flash_sect_protect
fe014bc0 t addr_spec
fe014d34 t abbrev_spec
fe014ea0 T do_protect
fe015234 T flash_sect_erase
fe0152ec T do_flerase
fe015538 T do_flinfo
fe0155c4 T do_i2c_bus_speed
fe015658 T do_i2c_bus_num
fe0156ec T do_i2c_loop
fe015828 T do_i2c_probe
fe0158f0 T do_i2c_md
fe015af4 T do_i2c_crc
fe015c60 T do_i2c_mw
fe015dac t mod_i2c_mem
fe015fbc T do_i2c_nm
fe015fdc T do_i2c_mm
fe016000 T do_i2c
fe016208 t evalstr
fe01624c t evalexp
fe0162c0 T binary_test
fe0164c0 T do_itest
fe016588 t part_validate
fe0167a4 t memsize_format
fe016828 t part_delall
fe016894 T id_parse
fe01699c t memsize_parse
fe016a28 t generate_mtdparts_save
fe016ce8 t jffs2_part_info
fe016d90 t device_find
fe016e08 t index_partitions
fe016ee8 t current_save
fe016fa0 T find_dev_and_part
fe017168 t part_sort_add
fe0172c4 t device_del
fe017370 t device_parse
fe017818 t device_delall
fe0178ac t devices_init
fe017904 T mtdparts_init
fe017f58 T do_jffs2_mtdparts
fe0184d0 T do_jffs2_chpart
fe0185a4 T do_jffs2_fsinfo
fe018658 T do_jffs2_ls
fe018704 T do_jffs2_fsload
fe018884 T ktrans
fe0188b4 T chk1
fe0188ec t bin_data_init
fe018948 t bin_data_char
fe0189b4 T k_data_init
fe018a08 T k_data_save
fe018a80 T k_data_restore
fe018af8 T k_data_char
fe018b88 T send_pad
fe018be0 T s1_sendpacket
fe018c28 T handle_send_packet
fe018e6c T send_nack
fe018f08 T send_ack
fe018fa0 t getcxmodem
fe018fd4 T do_load_serial_bin
fe019580 T do_load_serial
fe019964 T do_mem_base
fe0199d0 T do_mem_crc
fe019aac T do_mem_mtest
fe019c64 T cmd_get_data_size
fe019cfc t mod_mem
fe019e94 T do_mem_nm
fe019eb4 T do_mem_mm
fe019ed8 T do_mem_loop
fe01a004 T do_mem_cp
fe01a164 T do_mem_cmp
fe01a30c T do_mem_mw
fe01a414 T do_mem_md
fe01a608 t extract_range
fe01a680 T MII_dump_0_to_5
fe01a8f4 T do_mii
fe01adb0 T do_sleep
fe01ae60 t nand_read
fe01aea0 t str2long
fe01af00 t arg_off_size
fe01b0d8 t nand_load_image
fe01b210 T do_nandboot
fe01b45c T do_nand
fe01bef4 T do_ping
fe01bfa8 t netboot_common
fe01c238 T do_nfs
fe01c24c T do_dhcp
fe01c260 T do_rarpb
fe01c274 T do_tftpb
fe01c288 T do_bootp
fe01c2a0 t envmatch
fe01c370 T getenv_r
fe01c4a0 T do_saveenv
fe01c4f8 T getenv
fe01c5c4 T _do_setenv
fe01cb1c T do_setenv
fe01cb84 T setenv
fe01cbe4 T do_printenv
fe01ce04 T pci_header_show
fe01d778 t pci_cfg_write
fe01d7cc t pci_cfg_modify
fe01d914 T pci_header_show_brief
fe01dae4 T pciinfo
fe01dc30 T do_pci
fe01e000 T find_cmd
fe01e0c0 T do_echo
fe01e168 T do_help
fe01e364 T do_version
fe01e3a8 T do_exit
fe01e3e8 T do_test
fe01e86c t console_setfile
fe01e950 T fgetc
fe01e9ac T ftstc
fe01ea08 T fputc
fe01ea64 T fputs
fe01eac0 T disable_ctrlc
fe01eb08 T had_ctrlc
fe01eb48 T clear_ctrlc
fe01eb88 T dbg
fe01eb94 T console_init_f
fe01ebb0 T console_assign
fe01ecb8 T fprintf
fe01ed44 T puts
fe01ed80 T vprintf
fe01edc8 T printf
fe01ee50 T console_init_r
fe01f020 T serial_printf
fe01f0a4 T putc
fe01f0e0 T tstc
fe01f118 T getc
fe01f154 T ctrlc
fe01f1d8 T devices_done
fe01f220 T device_register
fe01f270 T devices_init
fe01f36c T malloc_bin_reloc
fe01f3c8 T malloc_usable_size
fe01f414 T mallopt
fe01f4c0 T malloc_trim
fe01f5cc T free
fe01f850 T cfree
fe01f874 T malloc
fe01fee0 T memalign
fe02002c T pvalloc
fe020058 T valloc
fe020084 T calloc
fe0201b4 T realloc
fe02069c T env_get_char_memory
fe0206f0 T env_get_addr
fe020744 t env_get_char_init
fe020798 T env_crc_update
fe0207f4 T env_relocate
fe0208a0 T env_get_char_spec
fe0208b8 T env_relocate_spec
fe020904 T saveenv
fe020a10 T env_init
fe020a9c t dummy
fe020aa8 T get_version
fe020abc T jumptable_init
fe020bcc T flash_protect
fe020cac T addr2info
fe020d28 T flash_perror
fe020e18 T flash_write
fe020f78 T ft_finalize_tree
fe020fb8 T ft_get_prop
fe021124 T ft_backtrack_node
fe021190 T ft_add_rsvmap
fe021238 t ft_put_word
fe021298 T ft_end_tree
fe0212a8 T ft_nop
fe0212b8 T ft_end_node
fe0212cc T ft_dump_blob
fe021570 T ft_init_cxt
fe021614 t ft_put_bin
fe0216b0 T ft_prop
fe02179c T ft_prop_int
fe0217c8 T ft_prop_str
fe021814 T ft_begin_node
fe021860 T ft_setup
fe021ab8 t b_reset
fe021ae4 T simple_itoa
fe021b54 t static_get
fe021b84 t static_peek
fe021b98 t file_peek
fe021bb0 t setup_string_in_str
fe021c08 t is_assignment
fe021c90 T mapset
fe021ce4 T u_boot_hush_start
fe021d94 t xmalloc
fe021de0 T new_pipe
fe021e20 t syntax_err
fe021e5c t b_free
fe021ea8 t xrealloc
fe021ef8 t insert_var_value
fe02210c t set_local_var
fe022320 T update_ifs_map
fe0223ac t b_addchr
fe022470 t b_addqchr
fe02250c t done_command
fe0225bc t done_pipe
fe022634 t initialize_context
fe02269c t file_get
fe0228c8 T reserved_word
fe022a28 t done_word
fe022bec t free_pipe_list
fe022d20 t parse_stream_outer
fe023384 T parse_file_outer
fe0233ec T parse_string_outer
fe0234f0 t run_list_real
fe023d10 T GetHandleSize
fe023d20 T ListSetAllocationPolicy
fe023d38 T ListGetPtrToItem
fe023d7c T ListGetDataPtr
fe023d90 T ListGetItemSize
fe023da4 T ListNumItems
fe023db8 T ListGetItems
fe023e1c T SetHandleSize
fe023eb8 T ListInsertItems
fe0240ac T ListInsertItem
fe0240d0 T DisposeHandle
fe02410c T ListDispose
fe02412c T NewHandle
fe0241a4 T ListCreate
fe024210 T miiphy_init
fe024260 T miiphy_get_current_dev
fe0242b0 T miiphy_register
fe0243c4 T miiphy_listdev
fe024450 T miiphy_write
fe02450c T miiphy_read
fe0245c8 T miiphy_duplex
fe02467c T miiphy_speed
fe024730 T miiphy_reset
fe024804 T miiphy_info
fe0248b8 T miiphy_set_current_dev
fe02493c t hex1_bin
fe02498c t hex2_bin
fe0249e4 T srec_decode
fe024c44 T parse_num
fe024d84 T xyzModem_error
fe024e24 T xyzModem_stream_close
fe024e90 T CYGACC_COMM_IF_PUTC
fe024eb4 T CYGACC_COMM_IF_GETC_TIMEOUT
fe024f2c t xyzModem_flush
fe024f80 T xyzModem_stream_terminate
fe025084 t xyzModem_get_hdr
fe025350 T xyzModem_stream_read
fe025628 T xyzModem_stream_open
fe0257bc T cyg_crc16
fe025848 T crc32
fe025998 T crc32_no_comp
fe025ae0 T print_size
fe025b98 T display_options
fe025bdc T strncat
fe025c38 T strncmp
fe025c88 T strchr
fe025cbc T strnlen
fe025cf0 T strspn
fe025d3c T strpbrk
fe025d84 T strtok
fe025e3c T strsep
fe025e94 T strswab
fe025ee8 T memscan
fe025f14 T strrchr
fe025f68 T strstr
fe025ff0 T strdup
fe026048 T simple_strtoul
fe026148 T simple_strtol
fe026184 t skip_atoi
fe0261cc t number
fe026484 T panic
fe026510 T vsprintf
fe026b0c T sprintf
fe026b6c t falloc
fe026bbc t ffree
fe026bc8 t inflate_trees_free
fe026c24 t huft_build
fe0271d4 t inflate_codes_new
fe027240 t inflate_codes_free
fe027278 t inflate_blocks_reset
fe027370 T inflateEnd
fe027430 T inflateReset
fe0274a0 T inflateSync
fe0275d0 T inflateInit2
fe02774c T inflateInit
fe027770 T adler32
fe0278ec t inflate_flush
fe027ab4 T inflateIncomp
fe027c00 T inflate
fe0296f8 T board_early_init_f
fe02970c T ft_board_setup
fe029784 T checkboard
fe0297e8 T fixed_sdram
fe0298f4 T initdram
fe029980 T ft_pci_setup
fe0299e0 T pci_init_board
fe029c58 t set_addr
fe029d24 t fcm_hwcontrol
fe029d30 t fcm_enable_hwecc
fe029d3c t fcm_calculate_ecc
fe029d5c t fcm_correct_data
fe029d88 T board_nand_init
fe029f60 t fcm_write_byte
fe029fa0 t fcm_write_word
fe029fe0 t fcm_read_word
fe02a020 t fcm_write_buf
fe02a080 t fcm_scan_bbt
fe02a210 t fcm_run_command
fe02a33c t fcm_cmdfunc
fe02a770 t fcm_wait
fe02a824 t fcm_read_buf
fe02a928 t fcm_read_byte
fe02a9b0 t fcm_verify_buf
fe02aa94 T get_tbclk
fe02aab0 T ft_cpu_setup
fe02abbc T do_reset
fe02ac54 T upmconfig
fe02ac88 T checkcpu
fe02aebc T get_clocks
fe02b154 T get_bus_freq
fe02b168 T print_clock_conf
fe02b278 T flush_cache
fe02b2c4 T cramfs_check
fe02b35c t cramfs_uncompress
fe02b484 t cramfs_read_super
fe02b61c T cramfs_info
fe02b700 t cramfs_list_inode
fe02b8bc t cramfs_resolve
fe02ba6c T cramfs_ls
fe02bc4c T cramfs_load
fe02bd70 T cramfs_uncompress_exit
fe02bdb4 T cramfs_uncompress_init
fe02be2c t zfree
fe02be50 t zalloc
fe02be80 T cramfs_uncompress_block
fe02bf00 t get_fl_mem_nor
fe02bf60 T mkmodestr
fe02c0e0 t insert_node
fe02c1cc t free_nodes
fe02c214 T jffs2_free_cache
fe02c260 t put_fl_mem
fe02c2b8 t get_fl_mem_nand
fe02c478 t get_fl_mem
fe02c508 T jffs2_1pass_rescan_needed
fe02c588 t get_node_mem
fe02c660 t jffs2_get_list
fe02c980 T jffs2_1pass_info
fe02ca94 t jffs2_1pass_find_inode
fe02cbac t jffs2_1pass_search_inode
fe02ccf8 t jffs2_1pass_read_inode
fe02ce64 T jffs2_1pass_load
fe02d04c T jffs2_1pass_ls
fe02d5b8 T rtime_decompress
fe02d69c T rubin_do_decompress
fe02d798 T dynrubin_decompress
fe02d7ec T zlib_decompress
fe02d834 T cramfs_memset
fe02d864 T pull_bits
fe02d8d0 T pull_bit
fe02d918 t read_symbol
fe02d9c4 t decompress_huffman
fe02db1c t fill_code_tables
fe02dc0c t init_code_tables
fe02dc68 T decompress_block
fe02e208 T GregorianDay
fe02e2fc T to_tm
fe02e3fc T mktime
fe02e474 t bcd2bin
fe02e494 t bin2bcd
fe02e4c0 t rtc_write
fe02e4ec T rtc_reset
fe02e500 T rtc_set
fe02e5dc t rtc_read
fe02e608 T rtc_get
fe02e750 T pci_setup_indirect
fe02e7bc t indirect_read_config_byte
fe02e810 t indirect_read_config_word
fe02e868 t indirect_read_config_dword
fe02e8b8 t indirect_write_config_byte
fe02e908 t indirect_write_config_word
fe02e95c t indirect_write_config_dword
fe02e9a8 t nand_block_bad_scrub
fe02e9b8 T nand_lock
fe02ea5c T nand_unlock
fe02ebd0 T nand_get_lock_status
fe02ec9c T nand_read_opts
fe02eff8 T nand_write_opts
fe02f470 T nand_erase_opts
fe02f7bc T __ashldi3
fe02f804 T __ashrdi3
fe02f850 T __udivdi3
fe02fd5c t serial_ports
fe02fd6c t tsec_info
fe02fd9c t i2c_dev
fe02fda4 t default_nand_name
fe02fe04 t __FUNCTION__.3287
fe02fe18 t nand_ecc_precalc_table
fe02ffd0 t i2c_no_probes
fe030004 t baudrate_table
fe030028 t C.35.3000
fe03007c t crc16_tab
fe03027c t crc_table
fe0306f0 t border
fe03073c t inflate_mask
fe030780 t __FUNCTION__.2683
fe0307d0 t spinner
fe0307d4 t year_lengths.2604
fe0307dc t mon_lengths.2603
fe03083c t mon_name.2579
fe030860 t day_name.2578
fe030878 t huffman_order
fe03088c t C.23.2549
fe03b000 A _erotext
fe03b000 D _GOT2_TABLE_
fe03c8fc D _FIXUP_TABLE_
fe03c8fc D version_string
fe03c92c d nfs_offset
fe03c930 d __compound_literal.2
fe03c93c d __compound_literal.5
fe03c948 d __compound_literal.11
fe03c954 d __compound_literal.14
fe03c960 d __compound_literal.17
fe03c96c d __compound_literal.20
fe03c978 d __compound_literal.21
fe03c9c0 d __compound_literal.23
fe03c9cc d __compound_literal.27
fe03c9e4 d __compound_literal.29
fe03c9f0 d __compound_literal.8
fe03c9fc d __compound_literal.26
fe03ca08 d nand_oob_8
fe03cad0 d nand_oob_16
fe03cb98 d nand_oob_64
fe03cc60 d ffchars
fe03cca0 d bbt_pattern
fe03cca4 d mirror_pattern
fe03cca8 d scan_agand_pattern
fe03ccb0 d scan_ff_pattern
fe03ccb4 d erase_seq
fe03ccb8 d tab_seq
fe03ccc4 d i2c_dp_last_length
fe03ccc8 d do_echo
fe03cccc d trim_threshold
fe03ccd0 d mmap_threshold
fe03ccd4 d sbrk_base
fe03ccd8 D default_environment
fe03d118 D _ctype
fe03d218 d cplens
fe03d294 d cplext
fe03d310 d cpdist
fe03d388 d cpdext
fe03d400 d fixed_left
fe03d404 d fcm_oob_sp_eccm1
fe03d4cc d fcm_oob_sp_eccm0
fe03d594 d fcm_oob_lp_eccm1
fe03d65c d fcm_oob_lp_eccm0
fe03d724 D corecnf_tab
fe03d804 d nand_cache_off
fe03d808 d month_days
fe03d838 d autoplace_oobinfo
fe03d900 d jffs2_oobinfo
fe03d9c8 d yaffs_oobinfo
fe03da90 D ex_tab_message
fe03da94 D NetBcastAddr
fe03da9a D NetOurVLAN
fe03da9c D NetOurNativeVLAN
fe03daa0 D nand_curr_device
fe03daa4 D load_addr
fe03daa8 D dp_last_length
fe03daac D ShortPCIListing
fe03dab0 D env_get_char
fe03dab4 D env_name_spec
fe03dab8 D env_ptr
fe03dabc D zlib_version
fe03dac0 A _edata
fe03dac0 D init_sequence
fe03daf4 D phy_info
fe03db20 d __compound_literal.0
fe03dba4 d __compound_literal.1
fe03dbd4 d __compound_literal.3
fe03dc64 d __compound_literal.4
fe03dc94 d __compound_literal.9
fe03dcd0 d __compound_literal.10
fe03dd00 d __compound_literal.12
fe03dd30 d __compound_literal.13
fe03dd60 d __compound_literal.15
fe03dd78 d __compound_literal.16
fe03dda8 d __compound_literal.18
fe03ddc0 d __compound_literal.19
fe03ddf0 d __compound_literal.22
fe03de20 d __compound_literal.28
fe03de50 d __compound_literal.7
fe03de8c d __compound_literal.24
fe03dea4 d __compound_literal.25
fe03ded4 D desc_and_len_tbl
fe03df04 d failed
fe03df08 d mtdids_default
fe03df0c d mtdparts_default
fe03df10 d compr_names
fe03df2c d l.3593
fe03df30 D phy_info_M88E1011S
fe03df48 D phy_info_M88E1111S
fe03df60 D phy_info_cis8204
fe03df78 D phy_info_cis8201
fe03df90 D phy_info_rtl8201
fe03dfa8 D phy_info_VSC8244
fe03dfc0 D phy_info_dm9161
fe03dfd8 D phy_info_dp83865
fe03dff0 d __compound_literal.6
fe03e080 d phy_info_M88E1145
fe03e098 d phy_info_lxt971
fe03e0b0 D nand_flash_ids
fe03e5c0 D nand_manuf_ids
fe03e5f8 d bbt_main_descr
fe03e61c d bbt_mirror_descr
fe03e640 d agand_flashbased
fe03e664 d largepage_flashbased
fe03e688 d smallpage_flashbased
fe03e6ac d largepage_memorybased
fe03e6d0 d smallpage_memorybased
fe03e6f4 D weekdays
fe03e710 D op_table
fe03e778 D reg_0_5_desc_tbl
fe03e7a8 D reg_0_desc_tbl
fe03e820 D reg_1_desc_tbl
fe03e8e0 D reg_2_desc_tbl
fe03e8ec D reg_3_desc_tbl
fe03e910 D reg_4_desc_tbl
fe03e9a0 D reg_5_desc_tbl
fe03ea30 D stdio_names
fe03ea3c d av_
fe03ee44 d reserved_list
fe03eec8 D z_errmsg
fe03eee8 A __start_data
fe03eee8 d i2c_bus_num
fe03eeec A __stop_data
fe03eeec A __u_boot_cmd_start
fe03eeec D __u_boot_cmd_autoscr
fe03ef04 D __u_boot_cmd_bdinfo
fe03ef1c D __u_boot_cmd_go
fe03ef34 D __u_boot_cmd_reset
fe03ef4c D __u_boot_cmd_bootm
fe03ef64 D __u_boot_cmd_boot
fe03ef7c D __u_boot_cmd_bootd
fe03ef94 D __u_boot_cmd_iminfo
fe03efac D __u_boot_cmd_imls
fe03efc4 D __u_boot_cmd_coninfo
fe03efdc D __u_boot_cmd_date
fe03eff4 D __u_boot_cmd_flinfo
fe03f00c D __u_boot_cmd_erase
fe03f024 D __u_boot_cmd_protect
fe03f03c D __u_boot_cmd_imd
fe03f054 D __u_boot_cmd_imm
fe03f06c D __u_boot_cmd_inm
fe03f084 D __u_boot_cmd_imw
fe03f09c D __u_boot_cmd_icrc32
fe03f0b4 D __u_boot_cmd_iprobe
fe03f0cc D __u_boot_cmd_iloop
fe03f0e4 D __u_boot_cmd_i2c
fe03f0fc D __u_boot_cmd_itest
fe03f114 D __u_boot_cmd_fsload
fe03f12c D __u_boot_cmd_ls
fe03f144 D __u_boot_cmd_fsinfo
fe03f15c D __u_boot_cmd_chpart
fe03f174 D __u_boot_cmd_mtdparts
fe03f18c D __u_boot_cmd_loads
fe03f1a4 D __u_boot_cmd_loadb
fe03f1bc D __u_boot_cmd_loady
fe03f1d4 D __u_boot_cmd_md
fe03f1ec D __u_boot_cmd_mm
fe03f204 D __u_boot_cmd_nm
fe03f21c D __u_boot_cmd_mw
fe03f234 D __u_boot_cmd_cp
fe03f24c D __u_boot_cmd_cmp
fe03f264 D __u_boot_cmd_crc32
fe03f27c D __u_boot_cmd_base
fe03f294 D __u_boot_cmd_loop
fe03f2ac D __u_boot_cmd_mtest
fe03f2c4 D __u_boot_cmd_mii
fe03f2dc D __u_boot_cmd_sleep
fe03f2f4 D __u_boot_cmd_nand
fe03f30c D __u_boot_cmd_nboot
fe03f324 D __u_boot_cmd_bootp
fe03f33c D __u_boot_cmd_tftpboot
fe03f354 D __u_boot_cmd_rarpboot
fe03f36c D __u_boot_cmd_dhcp
fe03f384 D __u_boot_cmd_nfs
fe03f39c D __u_boot_cmd_ping
fe03f3b4 D __u_boot_cmd_printenv
fe03f3cc D __u_boot_cmd_setenv
fe03f3e4 D __u_boot_cmd_saveenv
fe03f3fc D __u_boot_cmd_run
fe03f414 D __u_boot_cmd_pci
fe03f42c D __u_boot_cmd_version
fe03f444 D __u_boot_cmd_echo
fe03f45c D __u_boot_cmd_test
fe03f474 D __u_boot_cmd_exit
fe03f48c D __u_boot_cmd_help
fe03f4a4 D __u_boot_cmd_question_mark
fe03f4bc A __start___ex_table
fe03f4bc A __stop___ex_table
fe03f4bc A __u_boot_cmd_end
fe040000 A __bss_start
fe040000 A __init_begin
fe040000 A __init_end
fe040000 b mem_malloc_end
fe040004 b mem_malloc_start
fe040008 b mem_malloc_brk
fe04000c B monitor_flash_len
fe040010 b timestamp
fe040014 b decrementer_count
fe040018 B NetOurSubnetMask
fe04001c B NetOurGatewayIP
fe040020 B NetOurDNSIP
fe040024 B NetBootFileSize
fe040028 B NetServerEther
fe040030 B NetEtherNullAddr
fe040038 B NetRestartWrap
fe04003c B NetTxPacket
fe040040 b mac.3065
fe040048 b NetRestarted
fe04004c b NetDevExists
fe040050 b packetHandler
fe040054 b timeHandler
fe040058 b timeStart
fe04005c b timeDelta
fe040060 b PingSeqNo
fe040064 B NetOurIP
fe040068 B NetState
fe04006c B NetArpWaitPacketIP
fe040070 B NetArpWaitTimerStart
fe040074 B NetServerIP
fe040078 B NetArpWaitReplyIP
fe04007c B NetArpWaitPacketMAC
fe040080 B NetOurEther
fe040088 B NetIPID
fe04008c B NetArpWaitTxPacketSize
fe040090 B NetArpWaitTxPacket
fe040094 B NetArpWaitTry
fe040098 B NetPingIP
fe04009c B NetRxPktLen
fe0400a0 B NetBootFileXferSize
fe0400a4 B NetRxPkt
fe0400a8 b TftpServerPort
fe0400ac b TftpOurPort
fe0400b0 b TftpTimeoutCount
fe0400b4 b TftpBlock
fe0400b8 b TftpLastBlock
fe0400bc b TftpBlockWrap
fe0400c0 b TftpBlockWrapOffset
fe0400c4 b TftpState
fe0400c8 b tftp_filename
fe0400cc B dhcp_state
fe0400d0 B dhcp_leasetime
fe0400d4 B NetDHCPServerIP
fe0400d8 B BootpTry
fe0400dc B BootpID
fe0400e0 B RarpTry
fe0400e4 b first_failed.3022
fe0400e8 b eth_devices
fe0400ec b eth_current
fe0400f0 b rpc_id
fe0400f4 b fs_mounted
fe0400f8 b nfs_len
fe0400fc b NfsDownloadState
fe040100 b NfsServerIP
fe040104 b NfsSrvMountPort
fe040108 b NfsSrvNfsPort
fe04010c b NfsOurPort
fe040110 b NfsTimeoutCount
fe040114 b NfsState
fe040118 b nfs_filename
fe04011c b nfs_path
fe040120 b hose_head
fe040124 b relocated
fe040128 b rxIdx
fe04012c b txIdx
fe040130 b i2c_dp_last_chip
fe040134 b i2c_dp_last_addr
fe040138 b i2c_dp_last_alen
fe04013c b i2c_mm_last_chip
fe040140 b i2c_mm_last_addr
fe040144 b i2c_mm_last_alen
fe040148 b current_dev
fe04014c b current_partnum
fe040150 b initialized.3862
fe040154 B mtdids
fe04015c B devices
fe040164 b os_data_state
fe040168 b os_data_state_saved
fe04016c b os_data_count_saved
fe040170 b os_data_addr
fe040174 b os_data_addr_saved
fe040178 b bin_start_address
fe04017c b k_data_escape
fe040180 b k_data_escape_saved
fe040184 B his_eol
fe040188 B os_data_init
fe04018c B os_data_count
fe040190 B his_pad_char
fe040194 B send_ptr
fe040198 B his_quote
fe04019c B os_data_char
fe0401a0 B his_pad_count
fe0401a4 b base_address
fe0401a8 B dp_last_size
fe0401ac B mm_last_size
fe0401b0 B mm_last_addr
fe0401b4 B dp_last_addr
fe0401b8 B last_reg_hi
fe0401bc B last_data
fe0401c0 B last_addr_lo
fe0401c4 B last_reg_lo
fe0401c8 B last_op
fe0401cc B last_addr_hi
fe0401d0 b ctrlc_was_pressed
fe0401d4 b ctrlc_disabled
fe0401d8 B devlist
fe0401dc b top_pad
fe0401e0 b n_mmaps_max
fe0401e4 b max_sbrked_mem
fe0401e8 b max_total_mem
fe0401ec b top_vars
fe0401f0 b flag_repeat
fe0401f4 b do_repeat
fe0401f8 b ifs
fe0401fc B nesting_level
fe040200 B last_return_code
fe040204 b mii_devs
fe04020c b current_mii
fe040210 B ___strtok
fe040214 b fixed_lock
fe040218 b fixed_built
fe04021c b fixed_bl
fe040220 b fixed_bd
fe040224 b fixed_tl
fe040228 b fixed_td
fe04022c b nand_cache
fe040230 b current_part
fe040234 B NetOurNISDomain
fe040254 B NetOurHostName
fe040274 B NetOurRootPath
fe0402b4 b default_filename
fe0402c4 b dirfh
fe0402e4 b filefh
fe040304 b default_filename
fe040344 b nfs_path_buff
fe040b44 b ids.3159
fe040b58 b privlist
fe040b68 b rtx
fe040b98 b nand_chip
fe040c54 b last_ids
fe040cd4 b last_parts
fe040ed4 b last_partition
fe040ee4 b a_b
fe040efc B stdio_devices
fe040f08 b current_mallinfo
fe040f30 b prop.2951
fe041030 b path.2950
fe041130 b the_command.2830
fe041230 b buf.3269
fe041258 b local.2803
fe041270 b map
fe041370 b xyz
fe0417ac b fixed_mem
fe04283c b pci_hose
fe042914 b stream
fe042948 b none_oobinfo
fe042a10 b data_buf
fe043210 b oob_buf
fe043250 B PktBuf
fe045070 B NetRxPackets
fe045080 B BootFile
fe045100 B NetArpWaitPacketBuf
fe045720 B flash_info
fe0459f4 B nand_info
fe045a90 D _SDA_BASE_
fe045ac0 D _SDA2_BASE_
fe045b3c B console_buffer
fe045c3c B header
fe045c7c B send_parms
fe045c90 B os_data_header
fe045cb0 B super
fe045cfc A _end
