Archive member included because of file (symbol)

cpu/mpc83xx/libmpc83xx.a(traps.o)
                              cpu/mpc83xx/start.o (DebugException)
cpu/mpc83xx/libmpc83xx.a(cpu_init.o)
                              cpu/mpc83xx/start.o (cpu_init_f)
cpu/mpc83xx/libmpc83xx.a(interrupts.o)
                              cpu/mpc83xx/start.o (external_interrupt)
lib_ppc/libppc.a(ppcstring.o)
                              cpu/mpc83xx/libmpc83xx.a(cpu_init.o) (memset)
lib_ppc/libppc.a(board.o)     cpu/mpc83xx/start.o (board_init_r)
lib_ppc/libppc.a(extable.o)   cpu/mpc83xx/libmpc83xx.a(traps.o) (search_exception_table)
lib_ppc/libppc.a(time.o)      lib_ppc/libppc.a(board.o) (init_timebase)
lib_ppc/libppc.a(interrupts.o)
                              lib_ppc/libppc.a(board.o) (set_timer)
lib_ppc/libppc.a(ticks.o)     lib_ppc/libppc.a(time.o) (wait_ticks)
net/libnet.a(net.o)           lib_ppc/libppc.a(board.o) (copy_filename)
net/libnet.a(tftp.o)          net/libnet.a(net.o) (TftpStart)
net/libnet.a(bootp.o)         net/libnet.a(net.o) (BootpTry)
net/libnet.a(rarp.o)          net/libnet.a(net.o) (RarpTry)
net/libnet.a(eth.o)           net/libnet.a(net.o) (eth_get_dev)
net/libnet.a(nfs.o)           net/libnet.a(net.o) (NfsStart)
drivers/libdrivers.a(cfi_flash.o)
                              lib_ppc/libppc.a(board.o) (flash_init)
drivers/libdrivers.a(pci.o)   lib_ppc/libppc.a(board.o) (pci_init)
drivers/libdrivers.a(pci_auto.o)
                              drivers/libdrivers.a(pci.o) (pciauto_config_init)
drivers/libdrivers.a(serial.o)
                              lib_ppc/libppc.a(board.o) (serial_init)
drivers/libdrivers.a(tsec.o)  net/libnet.a(eth.o) (tsec_initialize)
drivers/libdrivers.a(fsl_i2c.o)
                              lib_ppc/libppc.a(board.o) (i2c_init)
drivers/libdrivers.a(ns16550.o)
                              drivers/libdrivers.a(serial.o) (NS16550_init)
drivers/nand/libnand.a(nand.o)
                              lib_ppc/libppc.a(board.o) (nand_init)
drivers/nand/libnand.a(nand_base.o)
                              drivers/nand/libnand.a(nand.o) (nand_scan)
drivers/nand/libnand.a(nand_ids.o)
                              drivers/nand/libnand.a(nand_base.o) (nand_flash_ids)
drivers/nand/libnand.a(nand_ecc.o)
                              drivers/nand/libnand.a(nand_base.o) (nand_calculate_ecc)
drivers/nand/libnand.a(nand_bbt.o)
                              drivers/nand/libnand.a(nand_base.o) (nand_isbad_bbt)
common/libcommon.a(main.o)    lib_ppc/libppc.a(board.o) (main_loop)
common/libcommon.a(cmd_autoscript.o)
                              (__u_boot_cmd_autoscr)
common/libcommon.a(cmd_bdinfo.o)
                              (__u_boot_cmd_bdinfo)
common/libcommon.a(cmd_boot.o)
                              (__u_boot_cmd_go)
common/libcommon.a(cmd_bootm.o)
                              common/libcommon.a(cmd_autoscript.o) (header)
common/libcommon.a(cmd_console.o)
                              (__u_boot_cmd_coninfo)
common/libcommon.a(cmd_date.o)
                              (__u_boot_cmd_date)
common/libcommon.a(cmd_flash.o)
                              (__u_boot_cmd_flinfo)
common/libcommon.a(cmd_i2c.o)
                              (__u_boot_cmd_imd)
common/libcommon.a(cmd_itest.o)
                              (__u_boot_cmd_itest)
common/libcommon.a(cmd_jffs2.o)
                              common/libcommon.a(cmd_flash.o) (id_parse)
common/libcommon.a(cmd_load.o)
                              (__u_boot_cmd_loads)
common/libcommon.a(cmd_mem.o)
                              common/libcommon.a(cmd_i2c.o) (cmd_get_data_size)
common/libcommon.a(cmd_mii.o)
                              (__u_boot_cmd_mii)
common/libcommon.a(cmd_misc.o)
                              (__u_boot_cmd_sleep)
common/libcommon.a(cmd_nand.o)
                              (__u_boot_cmd_nand)
common/libcommon.a(cmd_net.o)
                              (__u_boot_cmd_bootp)
common/libcommon.a(cmd_nvedit.o)
                              lib_ppc/libppc.a(board.o) (getenv_r)
common/libcommon.a(cmd_pci.o)
                              (__u_boot_cmd_pci)
common/libcommon.a(command.o)
                              common/libcommon.a(main.o) (find_cmd)
common/libcommon.a(console.o)
                              cpu/mpc83xx/libmpc83xx.a(traps.o) (printf)
common/libcommon.a(devices.o)
                              common/libcommon.a(cmd_console.o) (devlist)
common/libcommon.a(dlmalloc.o)
                              lib_ppc/libppc.a(board.o) (malloc_bin_reloc)
common/libcommon.a(env_common.o)
                              common/libcommon.a(cmd_nvedit.o) (env_get_addr)
common/libcommon.a(env_flash.o)
                              common/libcommon.a(env_common.o) (env_get_char_spec)
common/libcommon.a(exports.o)
                              lib_ppc/libppc.a(board.o) (jumptable_init)
common/libcommon.a(flash.o)   drivers/libdrivers.a(cfi_flash.o) (flash_protect)
common/libcommon.a(ft_build.o)
[...]
Memory Configuration

Name             Origin             Length             Attributes
*default*        0x00000000         0xffffffff

Linker script and memory map

                0x00000094                . = SIZEOF_HEADERS

.interp
 *(.interp)

.hash
 *(.hash)

.dynsym
 *(.dynsym)

.dynstr
 *(.dynstr)

.rela.dyn

.rel.text
 *(.rel.text)

.rela.text
 *(.rela.text)

.rel.data
 *(.rel.data)

.rela.data
 *(.rela.data)

.rel.rodata
 *(.rel.rodata)

.rela.rodata
 *(.rela.rodata)

.rel.got
 *(.rel.got)

.rela.got
 *(.rela.got)

.rel.ctors
 *(.rel.ctors)

.rela.ctors
 *(.rela.ctors)

.rel.dtors
 *(.rel.dtors)

.rela.dtors
 *(.rela.dtors)

.rel.bss
 *(.rel.bss)

.rela.bss
 *(.rela.bss)

.rel.plt
 *(.rel.plt)

.rela.plt
 *(.rela.plt)

.init
 *(.init)

.plt
 *(.plt)

.text           0xfe000000    0x3a528
 cpu/mpc83xx/start.o(.text)
 .text          0xfe000000     0x382c cpu/mpc83xx/start.o
                0xfe003474                icache_status
                0xfe000040                enable_addr_trans
                0xfe000100                _start
                0xfe00325c                invalidate_bats
                0xfe000054                icache_enable
                0xfe003178                init_e300_core
                0xfe0000a4                get_pvr
                0xfe00344c                icache_disable
                0xfe002f90                _end_of_vectors
                0xfe0001a4                _start_of_vectors
                0xfe003000                transfer_to_handler
                0xfe00007c                dcache_enable
                0xfe0034bc                ppcDcbi
                0xfe0032ac                setup_bats
                0xfe00342c                disable_addr_trans
                0xfe003480                dcache_disable
                0xfe0034d8                ppcDWload
                0xfe000110                _start_warm
                0xfe00366c                trap_init
                0xfe00373c                unlock_ram_in_cache
                0xfe0034b4                ppcDcbf
                0xfe0034c4                ppcDcbz
                0xfe0034a8                dcache_status
                0xfe0034cc                ppcDWstore
                0xfe0034e4                relocate_code
 *(.text)
 .text          0xfe00382c      0x4fc cpu/mpc83xx/libmpc83xx.a(traps.o)
                0xfe00382c                dump_pci
                0xfe003abc                ProgramCheckException
                0xfe003b6c                MachineCheckException
                0xfe003b14                AlignmentException
                0xfe003c58                _exception
                0xfe00384c                show_regs
                0xfe003a64                SoftEmuException
                0xfe003cc8                UnknownException
                0xfe003838                addr_probe
                0xfe003990                print_backtrace
                0xfe003938                DebugException
 .text          0xfe003d28      0x184 cpu/mpc83xx/libmpc83xx.a(cpu_init.o)
                0xfe003d38                cpu_init_f
                0xfe003d28                cpu_init_r
 .text          0xfe003eac       0x60 cpu/mpc83xx/libmpc83xx.a(interrupts.o)
                0xfe003edc                external_interrupt
                0xfe003ef4                irq_free_handler
                0xfe003ee8                irq_install_handler
                0xfe003eac                interrupt_init_cpu
                0xfe003f00                timer_interrupt_cpu
 .text          0xfe003f0c      0x29c lib_ppc/libppc.a(ppcstring.o)
                0xfe00402c                memcpy
                0xfe004014                bcopy
                0xfe003f50                strcat
                0xfe003fa0                strlen
                0xfe0040c8                backwards_memcpy
                0xfe004024                memmove
                0xfe003f28                strncpy
                0xfe003fb8                memset
                0xfe004150                memcmp
                0xfe004180                memchr
                0xfe003f7c                strcmp
                0xfe003f0c                strcpy
 .text          0xfe0041a8      0x6ac lib_ppc/libppc.a(board.o)
                0xfe0041ac                sbrk
                0xfe0047b4                strmhz
                0xfe00421c                hang
                0xfe0043c4                board_init_r
                0xfe004684                board_init_f
 .text          0xfe004854       0xb4 lib_ppc/libppc.a(extable.o)
                0xfe004858                search_exception_table
 .text          0xfe004908       0xe0 lib_ppc/libppc.a(time.o)
                0xfe004924                ticks2usec
                0xfe004908                init_timebase
                0xfe0049c4                udelay
                0xfe00495c                usec2ticks
 .text          0xfe0049e8      0x1c8 lib_ppc/libppc.a(interrupts.o)
                0xfe004b54                timer_interrupt
                0xfe004acc                interrupt_init
                0xfe004ab0                enable_interrupts
                0xfe0049ec                reset_timer
                0xfe004a74                set_timer
                0xfe004b34                disable_interrupts
                0xfe004a30                get_timer
 .text          0xfe004bb0       0x44 lib_ppc/libppc.a(ticks.o)
                0xfe004bc8                wait_ticks
                0xfe004bb0                get_ticks
 .text          0xfe004bf4     0x173c net/libnet.a(net.o)
                0xfe004e28                getenv_VLAN
                0xfe004c48                NetSetHandler
                0xfe004c84                NetCksum
                0xfe00590c                PingSend
                0xfe004f04                VLAN_to_string
                0xfe005480                NetReceive
                0xfe005b08                NetSendUDPPacket
                0xfe005124                NetSetIP
                0xfe004d6c                copy_filename
                0xfe005014                NetSetEther
                0xfe005328                ArpRequest
                0xfe005ea8                NetLoop
                0xfe005e0c                ArpTimeoutCheck
                0xfe005304                NetSendPacket
                0xfe004fd0                print_IPaddr
                0xfe004dd0                string_to_VLAN
                0xfe004cd8                NetCksumOk
                0xfe004f7c                ip_to_string
                0xfe004e4c                string_to_ip
                0xfe004d0c                NetEthHdrSize
                0xfe005d04                NetStartAgain
                0xfe004edc                getenv_IPaddr
                0xfe005aa8                NetSetTimeout
 .text          0xfe006330      0x648 net/libnet.a(tftp.o)
                0xfe0064a4                TftpStart
 .text          0xfe006978      0xadc net/libnet.a(bootp.o)
                0xfe006e48                BootpRequest
                0xfe006ff8                DhcpRequest
 .text          0xfe007454      0x200 net/libnet.a(rarp.o)
                0xfe007458                RarpRequest
 .text          0xfe007654      0x8dc net/libnet.a(eth.o)
                0xfe007cac                eth_initialize
                0xfe007698                eth_get_dev_index
                0xfe007a6c                eth_init
                0xfe00777c                eth_send
                0xfe007850                eth_get_name
                0xfe007920                eth_set_current
                0xfe0078a0                eth_get_dev_by_name
                0xfe007658                eth_get_dev
                0xfe007718                eth_halt
                0xfe007bc4                eth_set_enetaddr
                0xfe007b04                eth_register
                0xfe0079b8                eth_try_another
                0xfe0077ec                eth_rx
 .text          0xfe007f30      0xd40 net/libnet.a(nfs.o)
                0xfe008588                NfsStart
 .text          0xfe008c70     0x1c60 drivers/libdrivers.a(cfi_flash.o)
                0xfe0091e4                flash_read_long
                0xfe009b38                flash_read_ushort
                0xfe00a144                flash_init
                0xfe008c70                flash_make_addr
                0xfe00a210                write_buff
                0xfe009938                flash_erase
                0xfe009b7c                flash_get_size
                0xfe008ffc                flash_read_uchar
                0xfe008de0                flash_print_info
 .text          0xfe00a8d0      0xd38 drivers/libdrivers.a(pci.o)
                0xfe00ae18                pci_cfgfunc_config_device
                0xfe00b02c                pci_hose_bus_to_phys
                0xfe00a9c0                pci_hose_read_config_byte_via_dword
                0xfe00a998                pci_hose_write_config_dword
                0xfe00ab98                pci_register_hose
                0xfe00b2fc                pci_write_config_byte
                0xfe00b1d4                pci_bus_to_hose
                0xfe00b244                pci_write_config_dword
                0xfe00b358                pci_read_config_dword
                0xfe00b5bc                pci_find_device
                0xfe00a970                pci_hose_write_config_word
                0xfe00b428                pci_read_config_byte
                0xfe00b2a0                pci_write_config_word
                0xfe00ae48                pci_cfgfunc_do_nothing
                0xfe00a948                pci_hose_write_config_byte
                0xfe00b3c0                pci_read_config_word
                0xfe00aa70                pci_hose_write_config_byte_via_dword
                0xfe00b104                pci_hose_phys_to_bus
                0xfe00a920                pci_hose_read_config_dword
                0xfe00a8d0                pci_hose_read_config_byte
                0xfe00aff0                pci_hose_scan
                0xfe00ae54                pci_init
                0xfe00b494                pci_find_devices
                0xfe00aa18                pci_hose_read_config_word_via_dword
                0xfe00ab00                pci_hose_write_config_word_via_dword
                0xfe00abec                pci_hose_config_device
                0xfe00ad74                pci_find_config
                0xfe00ae74                pci_hose_scan_bus
                0xfe00a8f8                pci_hose_read_config_word
 .text          0xfe00b608      0x6b8 drivers/libdrivers.a(pci_auto.o)
                0xfe00b7d0                pciauto_setup_device
                0xfe00b61c                pciauto_region_align
                0xfe00b6a0                pciauto_config_init
                0xfe00b640                pciauto_region_allocate
                0xfe00b608                pciauto_region_init
                0xfe00b974                pciauto_config_device
 .text          0xfe00bcc0      0x3a8 drivers/libdrivers.a(serial.o)
                0xfe00bd7c                _serial_tstc
                0xfe00bf7c                _serial_puts
                0xfe00bed4                _serial_putc
                0xfe00bdc4                serial_tstc
                0xfe00bfd4                serial_puts
                0xfe00be5c                _serial_putc_raw
                0xfe00bcf4                _serial_setbrg
                0xfe00beac                serial_putc_raw
                0xfe00bff8                serial_init
                0xfe00bf58                serial_putc
                0xfe00be34                serial_getc
                0xfe00bdec                _serial_getc
                0xfe00bd54                serial_setbrg
 .text          0xfe00c068     0x1100 drivers/libdrivers.a(tsec.o)
                0xfe00c0f4                mii_cr_init
                0xfe00c1c4                mii_parse_dm9161_scsr
                0xfe00c844                mii_parse_88E1011_psr
                0xfe00c12c                mii_parse_cis8201
                0xfe00c738                get_phy_info
                0xfe00c5b4                get_priv_for_phy
                0xfe00c254                mii_cis8204_setmode
                0xfe00c178                mii_parse_vsc8244
                0xfe00c420                mii_parse_dp83865_lanr
                0xfe00c11c                mii_parse_rtl8201
                0xfe00c46c                phy_run_commands
                0xfe00c068                write_phy_reg
                0xfe00c0ac                read_phy_reg
                0xfe00c1fc                mii_cis8204_fixled
                0xfe00c97c                mii_parse_sr
                0xfe00c3a8                mii_parse_lxt971_sr2
                0xfe00cda8                tsec_initialize
 .text          0xfe00d168      0x6cc drivers/libdrivers.a(fsl_i2c.o)
                0xfe00d584                i2c_init
                0xfe00d614                i2c_read
                0xfe00d554                i2c_reg_write
                0xfe00d7bc                i2c_reg_read
                0xfe00d1bc                i2c_set_bus_speed
                0xfe00d48c                i2c_write
                0xfe00d20c                i2c_get_bus_speed
                0xfe00d16c                i2c_set_bus_num
                0xfe00d7ec                i2c_probe
                0xfe00d1d0                i2c_get_bus_num
 .text          0xfe00d834       0xcc drivers/libdrivers.a(ns16550.o)
                0xfe00d834                NS16550_init
                0xfe00d8b4                NS16550_putc
                0xfe00d8d0                NS16550_getc
                0xfe00d874                NS16550_reinit
                0xfe00d8ec                NS16550_tstc
 .text          0xfe00d900       0xb0 drivers/nand/libnand.a(nand.o)
                0xfe00d904                nand_init
 .text          0xfe00d9b0     0x2f68 drivers/nand/libnand.a(nand_base.o)
                0xfe00eee0                nand_scan
                0xfe010640                nand_read_raw
                0xfe00dca4                nand_release
                0xfe00f8e0                nand_erase_nand
 .text          0xfe010918      0x314 drivers/nand/libnand.a(nand_ecc.o)
                0xfe01091c                nand_calculate_ecc
                0xfe010a68                nand_correct_data
 .text          0xfe010c2c     0x1604 drivers/nand/libnand.a(nand_bbt.o)
                0xfe010d28                nand_isbad_bbt
                0xfe012130                nand_default_bbt
                0xfe011d20                nand_scan_bbt
                0xfe01167c                nand_update_bbt
 .text          0xfe012230      0x92c common/libcommon.a(main.o)
                0xfe0122d0                run_command
                0xfe012234                do_run
                0xfe012834                readline
                0xfe012a44                main_loop
 .text          0xfe012b5c      0x200 common/libcommon.a(cmd_autoscript.o)
                0xfe012b60                autoscript
                0xfe012cf4                do_autoscript
 .text          0xfe012d5c      0x28c common/libcommon.a(cmd_bdinfo.o)
                0xfe012df8                do_bdinfo
 .text          0xfe012fe8       0xa4 common/libcommon.a(cmd_boot.o)
                0xfe012fec                do_go
 .text          0xfe01308c     0x1438 common/libcommon.a(cmd_bootm.o)
                0xfe0137b4                do_iminfo
                0xfe013fbc                do_bootm
                0xfe013884                do_bootd
                0xfe013090                gunzip
                0xfe01329c                print_image_hdr
 .text          0xfe0144c4       0xf4 common/libcommon.a(cmd_console.o)
                0xfe0144c8                do_coninfo
 .text          0xfe0145b8      0x37c common/libcommon.a(cmd_date.o)
                0xfe01481c                do_date
                0xfe014608                mk_date
 .text          0xfe014934      0xc8c common/libcommon.a(cmd_flash.o)
                0xfe015234                flash_sect_erase
                0xfe014ea0                do_protect
                0xfe015538                do_flinfo
                0xfe0152ec                do_flerase
                0xfe014ac8                flash_sect_protect
 .text          0xfe0155c0      0xc48 common/libcommon.a(cmd_i2c.o)
                0xfe0156ec                do_i2c_loop
                0xfe015658                do_i2c_bus_num
                0xfe015828                do_i2c_probe
                0xfe016000                do_i2c
                0xfe0155c4                do_i2c_bus_speed
                0xfe015c60                do_i2c_mw
                0xfe0158f0                do_i2c_md
                0xfe015af4                do_i2c_crc
                0xfe015fbc                do_i2c_nm
                0xfe015fdc                do_i2c_mm
 .text          0xfe016208      0x37c common/libcommon.a(cmd_itest.o)
                0xfe0162c0                binary_test
                0xfe0164c0                do_itest
 .text          0xfe016584     0x2300 common/libcommon.a(cmd_jffs2.o)
                0xfe016fa0                find_dev_and_part
                0xfe018704                do_jffs2_fsload
                0xfe017904                mtdparts_init
                0xfe0185a4                do_jffs2_fsinfo
                0xfe018658                do_jffs2_ls
                0xfe016894                id_parse
                0xfe017f58                do_jffs2_mtdparts
                0xfe0184d0                do_jffs2_chpart
 .text          0xfe018884     0x10dc common/libcommon.a(cmd_load.o)
                0xfe018b88                send_pad
                0xfe018af8                k_data_char
                0xfe0189b4                k_data_init
                0xfe018e6c                send_nack
                0xfe018fd4                do_load_serial_bin
                0xfe018a80                k_data_restore
                0xfe018a08                k_data_save
                0xfe018884                ktrans
                0xfe019580                do_load_serial
                0xfe0188b4                chk1
                0xfe018f08                send_ack
                0xfe018c28                handle_send_packet
                0xfe018be0                s1_sendpacket
 .text          0xfe019960      0xca8 common/libcommon.a(cmd_mem.o)
                0xfe01a164                do_mem_cmp
                0xfe01a004                do_mem_cp
                0xfe01a414                do_mem_md
                0xfe0199d0                do_mem_crc
                0xfe019eb4                do_mem_mm
                0xfe019964                do_mem_base
                0xfe019e94                do_mem_nm
                0xfe01a30c                do_mem_mw
                0xfe019ed8                do_mem_loop
                0xfe019c64                cmd_get_data_size
                0xfe019aac                do_mem_mtest
 .text          0xfe01a608      0x7a4 common/libcommon.a(cmd_mii.o)
                0xfe01a680                MII_dump_0_to_5
                0xfe01a8f4                do_mii
 .text          0xfe01adac       0xb4 common/libcommon.a(cmd_misc.o)
                0xfe01adb0                do_sleep
 .text          0xfe01ae60     0x1090 common/libcommon.a(cmd_nand.o)
                0xfe01b45c                do_nand
                0xfe01b210                do_nandboot
 .text          0xfe01bef0      0x3ac common/libcommon.a(cmd_net.o)
                0xfe01c260                do_rarpb
                0xfe01c288                do_bootp
                0xfe01bef4                do_ping
                0xfe01c274                do_tftpb
                0xfe01c24c                do_dhcp
                0xfe01c238                do_nfs
 .text          0xfe01c29c      0xb64 common/libcommon.a(cmd_nvedit.o)
                0xfe01c4f8                getenv
                0xfe01cb84                setenv
                0xfe01c5c4                _do_setenv
                0xfe01cbe4                do_printenv
                0xfe01cb1c                do_setenv
                0xfe01c4a0                do_saveenv
                0xfe01c370                getenv_r
 .text          0xfe01ce00     0x11fc common/libcommon.a(cmd_pci.o)
                0xfe01d914                pci_header_show_brief
                0xfe01dc30                do_pci
                0xfe01dae4                pciinfo
                0xfe01ce04                pci_header_show
 .text          0xfe01dffc      0x86c common/libcommon.a(command.o)
                0xfe01e3e8                do_test
                0xfe01e000                find_cmd
                0xfe01e0c0                do_echo
                0xfe01e364                do_version
                0xfe01e3a8                do_exit
                0xfe01e168                do_help
 .text          0xfe01e868      0x96c common/libcommon.a(console.o)
                0xfe01eb94                console_init_f
                0xfe01f020                serial_printf
                0xfe01eb08                had_ctrlc
                0xfe01f154                ctrlc
                0xfe01ee50                console_init_r
                0xfe01eb48                clear_ctrlc
                0xfe01e950                fgetc
                0xfe01ed80                vprintf
                0xfe01ea08                fputc
                0xfe01eac0                disable_ctrlc
                0xfe01ea64                fputs
                0xfe01ecb8                fprintf
                0xfe01eb88                dbg
                0xfe01ebb0                console_assign
                0xfe01f0e0                tstc
                0xfe01f118                getc
                0xfe01edc8                printf
                0xfe01ed44                puts
                0xfe01f0a4                putc
                0xfe01e9ac                ftstc
 .text          0xfe01f1d4      0x194 common/libcommon.a(devices.o)
                0xfe01f220                device_register
                0xfe01f270                devices_init
                0xfe01f1d8                devices_done
 .text          0xfe01f368     0x1330 common/libcommon.a(dlmalloc.o)
                0xfe01f3c8                malloc_usable_size
                0xfe01f4c0                malloc_trim
                0xfe020084                calloc
                0xfe0201b4                realloc
                0xfe01f874                malloc
                0xfe01f36c                malloc_bin_reloc
                0xfe01fee0                memalign
                0xfe01f414                mallopt
                0xfe01f850                cfree
                0xfe02002c                pvalloc
                0xfe01f5cc                free
                0xfe020058                valloc
 .text          0xfe020698      0x208 common/libcommon.a(env_common.o)
                0xfe02069c                env_get_char_memory
                0xfe0207f4                env_relocate
                0xfe0206f0                env_get_addr
                0xfe020798                env_crc_update
 .text          0xfe0208a0      0x1fc common/libcommon.a(env_flash.o)
                0xfe020904                saveenv
                0xfe0208b8                env_relocate_spec
                0xfe0208a0                env_get_char_spec
                0xfe020a10                env_init
 .text          0xfe020a9c      0x130 common/libcommon.a(exports.o)
                0xfe020abc                jumptable_init
                0xfe020aa8                get_version
 .text          0xfe020bcc      0x3ac common/libcommon.a(flash.o)
                0xfe020d28                flash_perror
                0xfe020cac                addr2info
                0xfe020bcc                flash_protect
                0xfe020e18                flash_write
 .text          0xfe020f78      0xb40 common/libcommon.a(ft_build.o)
                0xfe02179c                ft_prop_int
                0xfe0212b8                ft_end_node
                0xfe0216b0                ft_prop
                0xfe021814                ft_begin_node
                0xfe0212cc                ft_dump_blob
                0xfe021190                ft_add_rsvmap
                0xfe020fb8                ft_get_prop
                0xfe0217c8                ft_prop_str
                0xfe020f78                ft_finalize_tree
                0xfe021298                ft_end_tree
                0xfe021860                ft_setup
                0xfe021124                ft_backtrack_node
                0xfe0212a8                ft_nop
                0xfe021570                ft_init_cxt
 .text          0xfe021ab8     0x2258 common/libcommon.a(hush.o)
                0xfe021de0                new_pipe
                0xfe0228c8                reserved_word
                0xfe021c90                mapset
                0xfe022320                update_ifs_map
                0xfe0233ec                parse_string_outer
                0xfe023384                parse_file_outer
                0xfe021ae4                simple_itoa
                0xfe021ce4                u_boot_hush_start
 .text          0xfe023d10      0x4fc common/libcommon.a(lists.o)
                0xfe023d20                ListSetAllocationPolicy
                0xfe023eb8                ListInsertItems
                0xfe0240d0                DisposeHandle
                0xfe023e1c                SetHandleSize
                0xfe023d7c                ListGetDataPtr
                0xfe023db8                ListGetItems
                0xfe023d90                ListGetItemSize
                0xfe0241a4                ListCreate
                0xfe023d38                ListGetPtrToItem
                0xfe02410c                ListDispose
                0xfe023da4                ListNumItems
                0xfe0240ac                ListInsertItem
                0xfe023d10                GetHandleSize
                0xfe02412c                NewHandle
 .text          0xfe02420c      0x730 common/libcommon.a(miiphyutil.o)
                0xfe024210                miiphy_init
                0xfe024730                miiphy_reset
                0xfe024260                miiphy_get_current_dev
                0xfe024450                miiphy_write
                0xfe0242b0                miiphy_register
                0xfe0243c4                miiphy_listdev
                0xfe024804                miiphy_info
                0xfe0245c8                miiphy_duplex
                0xfe02467c                miiphy_speed
                0xfe02450c                miiphy_read
                0xfe0248b8                miiphy_set_current_dev
 .text          0xfe02493c      0x308 common/libcommon.a(s_record.o)
                0xfe0249e4                srec_decode
 .text          0xfe024c44      0xb74 common/libcommon.a(xyzModem.o)
                0xfe024d84                xyzModem_error
                0xfe024c44                parse_num
                0xfe025350                xyzModem_stream_read
                0xfe025628                xyzModem_stream_open
                0xfe024eb4                CYGACC_COMM_IF_GETC_TIMEOUT
                0xfe024e90                CYGACC_COMM_IF_PUTC
                0xfe024f80                xyzModem_stream_terminate
                0xfe024e24                xyzModem_stream_close
 .text          0xfe0257b8       0x8c common/libcommon.a(crc16.o)
                0xfe0257bc                cyg_crc16
 .text          0xfe025844      0x298 lib_generic/libgeneric.a(crc32.o)
                0xfe025998                crc32_no_comp
                0xfe025848                crc32
 .text          0xfe025adc      0x100 lib_generic/libgeneric.a(display_options.o)
                0xfe025ae0                print_size
                0xfe025b98                display_options
 .text          0xfe025bdc      0x468 lib_generic/libgeneric.a(string.o)
                0xfe025cf0                strspn
                0xfe025f14                strrchr
                0xfe025c38                strncmp
                0xfe025e3c                strsep
                0xfe025bdc                strncat
                0xfe025d84                strtok
                0xfe025cbc                strnlen
                0xfe025f68                strstr
                0xfe025e94                strswab
                0xfe025d3c                strpbrk
                0xfe025c88                strchr
                0xfe025ee8                memscan
                0xfe025ff0                strdup
 .text          0xfe026044      0xb24 lib_generic/libgeneric.a(vsprintf.o)
                0xfe026148                simple_strtol
                0xfe026510                vsprintf
                0xfe026b0c                sprintf
                0xfe026048                simple_strtoul
                0xfe026484                panic
 .text          0xfe026b68     0x2b90 lib_generic/libgeneric.a(zlib.o)
                0xfe027430                inflateReset
                0xfe027370                inflateEnd
                0xfe02774c                inflateInit
                0xfe027c00                inflate
                0xfe027ab4                inflateIncomp
                0xfe0274a0                inflateSync
                0xfe0275d0                inflateInit2
                0xfe027770                adler32
 .text          0xfe0296f8       0xf0 board/mpc8313erdb/libmpc8313erdb.a(mpc8313erdb.o)
                0xfe0296f8                board_early_init_f
                0xfe029784                checkboard
                0xfe02970c                ft_board_setup
 .text          0xfe0297e8      0x194 board/mpc8313erdb/libmpc8313erdb.a(sdram.o)
                0xfe0298f4                initdram
                0xfe0297e8                fixed_sdram
 .text          0xfe02997c      0x2dc board/mpc8313erdb/libmpc8313erdb.a(pci.o)
                0xfe0299e0                pci_init_board
                0xfe029980                ft_pci_setup
 .text          0xfe029c58      0xe3c board/mpc8313erdb/libmpc8313erdb.a(nand.o)
                0xfe029d88                board_nand_init
 .text          0xfe02aa94      0x424 cpu/mpc83xx/libmpc83xx.a(cpu.o)
                0xfe02aa94                get_tbclk
                0xfe02abbc                do_reset
                0xfe02ac88                checkcpu
                0xfe02ac54                upmconfig
                0xfe02aab0                ft_cpu_setup
 .text          0xfe02aeb8      0x3c0 cpu/mpc83xx/libmpc83xx.a(speed.o)
                0xfe02b154                get_bus_freq
                0xfe02b168                print_clock_conf
                0xfe02aebc                get_clocks
 .text          0xfe02b278       0x48 lib_ppc/libppc.a(cache.o)
                0xfe02b278                flush_cache
 .text          0xfe02b2c0      0xaac fs/cramfs/libcramfs.a(cramfs.o)
                0xfe02ba6c                cramfs_ls
                0xfe02b2c4                cramfs_check
                0xfe02bc4c                cramfs_load
                0xfe02b61c                cramfs_info
 .text          0xfe02bd6c      0x190 fs/cramfs/libcramfs.a(uncompress.o)
                0xfe02bd70                cramfs_uncompress_exit
                0xfe02be80                cramfs_uncompress_block
                0xfe02bdb4                cramfs_uncompress_init
 .text          0xfe02befc     0x16bc fs/jffs2/libjffs2.a(jffs2_1pass.o)
                0xfe02c508                jffs2_1pass_rescan_needed
                0xfe02ce64                jffs2_1pass_load
                0xfe02bf60                mkmodestr
                0xfe02c214                jffs2_free_cache
                0xfe02d04c                jffs2_1pass_ls
                0xfe02c980                jffs2_1pass_info
 .text          0xfe02d5b8       0xe4 fs/jffs2/libjffs2.a(compr_rtime.o)
                0xfe02d5b8                rtime_decompress
 .text          0xfe02d69c      0x14c fs/jffs2/libjffs2.a(compr_rubin.o)
                0xfe02d69c                rubin_do_decompress
                0xfe02d798                dynrubin_decompress
 .text          0xfe02d7e8       0x4c fs/jffs2/libjffs2.a(compr_zlib.o)
                0xfe02d7ec                zlib_decompress
 .text          0xfe02d834      0x9d0 fs/jffs2/libjffs2.a(mini_inflate.o)
                0xfe02dc68                decompress_block
                0xfe02d834                cramfs_memset
                0xfe02d8d0                pull_bit
                0xfe02d864                pull_bits
 .text          0xfe02e204      0x270 rtc/librtc.a(date.o)
                0xfe02e208                GregorianDay
                0xfe02e3fc                mktime
                0xfe02e2fc                to_tm
 .text          0xfe02e474      0x2d8 rtc/librtc.a(ds1337.o)
                0xfe02e500                rtc_set
                0xfe02e608                rtc_get
                0xfe02e4ec                rtc_reset
 .text          0xfe02e74c      0x25c drivers/libdrivers.a(pci_indirect.o)
                0xfe02e750                pci_setup_indirect
 .text          0xfe02e9a8      0xe14 drivers/nand/libnand.a(nand_util.o)
                0xfe02ec9c                nand_read_opts
                0xfe02ea5c                nand_unlock
                0xfe02ebd0                nand_get_lock_status
                0xfe02f470                nand_erase_opts
                0xfe02eff8                nand_write_opts
                0xfe02e9b8                nand_lock
 .text          0xfe02f7bc       0x48 /opt/crosstool/gcc-4.1.0-glibc-2.3.6/powerpc-603-linux-gnu/lib/gcc/powerpc-603-linux-gnu/4.1.0/nof/libgcc.a(_ashldi3.o)
                0xfe02f7bc                __ashldi3
 .text          0xfe02f804       0x4c /opt/crosstool/gcc-4.1.0-glibc-2.3.6/powerpc-603-linux-gnu/lib/gcc/powerpc-603-linux-gnu/4.1.0/nof/libgcc.a(_ashrdi3.o)
                0xfe02f804                __ashrdi3
 .text          0xfe02f850      0x490 /opt/crosstool/gcc-4.1.0-glibc-2.3.6/powerpc-603-linux-gnu/lib/gcc/powerpc-603-linux-gnu/4.1.0/nof/libgcc.a(_udivdi3.o)
                0xfe02f850                __udivdi3
 *(.fixup)
 *(.got1)
                0xfe02fce0                . = ALIGN (0x10)
 *(.rodata)
 .rodata        0xfe02fce0       0x28 net/libnet.a(net.o)
 .rodata        0xfe02fd08       0x14 net/libnet.a(tftp.o)
 .rodata        0xfe02fd1c        0x8 net/libnet.a(eth.o)
 .rodata        0xfe02fd24       0x38 net/libnet.a(nfs.o)
 .rodata        0xfe02fd5c       0x10 drivers/libdrivers.a(serial.o)
 .rodata        0xfe02fd6c       0x30 drivers/libdrivers.a(tsec.o)
 .rodata        0xfe02fd9c        0x8 drivers/libdrivers.a(fsl_i2c.o)
 .rodata        0xfe02fda4        0x8 drivers/nand/libnand.a(nand.o)
 .rodata        0xfe02fdac       0x6c drivers/nand/libnand.a(nand_base.o)
 .rodata        0xfe02fe18      0x100 drivers/nand/libnand.a(nand_ecc.o)
 .rodata        0xfe02ff18       0xb8 common/libcommon.a(cmd_bootm.o)
 .rodata        0xfe02ffd0        0x2 common/libcommon.a(cmd_i2c.o)
 *fill*         0xfe02ffd2        0x2 00
 .rodata        0xfe02ffd4       0x30 common/libcommon.a(cmd_itest.o)
 .rodata        0xfe030004       0x24 common/libcommon.a(cmd_nvedit.o)
 .rodata        0xfe030028        0xc common/libcommon.a(cmd_pci.o)
 .rodata        0xfe030034       0x28 common/libcommon.a(s_record.o)
 .rodata        0xfe03005c       0x20 common/libcommon.a(xyzModem.o)
 .rodata        0xfe03007c      0x200 common/libcommon.a(crc16.o)
 .rodata        0xfe03027c      0x400 lib_generic/libgeneric.a(crc32.o)
 .rodata        0xfe03067c      0x104 lib_generic/libgeneric.a(zlib.o)
 .rodata        0xfe030780        0xc cpu/mpc83xx/libmpc83xx.a(cpu.o)
 .rodata        0xfe03078c       0x28 cpu/mpc83xx/libmpc83xx.a(speed.o)
 .rodata        0xfe0307b4       0xc4 fs/jffs2/libjffs2.a(jffs2_1pass.o)
 .rodata        0xfe030878       0x14 fs/jffs2/libjffs2.a(mini_inflate.o)
 .rodata        0xfe03088c       0x30 rtc/librtc.a(date.o)
 *(.rodata1)
 *(.rodata.str1.4)
 .rodata.str1.4
                0xfe0308bc      0x256 cpu/mpc83xx/libmpc83xx.a(traps.o)
                                0x258 (size before relaxing)
 *fill*         0xfe030b12        0x2 00
 .rodata.str1.4
                0xfe030b14       0xb8 lib_ppc/libppc.a(board.o)
                                 0xc0 (size before relaxing)
 .rodata.str1.4
                0xfe030bcc       0x24 lib_ppc/libppc.a(extable.o)
 .rodata.str1.4
                0xfe030bf0      0x241 net/libnet.a(net.o)
                                0x244 (size before relaxing)
 *fill*         0xfe030e31        0x3 00
 .rodata.str1.4
                0xfe030e34      0x1c5 net/libnet.a(tftp.o)
                                0x1e8 (size before relaxing)
 *fill*         0xfe030ff9        0x3 00
 .rodata.str1.4
                0xfe030ffc      0x115 net/libnet.a(bootp.o)
                                0x14c (size before relaxing)
 *fill*         0xfe031111        0x3 00
 .rodata.str1.4
                0xfe031114       0x13 net/libnet.a(rarp.o)
                                 0x4c (size before relaxing)
 *fill*         0xfe031127        0x1 00
 .rodata.str1.4
                0xfe031128       0xfa net/libnet.a(eth.o)
                                0x10c (size before relaxing)
 *fill*         0xfe031222        0x2 00
 .rodata.str1.4
                0xfe031224      0x101 net/libnet.a(nfs.o)
                                0x1a0 (size before relaxing)
 *fill*         0xfe031325        0x3 00
 .rodata.str1.4
                0xfe031328      0x34d drivers/libdrivers.a(cfi_flash.o)
                                0x358 (size before relaxing)
 *fill*         0xfe031675        0x3 00
 .rodata.str1.4
                0xfe031678       0x7e drivers/libdrivers.a(pci.o)
                                 0x80 (size before relaxing)
 *fill*         0xfe0316f6        0x2 00
 .rodata.str1.4
                0xfe0316f8      0x377 drivers/libdrivers.a(tsec.o)
                                0x380 (size before relaxing)
 *fill*         0xfe031a6f        0x1 00
 .rodata.str1.4
                0xfe031a70        0x9 drivers/nand/libnand.a(nand.o)
                                  0xc (size before relaxing)
 *fill*         0xfe031a79        0x3 00
 .rodata.str1.4
                0xfe031a7c      0x367 drivers/nand/libnand.a(nand_base.o)
                                0x368 (size before relaxing)
 *fill*         0xfe031de3        0x1 00
 .rodata.str1.4
                0xfe031de4      0x43c drivers/nand/libnand.a(nand_ids.o)
 .rodata.str1.4
                0xfe032220      0x308 drivers/nand/libnand.a(nand_bbt.o)
 .rodata.str1.4
                0xfe032528       0xe0 common/libcommon.a(main.o)
                                 0xe4 (size before relaxing)
 .rodata.str1.4
                0xfe032608       0xf7 common/libcommon.a(cmd_autoscript.o)
                                 0xf8 (size before relaxing)
 *fill*         0xfe0326ff        0x1 00
 .rodata.str1.4
                0xfe032700      0x10e common/libcommon.a(cmd_bdinfo.o)
                                0x110 (size before relaxing)
 *fill*         0xfe03280e        0x2 00
 .rodata.str1.4
                0xfe032810      0x10c common/libcommon.a(cmd_boot.o)
                                0x118 (size before relaxing)
 .rodata.str1.4
                0xfe03291c      0xcaf common/libcommon.a(cmd_bootm.o)
                                0xce4 (size before relaxing)
 *fill*         0xfe0335cb        0x1 00
 .rodata.str1.4
                0xfe0335cc       0x6d common/libcommon.a(cmd_console.o)
                                 0x74 (size before relaxing)
 *fill*         0xfe033639        0x3 00
 .rodata.str1.4
                0xfe03363c      0x16c common/libcommon.a(cmd_date.o)
                                0x180 (size before relaxing)
 .rodata.str1.4
                0xfe0337a8      0x888 common/libcommon.a(cmd_flash.o)
                                0x8c4 (size before relaxing)
 .rodata.str1.4
                0xfe034030      0x743 common/libcommon.a(cmd_i2c.o)
                                0x75c (size before relaxing)
 *fill*         0xfe034773        0x1 00
 .rodata.str1.4
                0xfe034774       0xcb common/libcommon.a(cmd_itest.o)
                                 0xdc (size before relaxing)
 *fill*         0xfe03483f        0x1 00
 .rodata.str1.4
                0xfe034840      0xf86 common/libcommon.a(cmd_jffs2.o)
                                0xfd0 (size before relaxing)
 *fill*         0xfe0357c6        0x2 00
 .rodata.str1.4
                0xfe0357c8      0x393 common/libcommon.a(cmd_load.o)
                                0x3b4 (size before relaxing)
 *fill*         0xfe035b5b        0x1 00
 .rodata.str1.4
                0xfe035b5c      0x656 common/libcommon.a(cmd_mem.o)
                                0x6a4 (size before relaxing)
 *fill*         0xfe0361b2        0x2 00
 .rodata.str1.4
                0xfe0361b4      0x7bc common/libcommon.a(cmd_mii.o)
                                0x7e8 (size before relaxing)
 .rodata.str1.4
                0xfe036970       0x70 common/libcommon.a(cmd_misc.o)
                                 0x7c (size before relaxing)
 .rodata.str1.4
                0xfe0369e0      0x91d common/libcommon.a(cmd_nand.o)
                                0x964 (size before relaxing)
 *fill*         0xfe0372fd        0x3 00
 .rodata.str1.4
                0xfe037300      0x265 common/libcommon.a(cmd_net.o)
                                0x2bc (size before relaxing)
 *fill*         0xfe037565        0x3 00
 .rodata.str1.4
                0xfe037568      0x323 common/libcommon.a(cmd_nvedit.o)
                                0x3bc (size before relaxing)
 *fill*         0xfe03788b        0x1 00
 .rodata.str1.4
                0xfe03788c      0xde0 common/libcommon.a(cmd_pci.o)
                                0xe18 (size before relaxing)
 .rodata.str1.4
                0xfe03866c      0x324 common/libcommon.a(command.o)
                                0x34c (size before relaxing)
 .rodata.str1.4
                0xfe038990       0x75 common/libcommon.a(console.o)
                                 0x7c (size before relaxing)
 *fill*         0xfe038a05        0x3 00
 .rodata.str1.4
                0xfe038a08       0x2f common/libcommon.a(devices.o)
                                 0x48 (size before relaxing)
 *fill*         0xfe038a37        0x1 00
 .rodata.str1.4
                0xfe038a38       0x33 common/libcommon.a(env_common.o)
                                 0x34 (size before relaxing)
 *fill*         0xfe038a6b        0x1 00
 .rodata.str1.4
                0xfe038a6c       0x32 common/libcommon.a(env_flash.o)
                                 0x3c (size before relaxing)
 *fill*         0xfe038a9e        0x2 00
 .rodata.str1.4
                0xfe038aa0      0x120 common/libcommon.a(flash.o)
 .rodata.str1.4
                0xfe038bc0      0x180 common/libcommon.a(ft_build.o)
                                0x1a4 (size before relaxing)
 .rodata.str1.4
                0xfe038d40      0x185 common/libcommon.a(hush.o)
                                0x1e8 (size before relaxing)
 *fill*         0xfe038ec5        0x3 00
 .rodata.str1.4
                0xfe038ec8      0x189 common/libcommon.a(miiphyutil.o)
                                0x190 (size before relaxing)
 *fill*         0xfe039051        0x3 00
 .rodata.str1.4
                0xfe039054       0xf1 common/libcommon.a(xyzModem.o)
                                 0xf8 (size before relaxing)
 *fill*         0xfe039145        0x3 00
 .rodata.str1.4
                0xfe039148       0x1f lib_generic/libgeneric.a(display_options.o)
                                 0x20 (size before relaxing)
 *fill*         0xfe039167        0x1 00
 .rodata.str1.4
                0xfe039168       0x57 lib_generic/libgeneric.a(vsprintf.o)
                                 0x58 (size before relaxing)
 *fill*         0xfe0391bf        0x1 00
 .rodata.str1.4
                0xfe0391c0      0x20f lib_generic/libgeneric.a(zlib.o)
                                0x214 (size before relaxing)
 *fill*         0xfe0393cf        0x1 00
 .rodata.str1.4
                0xfe0393d0       0x2a board/mpc8313erdb/libmpc8313erdb.a(mpc8313erdb.o)
                                 0x2c (size before relaxing)
 *fill*         0xfe0393fa        0x2 00
 .rodata.str1.4
                0xfe0393fc       0x1d board/mpc8313erdb/libmpc8313erdb.a(sdram.o)
                                 0x20 (size before relaxing)
 *fill*         0xfe039419        0x3 00
 .rodata.str1.4
                0xfe03941c       0x25 board/mpc8313erdb/libmpc8313erdb.a(pci.o)
                                 0x28 (size before relaxing)
 *fill*         0xfe039441        0x3 00
 .rodata.str1.4
                0xfe039444      0x1a2 board/mpc8313erdb/libmpc8313erdb.a(nand.o)
                                0x1a4 (size before relaxing)
 *fill*         0xfe0395e6        0x2 00
 .rodata.str1.4
                0xfe0395e8      0x215 cpu/mpc83xx/libmpc83xx.a(cpu.o)
                                0x21c (size before relaxing)
 *fill*         0xfe0397fd        0x3 00
 .rodata.str1.4
                0xfe039800      0x198 cpu/mpc83xx/libmpc83xx.a(speed.o)
 .rodata.str1.4
                0xfe039998      0x1ac fs/cramfs/libcramfs.a(cramfs.o)
                                0x1b4 (size before relaxing)
 .rodata.str1.4
                0xfe039b44        0x0 fs/cramfs/libcramfs.a(uncompress.o)
                                 0x24 (size before relaxing)
 .rodata.str1.4
                0xfe039b44      0x42c fs/jffs2/libjffs2.a(jffs2_1pass.o)
                                0x450 (size before relaxing)
 .rodata.str1.4
                0xfe039f70       0x29 rtc/librtc.a(ds1337.o)
                                 0x2c (size before relaxing)
 *fill*         0xfe039f99        0x3 00
 .rodata.str1.4
                0xfe039f9c      0x556 drivers/nand/libnand.a(nand_util.o)
                                0x55c (size before relaxing)
 *(.eh_frame)
 *fill*         0xfe03a4f2        0x2 00
 .eh_frame      0xfe03a4f4       0x34 /opt/crosstool/gcc-4.1.0-glibc-2.3.6/powerpc-603-linux-gnu/lib/gcc/powerpc-603-linux-gnu/4.1.0/nof/libgcc.a(_udivdi3.o)

.fini
 *(.fini)

.ctors
 *(.ctors)

.dtors
 *(.dtors)
                0xfe03b000                . = ((. + 0xfff) & 0xfffff000)
                0xfe03b000                _erotext = .
                0xfe03b000                PROVIDE (erotext, .)

.reloc          0xfe03b000     0x18fc
 *(.got)
                0xfe03b000                _GOT2_TABLE_ = .
 *(.got2)
 .got2          0xfe03b000       0x24 cpu/mpc83xx/start.o
 .got2          0xfe03b024       0x4c cpu/mpc83xx/libmpc83xx.a(traps.o)
 .got2          0xfe03b070       0x78 lib_ppc/libppc.a(board.o)
 .got2          0xfe03b0e8       0x10 lib_ppc/libppc.a(extable.o)
 .got2          0xfe03b0f8        0x8 lib_ppc/libppc.a(interrupts.o)
 .got2          0xfe03b100      0x130 net/libnet.a(net.o)
 .got2          0xfe03b230       0xc0 net/libnet.a(tftp.o)
 .got2          0xfe03b2f0       0x88 net/libnet.a(bootp.o)
 .got2          0xfe03b378       0x30 net/libnet.a(rarp.o)
 .got2          0xfe03b3a8       0x4c net/libnet.a(eth.o)
 .got2          0xfe03b3f4       0xc8 net/libnet.a(nfs.o)
 .got2          0xfe03b4bc       0x90 drivers/libdrivers.a(cfi_flash.o)
 .got2          0xfe03b54c       0x1c drivers/libdrivers.a(pci.o)
 .got2          0xfe03b568        0x4 drivers/libdrivers.a(serial.o)
 .got2          0xfe03b56c       0x8c drivers/libdrivers.a(tsec.o)
 .got2          0xfe03b5f8        0x8 drivers/libdrivers.a(fsl_i2c.o)
 .got2          0xfe03b600       0x14 drivers/nand/libnand.a(nand.o)
 .got2          0xfe03b614       0xfc drivers/nand/libnand.a(nand_base.o)
 .got2          0xfe03b710        0x4 drivers/nand/libnand.a(nand_ecc.o)
 .got2          0xfe03b714       0x60 drivers/nand/libnand.a(nand_bbt.o)
 .got2          0xfe03b774       0x3c common/libcommon.a(main.o)
 .got2          0xfe03b7b0       0x20 common/libcommon.a(cmd_autoscript.o)
 .got2          0xfe03b7d0       0x44 common/libcommon.a(cmd_bdinfo.o)
 .got2          0xfe03b814        0xc common/libcommon.a(cmd_boot.o)
 .got2          0xfe03b820      0x1ac common/libcommon.a(cmd_bootm.o)
 .got2          0xfe03b9cc       0x18 common/libcommon.a(cmd_console.o)
 .got2          0xfe03b9e4       0x1c common/libcommon.a(cmd_date.o)
 .got2          0xfe03ba00       0x80 common/libcommon.a(cmd_flash.o)
 .got2          0xfe03ba80       0xb0 common/libcommon.a(cmd_i2c.o)
 .got2          0xfe03bb30       0x1c common/libcommon.a(cmd_itest.o)
 .got2          0xfe03bb4c      0x194 common/libcommon.a(cmd_jffs2.o)
 .got2          0xfe03bce0       0xac common/libcommon.a(cmd_load.o)
 .got2          0xfe03bd8c       0x90 common/libcommon.a(cmd_mem.o)
 .got2          0xfe03be1c       0x94 common/libcommon.a(cmd_mii.o)
 .got2          0xfe03beb0        0x4 common/libcommon.a(cmd_misc.o)
 .got2          0xfe03beb4      0x128 common/libcommon.a(cmd_nand.o)
 .got2          0xfe03bfdc       0x68 common/libcommon.a(cmd_net.o)
 .got2          0xfe03c044       0x68 common/libcommon.a(cmd_nvedit.o)
 .got2          0xfe03c0ac      0x17c common/libcommon.a(cmd_pci.o)
 .got2          0xfe03c228       0x54 common/libcommon.a(command.o)
 .got2          0xfe03c27c       0x34 common/libcommon.a(console.o)
 .got2          0xfe03c2b0       0x20 common/libcommon.a(devices.o)
 .got2          0xfe03c2d0       0x28 common/libcommon.a(dlmalloc.o)
 .got2          0xfe03c2f8       0x14 common/libcommon.a(env_common.o)
 .got2          0xfe03c30c       0x14 common/libcommon.a(env_flash.o)
 .got2          0xfe03c320       0x34 common/libcommon.a(exports.o)
 .got2          0xfe03c354       0x2c common/libcommon.a(flash.o)
 .got2          0xfe03c380       0x80 common/libcommon.a(ft_build.o)
 .got2          0xfe03c400       0xa4 common/libcommon.a(hush.o)
 .got2          0xfe03c4a4       0x3c common/libcommon.a(miiphyutil.o)
 .got2          0xfe03c4e0        0x4 common/libcommon.a(s_record.o)
 .got2          0xfe03c4e4       0x44 common/libcommon.a(xyzModem.o)
 .got2          0xfe03c528        0x4 common/libcommon.a(crc16.o)
 .got2          0xfe03c52c        0x4 lib_generic/libgeneric.a(crc32.o)
 .got2          0xfe03c530       0x14 lib_generic/libgeneric.a(display_options.o)
 .got2          0xfe03c544        0x4 lib_generic/libgeneric.a(string.o)
 .got2          0xfe03c548       0x10 lib_generic/libgeneric.a(vsprintf.o)
 .got2          0xfe03c558       0x8c lib_generic/libgeneric.a(zlib.o)
 .got2          0xfe03c5e4        0x8 board/mpc8313erdb/libmpc8313erdb.a(mpc8313erdb.o)
 .got2          0xfe03c5ec        0x8 board/mpc8313erdb/libmpc8313erdb.a(sdram.o)
 .got2          0xfe03c5f4        0x8 board/mpc8313erdb/libmpc8313erdb.a(pci.o)
 .got2          0xfe03c5fc       0x70 board/mpc8313erdb/libmpc8313erdb.a(nand.o)
 .got2          0xfe03c66c       0x60 cpu/mpc83xx/libmpc83xx.a(cpu.o)
 .got2          0xfe03c6cc       0x3c cpu/mpc83xx/libmpc83xx.a(speed.o)
 .got2          0xfe03c708       0x5c fs/cramfs/libcramfs.a(cramfs.o)
 .got2          0xfe03c764       0x10 fs/cramfs/libcramfs.a(uncompress.o)
 .got2          0xfe03c774       0xc4 fs/jffs2/libjffs2.a(jffs2_1pass.o)
 .got2          0xfe03c838        0x4 fs/jffs2/libjffs2.a(compr_zlib.o)
 .got2          0xfe03c83c        0x4 fs/jffs2/libjffs2.a(mini_inflate.o)
 .got2          0xfe03c840        0x8 rtc/librtc.a(date.o)
 .got2          0xfe03c848        0x4 rtc/librtc.a(ds1337.o)
 .got2          0xfe03c84c       0x18 drivers/libdrivers.a(pci_indirect.o)
 .got2          0xfe03c864       0x98 drivers/nand/libnand.a(nand_util.o)
                0xfe03c8fc                _FIXUP_TABLE_ = .
 *(.fixup)
                0x0000063f                __got2_entries = ((_FIXUP_TABLE_ - _GOT2_TABLE_) >> 0x2)
                0x00000000                __fixup_entries = ((. - _FIXUP_TABLE_) >> 0x2)

.data           0xfe03c8fc     0x11c4
 *(.data)
 .data          0xfe03c8fc       0x2e cpu/mpc83xx/start.o
                0xfe03c8fc                version_string
 *fill*         0xfe03c92a        0x2 00
 .data          0xfe03c92c        0x4 net/libnet.a(nfs.o)
 .data          0xfe03c930       0xd8 drivers/libdrivers.a(tsec.o)
 .data          0xfe03ca08      0x298 drivers/nand/libnand.a(nand_base.o)
 .data          0xfe03cca0       0x14 drivers/nand/libnand.a(nand_bbt.o)
 .data          0xfe03ccb4       0x10 common/libcommon.a(main.o)
 .data          0xfe03ccc4        0x4 common/libcommon.a(cmd_i2c.o)
 .data          0xfe03ccc8        0x4 common/libcommon.a(cmd_load.o)
 .data          0xfe03cccc        0xc common/libcommon.a(dlmalloc.o)
 .data          0xfe03ccd8      0x440 common/libcommon.a(env_common.o)
                0xfe03ccd8                default_environment
 .data          0xfe03d118      0x100 lib_generic/libgeneric.a(ctype.o)
                0xfe03d118                _ctype
 .data          0xfe03d218      0x1ec lib_generic/libgeneric.a(zlib.o)
 .data          0xfe03d404      0x320 board/mpc8313erdb/libmpc8313erdb.a(nand.o)
 .data          0xfe03d724       0xe0 cpu/mpc83xx/libmpc83xx.a(speed.o)
                0xfe03d724                corecnf_tab
 .data          0xfe03d804        0x4 fs/jffs2/libjffs2.a(jffs2_1pass.o)
 .data          0xfe03d808       0x30 rtc/librtc.a(date.o)
 .data          0xfe03d838      0x258 drivers/nand/libnand.a(nand_util.o)
 *(.data1)
 *(.sdata)
 .sdata         0xfe03da90        0x4 lib_ppc/libppc.a(extable.o)
                0xfe03da90                ex_tab_message
 .sdata         0xfe03da94        0xc net/libnet.a(net.o)
                0xfe03da9a                NetOurVLAN
                0xfe03da9c                NetOurNativeVLAN
                0xfe03da94                NetBcastAddr
 .sdata         0xfe03daa0        0x4 drivers/nand/libnand.a(nand.o)
                0xfe03daa0                nand_curr_device
 .sdata         0xfe03daa4        0x4 common/libcommon.a(cmd_bootm.o)
                0xfe03daa4                load_addr
 .sdata         0xfe03daa8        0x4 common/libcommon.a(cmd_mem.o)
                0xfe03daa8                dp_last_length
 .sdata         0xfe03daac        0x1 common/libcommon.a(cmd_pci.o)
                0xfe03daac                ShortPCIListing
 *fill*         0xfe03daad        0x3 00
 .sdata         0xfe03dab0        0x4 common/libcommon.a(env_common.o)
                0xfe03dab0                env_get_char
 .sdata         0xfe03dab4        0x8 common/libcommon.a(env_flash.o)
                0xfe03dab4                env_name_spec
                0xfe03dab8                env_ptr
 .sdata         0xfe03dabc        0x4 lib_generic/libgeneric.a(zlib.o)
                0xfe03dabc                zlib_version
 *(.sdata2)
 *(.dynamic)
                0xfe03dac0                _edata = .
                0xfe03dac0                PROVIDE (edata, .)

.data.rel       0xfe03dac0      0x444
 .data.rel      0xfe03dac0       0x34 lib_ppc/libppc.a(board.o)
                0xfe03dac0                init_sequence
 .data.rel      0xfe03daf4      0x3e0 drivers/libdrivers.a(tsec.o)
                0xfe03daf4                phy_info
 .data.rel      0xfe03ded4       0x30 common/libcommon.a(cmd_mii.o)
                0xfe03ded4                desc_and_len_tbl

.data.rel.ro.local
                0xfe03df04       0x2c
 .data.rel.ro.local
                0xfe03df04        0x4 lib_ppc/libppc.a(board.o)
 .data.rel.ro.local
                0xfe03df08        0x8 common/libcommon.a(cmd_jffs2.o)
 .data.rel.ro.local
                0xfe03df10       0x20 fs/jffs2/libjffs2.a(jffs2_1pass.o)

.data.rel.local
                0xfe03df30      0xfb8
 .data.rel.local
                0xfe03df30      0x180 drivers/libdrivers.a(tsec.o)
                0xfe03df90                phy_info_rtl8201
                0xfe03dfa8                phy_info_VSC8244
                0xfe03df30                phy_info_M88E1011S
                0xfe03df78                phy_info_cis8201
                0xfe03df48                phy_info_M88E1111S
                0xfe03df60                phy_info_cis8204
                0xfe03dfc0                phy_info_dm9161
                0xfe03dfd8                phy_info_dp83865
 .data.rel.local
                0xfe03e0b0      0x548 drivers/nand/libnand.a(nand_ids.o)
                0xfe03e5c0                nand_manuf_ids
                0xfe03e0b0                nand_flash_ids
 .data.rel.local
                0xfe03e5f8       0xfc drivers/nand/libnand.a(nand_bbt.o)
 .data.rel.local
                0xfe03e6f4       0x1c common/libcommon.a(cmd_date.o)
                0xfe03e6f4                weekdays
 .data.rel.local
                0xfe03e710       0x68 common/libcommon.a(cmd_itest.o)
                0xfe03e710                op_table
 .data.rel.local
                0xfe03e778      0x2b8 common/libcommon.a(cmd_mii.o)
                0xfe03e778                reg_0_5_desc_tbl
                0xfe03e7a8                reg_0_desc_tbl
                0xfe03e9a0                reg_5_desc_tbl
                0xfe03e910                reg_4_desc_tbl
                0xfe03e8e0                reg_2_desc_tbl
                0xfe03e820                reg_1_desc_tbl
                0xfe03e8ec                reg_3_desc_tbl
 .data.rel.local
                0xfe03ea30        0xc common/libcommon.a(devices.o)
                0xfe03ea30                stdio_names
 .data.rel.local
                0xfe03ea3c      0x408 common/libcommon.a(dlmalloc.o)
 .data.rel.local
                0xfe03ee44       0x84 common/libcommon.a(hush.o)
 .data.rel.local
                0xfe03eec8       0x20 lib_generic/libgeneric.a(zlib.o)
                0xfe03eec8                z_errmsg
                0xfe03eee8                . = ALIGN (0x4)
                0xfe03eee8                __start_data = .

data            0xfe03eee8        0x4
 data           0xfe03eee8        0x4 drivers/libdrivers.a(fsl_i2c.o)
                0xfe03eeec                __stop_data = .
                0xfe03eeec                . = .
                0xfe03eeec                __u_boot_cmd_start = .

.u_boot_cmd     0xfe03eeec      0x5d0
 *(.u_boot_cmd)
 .u_boot_cmd    0xfe03eeec       0x18 common/libcommon.a(cmd_autoscript.o)
                0xfe03eeec                __u_boot_cmd_autoscr
 .u_boot_cmd    0xfe03ef04       0x18 common/libcommon.a(cmd_bdinfo.o)
                0xfe03ef04                __u_boot_cmd_bdinfo
 .u_boot_cmd    0xfe03ef1c       0x30 common/libcommon.a(cmd_boot.o)
                0xfe03ef34                __u_boot_cmd_reset
                0xfe03ef1c                __u_boot_cmd_go
 .u_boot_cmd    0xfe03ef4c       0x78 common/libcommon.a(cmd_bootm.o)
                0xfe03ef4c                __u_boot_cmd_bootm
                0xfe03ef94                __u_boot_cmd_iminfo
                0xfe03efac                __u_boot_cmd_imls
                0xfe03ef7c                __u_boot_cmd_bootd
                0xfe03ef64                __u_boot_cmd_boot
 .u_boot_cmd    0xfe03efc4       0x18 common/libcommon.a(cmd_console.o)
                0xfe03efc4                __u_boot_cmd_coninfo
 .u_boot_cmd    0xfe03efdc       0x18 common/libcommon.a(cmd_date.o)
                0xfe03efdc                __u_boot_cmd_date
 .u_boot_cmd    0xfe03eff4       0x48 common/libcommon.a(cmd_flash.o)
                0xfe03eff4                __u_boot_cmd_flinfo
                0xfe03f024                __u_boot_cmd_protect
                0xfe03f00c                __u_boot_cmd_erase
 .u_boot_cmd    0xfe03f03c       0xc0 common/libcommon.a(cmd_i2c.o)
                0xfe03f06c                __u_boot_cmd_inm
                0xfe03f084                __u_boot_cmd_imw
                0xfe03f0e4                __u_boot_cmd_i2c
                0xfe03f0b4                __u_boot_cmd_iprobe
                0xfe03f0cc                __u_boot_cmd_iloop
                0xfe03f054                __u_boot_cmd_imm
                0xfe03f09c                __u_boot_cmd_icrc32
                0xfe03f03c                __u_boot_cmd_imd
 .u_boot_cmd    0xfe03f0fc       0x18 common/libcommon.a(cmd_itest.o)
                0xfe03f0fc                __u_boot_cmd_itest
 .u_boot_cmd    0xfe03f114       0x78 common/libcommon.a(cmd_jffs2.o)
                0xfe03f144                __u_boot_cmd_fsinfo
                0xfe03f15c                __u_boot_cmd_chpart
                0xfe03f174                __u_boot_cmd_mtdparts
                0xfe03f12c                __u_boot_cmd_ls
                0xfe03f114                __u_boot_cmd_fsload
 .u_boot_cmd    0xfe03f18c       0x48 common/libcommon.a(cmd_load.o)
                0xfe03f1bc                __u_boot_cmd_loady
                0xfe03f18c                __u_boot_cmd_loads
                0xfe03f1a4                __u_boot_cmd_loadb
 .u_boot_cmd    0xfe03f1d4       0xf0 common/libcommon.a(cmd_mem.o)
                0xfe03f1ec                __u_boot_cmd_mm
                0xfe03f234                __u_boot_cmd_cp
                0xfe03f294                __u_boot_cmd_loop
                0xfe03f27c                __u_boot_cmd_base
                0xfe03f21c                __u_boot_cmd_mw
                0xfe03f24c                __u_boot_cmd_cmp
                0xfe03f204                __u_boot_cmd_nm
                0xfe03f2ac                __u_boot_cmd_mtest
                0xfe03f264                __u_boot_cmd_crc32
                0xfe03f1d4                __u_boot_cmd_md
 .u_boot_cmd    0xfe03f2c4       0x18 common/libcommon.a(cmd_mii.o)
                0xfe03f2c4                __u_boot_cmd_mii
 .u_boot_cmd    0xfe03f2dc       0x18 common/libcommon.a(cmd_misc.o)
                0xfe03f2dc                __u_boot_cmd_sleep
 .u_boot_cmd    0xfe03f2f4       0x30 common/libcommon.a(cmd_nand.o)
                0xfe03f2f4                __u_boot_cmd_nand
                0xfe03f30c                __u_boot_cmd_nboot
 .u_boot_cmd    0xfe03f324       0x90 common/libcommon.a(cmd_net.o)
                0xfe03f39c                __u_boot_cmd_ping
                0xfe03f384                __u_boot_cmd_nfs
                0xfe03f354                __u_boot_cmd_rarpboot
                0xfe03f324                __u_boot_cmd_bootp
                0xfe03f36c                __u_boot_cmd_dhcp
                0xfe03f33c                __u_boot_cmd_tftpboot
 .u_boot_cmd    0xfe03f3b4       0x60 common/libcommon.a(cmd_nvedit.o)
                0xfe03f3cc                __u_boot_cmd_setenv
                0xfe03f3b4                __u_boot_cmd_printenv
                0xfe03f3e4                __u_boot_cmd_saveenv
                0xfe03f3fc                __u_boot_cmd_run
 .u_boot_cmd    0xfe03f414       0x18 common/libcommon.a(cmd_pci.o)
                0xfe03f414                __u_boot_cmd_pci
 .u_boot_cmd    0xfe03f42c       0x90 common/libcommon.a(command.o)
                0xfe03f42c                __u_boot_cmd_version
                0xfe03f444                __u_boot_cmd_echo
                0xfe03f48c                __u_boot_cmd_help
                0xfe03f474                __u_boot_cmd_exit
                0xfe03f45c                __u_boot_cmd_test
                0xfe03f4a4                __u_boot_cmd_question_mark
                0xfe03f4bc                __u_boot_cmd_end = .
                0xfe03f4bc                . = .
                0xfe03f4bc                __start___ex_table = .

__ex_table
 *(__ex_table)
                0xfe03f4bc                __stop___ex_table = .
                0xfe040000                . = ALIGN (0x1000)
                0xfe040000                __init_begin = .

.text.init
 *(.text.init)

.data.init
 *(.data.init)
                0xfe040000                . = ALIGN (0x1000)
                0xfe040000                __init_end = .
                0xfe040000                __bss_start = .

.bss            0xfe040000     0x5cfc
 *(.sbss)
 .sbss          0xfe040000        0xc lib_ppc/libppc.a(board.o)
 .sbss          0xfe04000c        0x4 lib_ppc/libppc.a(board.o)
                0xfe04000c                monitor_flash_len
 .sbss          0xfe040010        0x8 lib_ppc/libppc.a(interrupts.o)
 .sbss          0xfe040018       0x90 net/libnet.a(net.o)
                0xfe040020                NetOurDNSIP
                0xfe040064                NetOurIP
                0xfe04001c                NetOurGatewayIP
                0xfe040038                NetRestartWrap
                0xfe04003c                NetTxPacket
                0xfe040028                NetServerEther
                0xfe040068                NetState
                0xfe040018                NetOurSubnetMask
                0xfe04006c                NetArpWaitPacketIP
                0xfe040070                NetArpWaitTimerStart
                0xfe040074                NetServerIP
                0xfe040030                NetEtherNullAddr
                0xfe040078                NetArpWaitReplyIP
                0xfe04007c                NetArpWaitPacketMAC
                0xfe040080                NetOurEther
                0xfe040088                NetIPID
                0xfe04008c                NetArpWaitTxPacketSize
                0xfe040090                NetArpWaitTxPacket
                0xfe040024                NetBootFileSize
                0xfe040094                NetArpWaitTry
                0xfe040098                NetPingIP
                0xfe04009c                NetRxPktLen
                0xfe0400a0                NetBootFileXferSize
                0xfe0400a4                NetRxPkt
 .sbss          0xfe0400a8       0x24 net/libnet.a(tftp.o)
 .sbss          0xfe0400cc       0x14 net/libnet.a(bootp.o)
                0xfe0400d8                BootpTry
                0xfe0400cc                dhcp_state
                0xfe0400dc                BootpID
                0xfe0400d0                dhcp_leasetime
                0xfe0400d4                NetDHCPServerIP
 .sbss          0xfe0400e0        0x4 net/libnet.a(rarp.o)
                0xfe0400e0                RarpTry
 .sbss          0xfe0400e4        0xc net/libnet.a(eth.o)
 .sbss          0xfe0400f0       0x30 net/libnet.a(nfs.o)
 .sbss          0xfe040120        0x4 drivers/libdrivers.a(pci.o)
 .sbss          0xfe040124        0xc drivers/libdrivers.a(tsec.o)
 .sbss          0xfe040130       0x18 common/libcommon.a(cmd_i2c.o)
 .sbss          0xfe040148       0x1c common/libcommon.a(cmd_jffs2.o)
                0xfe040154                mtdids
                0xfe04015c                devices
 .sbss          0xfe040164       0x40 common/libcommon.a(cmd_load.o)
                0xfe040184                his_eol
                0xfe040188                os_data_init
                0xfe04018c                os_data_count
                0xfe040190                his_pad_char
                0xfe040194                send_ptr
                0xfe040198                his_quote
                0xfe04019c                os_data_char
                0xfe0401a0                his_pad_count
 .sbss          0xfe0401a4       0x14 common/libcommon.a(cmd_mem.o)
                0xfe0401a8                dp_last_size
                0xfe0401ac                mm_last_size
                0xfe0401b0                mm_last_addr
                0xfe0401b4                dp_last_addr
 .sbss          0xfe0401b8       0x18 common/libcommon.a(cmd_mii.o)
                0xfe0401b8                last_reg_hi
                0xfe0401bc                last_data
                0xfe0401c0                last_addr_lo
                0xfe0401c4                last_reg_lo
                0xfe0401c8                last_op
                0xfe0401cc                last_addr_hi
 .sbss          0xfe0401d0        0x8 common/libcommon.a(console.o)
 .sbss          0xfe0401d8        0x4 common/libcommon.a(devices.o)
                0xfe0401d8                devlist
 .sbss          0xfe0401dc       0x10 common/libcommon.a(dlmalloc.o)
 .sbss          0xfe0401ec       0x18 common/libcommon.a(hush.o)
                0xfe0401fc                nesting_level
                0xfe040200                last_return_code
 .sbss          0xfe040204        0xc common/libcommon.a(miiphyutil.o)
 .sbss          0xfe040210        0x4 lib_generic/libgeneric.a(string.o)
                0xfe040210                ___strtok
 .sbss          0xfe040214       0x18 lib_generic/libgeneric.a(zlib.o)
 .sbss          0xfe04022c        0x8 fs/jffs2/libjffs2.a(jffs2_1pass.o)
 *(.scommon)
 *(.dynbss)
 *(.bss)
 .bss           0xfe040234       0x80 net/libnet.a(net.o)
                0xfe040254                NetOurHostName
                0xfe040234                NetOurNISDomain
                0xfe040274                NetOurRootPath
 .bss           0xfe0402b4       0x10 net/libnet.a(tftp.o)
 .bss           0xfe0402c4      0x880 net/libnet.a(nfs.o)
 .bss           0xfe040b44       0x10 drivers/libdrivers.a(pci.o)
 *fill*         0xfe040b54        0x4 00
 .bss           0xfe040b58       0x40 drivers/libdrivers.a(tsec.o)
 .bss           0xfe040b98       0xbc drivers/nand/libnand.a(nand.o)
 .bss           0xfe040c54      0x290 common/libcommon.a(cmd_jffs2.o)
 .bss           0xfe040ee4       0x18 common/libcommon.a(cmd_load.o)
 .bss           0xfe040efc        0xc common/libcommon.a(devices.o)
                0xfe040efc                stdio_devices
 .bss           0xfe040f08       0x28 common/libcommon.a(dlmalloc.o)
 .bss           0xfe040f30      0x200 common/libcommon.a(ft_build.o)
 .bss           0xfe041130      0x240 common/libcommon.a(hush.o)
 .bss           0xfe041370      0x43c common/libcommon.a(xyzModem.o)
 .bss           0xfe0417ac     0x1090 lib_generic/libgeneric.a(zlib.o)
 .bss           0xfe04283c       0xd8 board/mpc8313erdb/libmpc8313erdb.a(pci.o)
 .bss           0xfe042914       0x34 fs/cramfs/libcramfs.a(uncompress.o)
 .bss           0xfe042948      0x908 drivers/nand/libnand.a(nand_util.o)
 *(COMMON)
 COMMON         0xfe043250     0x24d0 net/libnet.a(net.o)
                0xfe043250                PktBuf
                0xfe045070                NetRxPackets
                0xfe045080                BootFile
                0xfe045100                NetArpWaitPacketBuf
 COMMON         0xfe045720      0x2d4 drivers/libdrivers.a(cfi_flash.o)
                0xfe045720                flash_info
 COMMON         0xfe0459f4      0x148 drivers/nand/libnand.a(nand.o)
                0xfe0459f4                nand_info
 COMMON         0xfe045b3c      0x100 common/libcommon.a(main.o)
                0xfe045b3c                console_buffer
 COMMON         0xfe045c3c       0x40 common/libcommon.a(cmd_bootm.o)
                0xfe045c3c                header
 COMMON         0xfe045c7c       0x34 common/libcommon.a(cmd_load.o)
                0xfe045c7c                send_parms
                0xfe045c90                os_data_header
 COMMON         0xfe045cb0       0x4c fs/cramfs/libcramfs.a(cramfs.o)
                0xfe045cb0                super
                0xfe045cfc                _end = .
                0xfe045cfc                PROVIDE (end, .)
Address of section .text set to 0xfe000000
LOAD cpu/mpc83xx/start.o
START GROUP
LOAD lib_generic/libgeneric.a
LOAD board/mpc8313erdb/libmpc8313erdb.a
LOAD cpu/mpc83xx/libmpc83xx.a
LOAD lib_ppc/libppc.a
LOAD fs/cramfs/libcramfs.a
LOAD fs/fat/libfat.a
LOAD fs/fdos/libfdos.a
LOAD fs/jffs2/libjffs2.a
LOAD fs/reiserfs/libreiserfs.a
LOAD fs/ext2/libext2fs.a
LOAD net/libnet.a
LOAD disk/libdisk.a
LOAD rtc/librtc.a
LOAD dtt/libdtt.a
LOAD drivers/libdrivers.a
LOAD drivers/nand/libnand.a
LOAD drivers/nand_legacy/libnand_legacy.a
LOAD drivers/qe/qe.a
LOAD drivers/sk98lin/libsk98lin.a
LOAD post/libpost.a
LOAD post/cpu/libcpu.a
LOAD common/libcommon.a
END GROUP
LOAD /opt/crosstool/gcc-4.1.0-glibc-2.3.6/powerpc-603-linux-gnu/lib/gcc/powerpc-603-linux-gnu/4.1.0/nof/libgcc.a
OUTPUT(u-boot elf32-powerpc)

.stab           0x00000000    0x5c7b4
 .stab          0x00000000     0x1ca4 cpu/mpc83xx/start.o
 .stab          0x00001ca4     0x11f4 cpu/mpc83xx/libmpc83xx.a(traps.o)
                               0x1200 (size before relaxing)
 .stab          0x00002e98      0x600 cpu/mpc83xx/libmpc83xx.a(cpu_init.o)
                                0xe88 (size before relaxing)
 .stab          0x00003498      0x3f0 cpu/mpc83xx/libmpc83xx.a(interrupts.o)
                                0xccc (size before relaxing)
 .stab          0x00003888      0x7ec lib_ppc/libppc.a(ppcstring.o)
                                0x7f8 (size before relaxing)
 .stab          0x00004074      0xf78 lib_ppc/libppc.a(board.o)
                               0x1830 (size before relaxing)
 .stab          0x00004fec      0x354 lib_ppc/libppc.a(extable.o)
                                0xbdc (size before relaxing)
 .stab          0x00005340      0x3b4 lib_ppc/libppc.a(time.o)
                                0xc3c (size before relaxing)
 .stab          0x000056f4      0x5c4 lib_ppc/libppc.a(interrupts.o)
                                0xe70 (size before relaxing)
 .stab          0x00005cb8       0xe4 lib_ppc/libppc.a(ticks.o)
                                 0xf0 (size before relaxing)
 .stab          0x00005d9c     0x2c28 net/libnet.a(net.o)
                               0x34e0 (size before relaxing)
 .stab          0x000089c4      0xb64 net/libnet.a(tftp.o)
                               0x14f4 (size before relaxing)
 .stab          0x00009528     0x16ec net/libnet.a(bootp.o)
                               0x2094 (size before relaxing)
 .stab          0x0000ac14      0x528 net/libnet.a(rarp.o)
                                0xed0 (size before relaxing)
 .stab          0x0000b13c      0xe10 net/libnet.a(eth.o)
                               0x1770 (size before relaxing)
 .stab          0x0000bf4c     0x1938 net/libnet.a(nfs.o)
                               0x22f8 (size before relaxing)
 .stab          0x0000d884     0x258c drivers/libdrivers.a(cfi_flash.o)
                               0x2e5c (size before relaxing)
 .stab          0x0000fe10     0x17b8 drivers/libdrivers.a(pci.o)
                               0x2094 (size before relaxing)
 .stab          0x000115c8      0xc54 drivers/libdrivers.a(pci_auto.o)
                               0x1524 (size before relaxing)
 .stab          0x0001221c      0x978 drivers/libdrivers.a(serial.o)
                               0x1200 (size before relaxing)
 .stab          0x00012b94     0x28d4 drivers/libdrivers.a(tsec.o)
                               0x324c (size before relaxing)
 .stab          0x00015468      0xffc drivers/libdrivers.a(fsl_i2c.o)
                               0x18b4 (size before relaxing)
 .stab          0x00016464      0x45c drivers/libdrivers.a(ns16550.o)
                                0x48c (size before relaxing)
 .stab          0x000168c0      0x4c8 drivers/nand/libnand.a(nand.o)
                                0xd50 (size before relaxing)
 .stab          0x00016d88     0x5718 drivers/nand/libnand.a(nand_base.o)
                               0x6084 (size before relaxing)
 .stab          0x0001c4a0      0x1f8 drivers/nand/libnand.a(nand_ids.o)
                                0xb4c (size before relaxing)
 .stab          0x0001c698      0x954 drivers/nand/libnand.a(nand_ecc.o)
                               0x1254 (size before relaxing)
 .stab          0x0001cfec     0x2370 drivers/nand/libnand.a(nand_bbt.o)
                               0x2cdc (size before relaxing)
 .stab          0x0001f35c      0xfb4 common/libcommon.a(main.o)
                               0x186c (size before relaxing)
 .stab          0x00020310      0x504 common/libcommon.a(cmd_autoscript.o)
                                0xdd4 (size before relaxing)
 .stab          0x00020814      0x588 common/libcommon.a(cmd_bdinfo.o)
                                0xee8 (size before relaxing)
 .stab          0x00020d9c      0x36c common/libcommon.a(cmd_boot.o)
                                0xccc (size before relaxing)
 .stab          0x00021108     0x22ec common/libcommon.a(cmd_bootm.o)
                               0x2c04 (size before relaxing)
 .stab          0x000233f4      0x354 common/libcommon.a(cmd_console.o)
                                0xc90 (size before relaxing)
 .stab          0x00023748      0x6c0 common/libcommon.a(cmd_date.o)
                                0xf90 (size before relaxing)
 .stab          0x00023e08     0x14dc common/libcommon.a(cmd_flash.o)
                               0x1e24 (size before relaxing)
 .stab          0x000252e4     0x16c8 common/libcommon.a(cmd_i2c.o)
                               0x1f80 (size before relaxing)
 .stab          0x000269ac      0x72c common/libcommon.a(cmd_itest.o)
                                0xfe4 (size before relaxing)
 .stab          0x000270d8     0x4d34 common/libcommon.a(cmd_jffs2.o)
                               0x57c0 (size before relaxing)
 .stab          0x0002be0c     0x24f0 common/libcommon.a(cmd_load.o)
                               0x2e50 (size before relaxing)
 .stab          0x0002e2fc     0x19ec common/libcommon.a(cmd_mem.o)
                               0x22a4 (size before relaxing)
 .stab          0x0002fce8      0xed0 common/libcommon.a(cmd_mii.o)
                               0x1830 (size before relaxing)
 .stab          0x00030bb8      0x324 common/libcommon.a(cmd_misc.o)
                                0xbdc (size before relaxing)
 .stab          0x00030edc     0x16d4 common/libcommon.a(cmd_nand.o)
                               0x2160 (size before relaxing)
 .stab          0x000325b0      0x9f0 common/libcommon.a(cmd_net.o)
                               0x1368 (size before relaxing)
 .stab          0x00032fa0     0x1158 common/libcommon.a(cmd_nvedit.o)
                               0x1a34 (size before relaxing)
 .stab          0x000340f8     0x14d0 common/libcommon.a(cmd_pci.o)
                               0x1df4 (size before relaxing)
 .stab          0x000355c8      0xd74 common/libcommon.a(command.o)
                               0x162c (size before relaxing)
 .stab          0x0003633c     0x12cc common/libcommon.a(console.o)
                               0x1c08 (size before relaxing)
 .stab          0x00037608      0x480 common/libcommon.a(devices.o)
                                0xda4 (size before relaxing)
 .stab          0x00037a88     0x28ec common/libcommon.a(dlmalloc.o)
                               0x2988 (size before relaxing)
 .stab          0x0003a374      0x5a0 common/libcommon.a(env_common.o)
                                0xe94 (size before relaxing)
 .stab          0x0003a914      0x51c common/libcommon.a(env_flash.o)
                                0xe10 (size before relaxing)
 .stab          0x0003ae30      0x4b0 common/libcommon.a(exports.o)
                                0xd50 (size before relaxing)
 .stab          0x0003b2e0      0x8e8 common/libcommon.a(flash.o)
                               0x1170 (size before relaxing)
 .stab          0x0003bbc8     0x192c common/libcommon.a(ft_build.o)
                               0x2214 (size before relaxing)
 .stab          0x0003d4f4     0x4614 common/libcommon.a(hush.o)
                               0x4ecc (size before relaxing)
 .stab          0x00041b08      0xc90 common/libcommon.a(lists.o)
                               0x1590 (size before relaxing)
 .stab          0x00042798      0xea0 common/libcommon.a(miiphyutil.o)
                               0x180c (size before relaxing)
 .stab          0x00043638      0x6e4 common/libcommon.a(s_record.o)
                                0xf6c (size before relaxing)
 .stab          0x00043d1c     0x11f4 common/libcommon.a(xyzModem.o)
                               0x1aa0 (size before relaxing)
 .stab          0x00044f10      0x1f8 common/libcommon.a(crc16.o)
                                0x660 (size before relaxing)
 .stab          0x00045108      0x36c lib_generic/libgeneric.a(crc32.o)
                                0xcc0 (size before relaxing)
 .stab          0x00045474       0xf0 lib_generic/libgeneric.a(ctype.o)
                                 0xfc (size before relaxing)
 .stab          0x00045564      0x378 lib_generic/libgeneric.a(display_options.o)
                                0xc00 (size before relaxing)
 .stab          0x000458dc      0xc3c lib_generic/libgeneric.a(string.o)
                               0x10bc (size before relaxing)
 .stab          0x00046518     0x1524 lib_generic/libgeneric.a(vsprintf.o)
                               0x15fc (size before relaxing)
 .stab          0x00047a3c     0x6324 lib_generic/libgeneric.a(zlib.o)
                               0x6450 (size before relaxing)
 .stab          0x0004dd60      0x51c board/mpc8313erdb/libmpc8313erdb.a(mpc8313erdb.o)
                                0xedc (size before relaxing)
 .stab          0x0004e27c      0x5e8 board/mpc8313erdb/libmpc8313erdb.a(sdram.o)
                               0x1008 (size before relaxing)
 .stab          0x0004e864     0x11d0 board/mpc8313erdb/libmpc8313erdb.a(pci.o)
                               0x129c (size before relaxing)
 .stab          0x0004fa34     0x1b3c board/mpc8313erdb/libmpc8313erdb.a(nand.o)
                               0x2508 (size before relaxing)
 .stab          0x00051570      0x7a4 cpu/mpc83xx/libmpc83xx.a(cpu.o)
                               0x10a4 (size before relaxing)
 .stab          0x00051d14      0x750 cpu/mpc83xx/libmpc83xx.a(speed.o)
                                0xffc (size before relaxing)
 .stab          0x00052464      0x2c4 lib_ppc/libppc.a(cache.o)
                                0xb4c (size before relaxing)
 .stab          0x00052728     0x1824 fs/cramfs/libcramfs.a(cramfs.o)
                               0x2184 (size before relaxing)
 .stab          0x00053f4c      0x558 fs/cramfs/libcramfs.a(uncompress.o)
                                0xec4 (size before relaxing)
 .stab          0x000544a4     0x31e0 fs/jffs2/libjffs2.a(jffs2_1pass.o)
                               0x3c54 (size before relaxing)
 .stab          0x00057684      0x2dc fs/jffs2/libjffs2.a(compr_rtime.o)
                                0x438 (size before relaxing)
 .stab          0x00057960      0x48c fs/jffs2/libjffs2.a(compr_rubin.o)
                                0x618 (size before relaxing)
 .stab          0x00057dec      0x2a0 fs/jffs2/libjffs2.a(compr_zlib.o)
                                0xbb8 (size before relaxing)
 .stab          0x0005808c     0x1680 fs/jffs2/libjffs2.a(mini_inflate.o)
                               0x168c (size before relaxing)
 .stab          0x0005970c      0x618 rtc/librtc.a(date.o)
                                0xee8 (size before relaxing)
 .stab          0x00059d24      0x7c8 rtc/librtc.a(ds1337.o)
                               0x1098 (size before relaxing)
 .stab          0x0005a4ec      0xb1c drivers/libdrivers.a(pci_indirect.o)
                               0x1410 (size before relaxing)
 .stab          0x0005b008     0x17ac drivers/nand/libnand.a(nand_util.o)
                               0x2238 (size before relaxing)

.stabstr        0x00000000    0x259f4
 .stabstr       0x00000000    0x259f4 cpu/mpc83xx/start.o

.comment        0x00000000      0x60c
 .comment       0x00000000       0x12 cpu/mpc83xx/libmpc83xx.a(traps.o)
 .comment       0x00000012       0x12 cpu/mpc83xx/libmpc83xx.a(cpu_init.o)
 .comment       0x00000024       0x12 cpu/mpc83xx/libmpc83xx.a(interrupts.o)
 .comment       0x00000036       0x12 lib_ppc/libppc.a(board.o)
 .comment       0x00000048       0x12 lib_ppc/libppc.a(extable.o)
 .comment       0x0000005a       0x12 lib_ppc/libppc.a(time.o)
 .comment       0x0000006c       0x12 lib_ppc/libppc.a(interrupts.o)
 .comment       0x0000007e       0x12 net/libnet.a(net.o)
 .comment       0x00000090       0x12 net/libnet.a(tftp.o)
 .comment       0x000000a2       0x12 net/libnet.a(bootp.o)
 .comment       0x000000b4       0x12 net/libnet.a(rarp.o)
 .comment       0x000000c6       0x12 net/libnet.a(eth.o)
 .comment       0x000000d8       0x12 net/libnet.a(nfs.o)
 .comment       0x000000ea       0x12 drivers/libdrivers.a(cfi_flash.o)
 .comment       0x000000fc       0x12 drivers/libdrivers.a(pci.o)
 .comment       0x0000010e       0x12 drivers/libdrivers.a(pci_auto.o)
 .comment       0x00000120       0x12 drivers/libdrivers.a(serial.o)
 .comment       0x00000132       0x12 drivers/libdrivers.a(tsec.o)
 .comment       0x00000144       0x12 drivers/libdrivers.a(fsl_i2c.o)
 .comment       0x00000156       0x12 drivers/libdrivers.a(ns16550.o)
 .comment       0x00000168       0x12 drivers/nand/libnand.a(nand.o)
 .comment       0x0000017a       0x12 drivers/nand/libnand.a(nand_base.o)
 .comment       0x0000018c       0x12 drivers/nand/libnand.a(nand_ids.o)
 .comment       0x0000019e       0x12 drivers/nand/libnand.a(nand_ecc.o)
 .comment       0x000001b0       0x12 drivers/nand/libnand.a(nand_bbt.o)
 .comment       0x000001c2       0x12 common/libcommon.a(main.o)
 .comment       0x000001d4       0x12 common/libcommon.a(cmd_autoscript.o)
 .comment       0x000001e6       0x12 common/libcommon.a(cmd_bdinfo.o)
 .comment       0x000001f8       0x12 common/libcommon.a(cmd_boot.o)
 .comment       0x0000020a       0x12 common/libcommon.a(cmd_bootm.o)
 .comment       0x0000021c       0x12 common/libcommon.a(cmd_console.o)
 .comment       0x0000022e       0x12 common/libcommon.a(cmd_date.o)
 .comment       0x00000240       0x12 common/libcommon.a(cmd_flash.o)
 .comment       0x00000252       0x12 common/libcommon.a(cmd_i2c.o)
 .comment       0x00000264       0x12 common/libcommon.a(cmd_itest.o)
 .comment       0x00000276       0x12 common/libcommon.a(cmd_jffs2.o)
 .comment       0x00000288       0x12 common/libcommon.a(cmd_load.o)
 .comment       0x0000029a       0x12 common/libcommon.a(cmd_mem.o)
 .comment       0x000002ac       0x12 common/libcommon.a(cmd_mii.o)
 .comment       0x000002be       0x12 common/libcommon.a(cmd_misc.o)
 .comment       0x000002d0       0x12 common/libcommon.a(cmd_nand.o)
 .comment       0x000002e2       0x12 common/libcommon.a(cmd_net.o)
 .comment       0x000002f4       0x12 common/libcommon.a(cmd_nvedit.o)
 .comment       0x00000306       0x12 common/libcommon.a(cmd_pci.o)
 .comment       0x00000318       0x12 common/libcommon.a(command.o)
 .comment       0x0000032a       0x12 common/libcommon.a(console.o)
 .comment       0x0000033c       0x12 common/libcommon.a(devices.o)
 .comment       0x0000034e       0x12 common/libcommon.a(dlmalloc.o)
 .comment       0x00000360       0x12 common/libcommon.a(env_common.o)
 .comment       0x00000372       0x12 common/libcommon.a(env_flash.o)
 .comment       0x00000384       0x12 common/libcommon.a(exports.o)
 .comment       0x00000396       0x12 common/libcommon.a(flash.o)
 .comment       0x000003a8       0x12 common/libcommon.a(ft_build.o)
 .comment       0x000003ba       0x12 common/libcommon.a(hush.o)
 .comment       0x000003cc       0x12 common/libcommon.a(lists.o)
 .comment       0x000003de       0x12 common/libcommon.a(miiphyutil.o)
 .comment       0x000003f0       0x12 common/libcommon.a(s_record.o)
 .comment       0x00000402       0x12 common/libcommon.a(xyzModem.o)
 .comment       0x00000414       0x12 common/libcommon.a(crc16.o)
 .comment       0x00000426       0x12 lib_generic/libgeneric.a(crc32.o)
 .comment       0x00000438       0x12 lib_generic/libgeneric.a(ctype.o)
 .comment       0x0000044a       0x12 lib_generic/libgeneric.a(display_options.o)
 .comment       0x0000045c       0x12 lib_generic/libgeneric.a(string.o)
 .comment       0x0000046e       0x12 lib_generic/libgeneric.a(vsprintf.o)
 .comment       0x00000480       0x12 lib_generic/libgeneric.a(zlib.o)
 .comment       0x00000492       0x12 board/mpc8313erdb/libmpc8313erdb.a(mpc8313erdb.o)
 .comment       0x000004a4       0x12 board/mpc8313erdb/libmpc8313erdb.a(sdram.o)
 .comment       0x000004b6       0x12 board/mpc8313erdb/libmpc8313erdb.a(pci.o)
 .comment       0x000004c8       0x12 board/mpc8313erdb/libmpc8313erdb.a(nand.o)
 .comment       0x000004da       0x12 cpu/mpc83xx/libmpc83xx.a(cpu.o)
 .comment       0x000004ec       0x12 cpu/mpc83xx/libmpc83xx.a(speed.o)
 .comment       0x000004fe       0x12 lib_ppc/libppc.a(cache.o)
 .comment       0x00000510       0x12 fs/cramfs/libcramfs.a(cramfs.o)
 .comment       0x00000522       0x12 fs/cramfs/libcramfs.a(uncompress.o)
 .comment       0x00000534       0x12 fs/jffs2/libjffs2.a(jffs2_1pass.o)
 .comment       0x00000546       0x12 fs/jffs2/libjffs2.a(compr_rtime.o)
 .comment       0x00000558       0x12 fs/jffs2/libjffs2.a(compr_rubin.o)
 .comment       0x0000056a       0x12 fs/jffs2/libjffs2.a(compr_zlib.o)
 .comment       0x0000057c       0x12 fs/jffs2/libjffs2.a(mini_inflate.o)
 .comment       0x0000058e       0x12 rtc/librtc.a(date.o)
 .comment       0x000005a0       0x12 rtc/librtc.a(ds1337.o)
 .comment       0x000005b2       0x12 drivers/libdrivers.a(pci_indirect.o)
 .comment       0x000005c4       0x12 drivers/nand/libnand.a(nand_util.o)
 .comment       0x000005d6       0x12 /opt/crosstool/gcc-4.1.0-glibc-2.3.6/powerpc-603-linux-gnu/lib/gcc/powerpc-603-linux-gnu/4.1.0/nof/libgcc.a(_ashldi3.o)
 .comment       0x000005e8       0x12 /opt/crosstool/gcc-4.1.0-glibc-2.3.6/powerpc-603-linux-gnu/lib/gcc/powerpc-603-linux-gnu/4.1.0/nof/libgcc.a(_ashrdi3.o)
 .comment       0x000005fa       0x12 /opt/crosstool/gcc-4.1.0-glibc-2.3.6/powerpc-603-linux-gnu/lib/gcc/powerpc-603-linux-gnu/4.1.0/nof/libgcc.a(_udivdi3.o)

.note.GNU-stack
                0x00000000        0x0

.debug_abbrev   0x00000000      0x43c
 .debug_abbrev  0x00000000      0x155 /opt/crosstool/gcc-4.1.0-glibc-2.3.6/powerpc-603-linux-gnu/lib/gcc/powerpc-603-linux-gnu/4.1.0/nof/libgcc.a(_ashldi3.o)
 .debug_abbrev  0x00000155      0x155 /opt/crosstool/gcc-4.1.0-glibc-2.3.6/powerpc-603-linux-gnu/lib/gcc/powerpc-603-linux-gnu/4.1.0/nof/libgcc.a(_ashrdi3.o)
 .debug_abbrev  0x000002aa      0x192 /opt/crosstool/gcc-4.1.0-glibc-2.3.6/powerpc-603-linux-gnu/lib/gcc/powerpc-603-linux-gnu/4.1.0/nof/libgcc.a(_udivdi3.o)

.debug_info     0x00000000      0xf98
 .debug_info    0x00000000      0x3e1 /opt/crosstool/gcc-4.1.0-glibc-2.3.6/powerpc-603-linux-gnu/lib/gcc/powerpc-603-linux-gnu/4.1.0/nof/libgcc.a(_ashldi3.o)
 .debug_info    0x000003e1      0x3e1 /opt/crosstool/gcc-4.1.0-glibc-2.3.6/powerpc-603-linux-gnu/lib/gcc/powerpc-603-linux-gnu/4.1.0/nof/libgcc.a(_ashrdi3.o)
 .debug_info    0x000007c2      0x7d6 /opt/crosstool/gcc-4.1.0-glibc-2.3.6/powerpc-603-linux-gnu/lib/gcc/powerpc-603-linux-gnu/4.1.0/nof/libgcc.a(_udivdi3.o)

.debug_line     0x00000000      0x50e
 .debug_line    0x00000000      0x188 /opt/crosstool/gcc-4.1.0-glibc-2.3.6/powerpc-603-linux-gnu/lib/gcc/powerpc-603-linux-gnu/4.1.0/nof/libgcc.a(_ashldi3.o)
 .debug_line    0x00000188      0x189 /opt/crosstool/gcc-4.1.0-glibc-2.3.6/powerpc-603-linux-gnu/lib/gcc/powerpc-603-linux-gnu/4.1.0/nof/libgcc.a(_ashrdi3.o)
 .debug_line    0x00000311      0x1fd /opt/crosstool/gcc-4.1.0-glibc-2.3.6/powerpc-603-linux-gnu/lib/gcc/powerpc-603-linux-gnu/4.1.0/nof/libgcc.a(_udivdi3.o)

.debug_frame    0x00000000       0x78
 .debug_frame   0x00000000       0x24 /opt/crosstool/gcc-4.1.0-glibc-2.3.6/powerpc-603-linux-gnu/lib/gcc/powerpc-603-linux-gnu/4.1.0/nof/libgcc.a(_ashldi3.o)
 .debug_frame   0x00000024       0x24 /opt/crosstool/gcc-4.1.0-glibc-2.3.6/powerpc-603-linux-gnu/lib/gcc/powerpc-603-linux-gnu/4.1.0/nof/libgcc.a(_ashrdi3.o)
 .debug_frame   0x00000048       0x30 /opt/crosstool/gcc-4.1.0-glibc-2.3.6/powerpc-603-linux-gnu/lib/gcc/powerpc-603-linux-gnu/4.1.0/nof/libgcc.a(_udivdi3.o)

.debug_loc      0x00000000      0x83d
 .debug_loc     0x00000000       0x8d /opt/crosstool/gcc-4.1.0-glibc-2.3.6/powerpc-603-linux-gnu/lib/gcc/powerpc-603-linux-gnu/4.1.0/nof/libgcc.a(_ashldi3.o)
 .debug_loc     0x0000008d       0x8d /opt/crosstool/gcc-4.1.0-glibc-2.3.6/powerpc-603-linux-gnu/lib/gcc/powerpc-603-linux-gnu/4.1.0/nof/libgcc.a(_ashrdi3.o)
 .debug_loc     0x0000011a      0x723 /opt/crosstool/gcc-4.1.0-glibc-2.3.6/powerpc-603-linux-gnu/lib/gcc/powerpc-603-linux-gnu/4.1.0/nof/libgcc.a(_udivdi3.o)

.debug_pubnames
                0x00000000       0x60
 .debug_pubnames
                0x00000000       0x20 /opt/crosstool/gcc-4.1.0-glibc-2.3.6/powerpc-603-linux-gnu/lib/gcc/powerpc-603-linux-gnu/4.1.0/nof/libgcc.a(_ashldi3.o)
 .debug_pubnames
                0x00000020       0x20 /opt/crosstool/gcc-4.1.0-glibc-2.3.6/powerpc-603-linux-gnu/lib/gcc/powerpc-603-linux-gnu/4.1.0/nof/libgcc.a(_ashrdi3.o)
 .debug_pubnames
                0x00000040       0x20 /opt/crosstool/gcc-4.1.0-glibc-2.3.6/powerpc-603-linux-gnu/lib/gcc/powerpc-603-linux-gnu/4.1.0/nof/libgcc.a(_udivdi3.o)

.debug_aranges  0x00000000       0x60
 .debug_aranges
                0x00000000       0x20 /opt/crosstool/gcc-4.1.0-glibc-2.3.6/powerpc-603-linux-gnu/lib/gcc/powerpc-603-linux-gnu/4.1.0/nof/libgcc.a(_ashldi3.o)
 .debug_aranges
                0x00000020       0x20 /opt/crosstool/gcc-4.1.0-glibc-2.3.6/powerpc-603-linux-gnu/lib/gcc/powerpc-603-linux-gnu/4.1.0/nof/libgcc.a(_ashrdi3.o)
 .debug_aranges
                0x00000040       0x20 /opt/crosstool/gcc-4.1.0-glibc-2.3.6/powerpc-603-linux-gnu/lib/gcc/powerpc-603-linux-gnu/4.1.0/nof/libgcc.a(_udivdi3.o)

.debug_ranges   0x00000000      0x1a8
 .debug_ranges  0x00000000       0x18 /opt/crosstool/gcc-4.1.0-glibc-2.3.6/powerpc-603-linux-gnu/lib/gcc/powerpc-603-linux-gnu/4.1.0/nof/libgcc.a(_ashldi3.o)
 .debug_ranges  0x00000018       0x18 /opt/crosstool/gcc-4.1.0-glibc-2.3.6/powerpc-603-linux-gnu/lib/gcc/powerpc-603-linux-gnu/4.1.0/nof/libgcc.a(_ashrdi3.o)
 .debug_ranges  0x00000030      0x178 /opt/crosstool/gcc-4.1.0-glibc-2.3.6/powerpc-603-linux-gnu/lib/gcc/powerpc-603-linux-gnu/4.1.0/nof/libgcc.a(_udivdi3.o)

.debug_str      0x00000000      0x322
 .debug_str     0x00000000      0x2d1 /opt/crosstool/gcc-4.1.0-glibc-2.3.6/powerpc-603-linux-gnu/lib/gcc/powerpc-603-linux-gnu/4.1.0/nof/libgcc.a(_ashldi3.o)
                                0x32d (size before relaxing)
 .debug_str     0x000002d1        0xa /opt/crosstool/gcc-4.1.0-glibc-2.3.6/powerpc-603-linux-gnu/lib/gcc/powerpc-603-linux-gnu/4.1.0/nof/libgcc.a(_ashrdi3.o)
                                0x32d (size before relaxing)