Archive member included because of file (symbol)

cpu/mpc83xx/libmpc83xx.a(traps.o)
                              cpu/mpc83xx/start.o (DebugException)
cpu/mpc83xx/libmpc83xx.a(cpu_init.o)
                              cpu/mpc83xx/start.o (cpu_init_f)
cpu/mpc83xx/libmpc83xx.a(interrupts.o)
                              cpu/mpc83xx/start.o (external_interrupt)
lib_ppc/libppc.a(ppcstring.o)
                              cpu/mpc83xx/libmpc83xx.a(cpu_init.o) (memset)
lib_ppc/libppc.a(board.o)     cpu/mpc83xx/start.o (board_init_r)
lib_ppc/libppc.a(extable.o)   cpu/mpc83xx/libmpc83xx.a(traps.o) (search_exception_table)
lib_ppc/libppc.a(time.o)      lib_ppc/libppc.a(board.o) (init_timebase)
lib_ppc/libppc.a(interrupts.o)
                              lib_ppc/libppc.a(board.o) (set_timer)
lib_ppc/libppc.a(ticks.o)     lib_ppc/libppc.a(time.o) (wait_ticks)
net/libnet.a(net.o)           lib_ppc/libppc.a(board.o) (copy_filename)
net/libnet.a(tftp.o)          net/libnet.a(net.o) (TftpStart)
net/libnet.a(bootp.o)         net/libnet.a(net.o) (BootpTry)
net/libnet.a(rarp.o)          net/libnet.a(net.o) (RarpTry)
net/libnet.a(eth.o)           net/libnet.a(net.o) (eth_get_dev)
net/libnet.a(nfs.o)           net/libnet.a(net.o) (NfsStart)
drivers/libdrivers.a(cfi_flash.o)
                              lib_ppc/libppc.a(board.o) (flash_init)
drivers/libdrivers.a(pci.o)   lib_ppc/libppc.a(board.o) (pci_init)
drivers/libdrivers.a(pci_auto.o)
                              drivers/libdrivers.a(pci.o) (pciauto_config_init)
drivers/libdrivers.a(serial.o)
                              lib_ppc/libppc.a(board.o) (serial_init)
drivers/libdrivers.a(tsec.o)  net/libnet.a(eth.o) (tsec_initialize)
drivers/libdrivers.a(fsl_i2c.o)
                              lib_ppc/libppc.a(board.o) (i2c_init)
drivers/libdrivers.a(ns16550.o)
                              drivers/libdrivers.a(serial.o) (NS16550_init)
drivers/nand/libnand.a(nand.o)
                              lib_ppc/libppc.a(board.o) (nand_init)
drivers/nand/libnand.a(nand_base.o)
                              drivers/nand/libnand.a(nand.o) (nand_scan)
drivers/nand/libnand.a(nand_ids.o)
                              drivers/nand/libnand.a(nand_base.o) (nand_flash_ids)
drivers/nand/libnand.a(nand_ecc.o)
                              drivers/nand/libnand.a(nand_base.o) (nand_calculate_ecc)
drivers/nand/libnand.a(nand_bbt.o)
                              drivers/nand/libnand.a(nand_base.o) (nand_isbad_bbt)
common/libcommon.a(main.o)    lib_ppc/libppc.a(board.o) (main_loop)
common/libcommon.a(cmd_autoscript.o)
                              (__u_boot_cmd_autoscr)
common/libcommon.a(cmd_bdinfo.o)
                              (__u_boot_cmd_bdinfo)
common/libcommon.a(cmd_boot.o)
                              (__u_boot_cmd_go)
common/libcommon.a(cmd_bootm.o)
                              common/libcommon.a(cmd_autoscript.o) (header)
common/libcommon.a(cmd_console.o)
                              (__u_boot_cmd_coninfo)
common/libcommon.a(cmd_date.o)
                              (__u_boot_cmd_date)
common/libcommon.a(cmd_flash.o)
                              (__u_boot_cmd_flinfo)
common/libcommon.a(cmd_i2c.o)
                              (__u_boot_cmd_imd)
common/libcommon.a(cmd_itest.o)
                              (__u_boot_cmd_itest)
common/libcommon.a(cmd_jffs2.o)
                              common/libcommon.a(cmd_flash.o) (id_parse)
common/libcommon.a(cmd_load.o)
                              (__u_boot_cmd_loads)
common/libcommon.a(cmd_mem.o)
                              common/libcommon.a(cmd_i2c.o) (cmd_get_data_size)
common/libcommon.a(cmd_mii.o)
                              (__u_boot_cmd_mii)
common/libcommon.a(cmd_misc.o)
                              (__u_boot_cmd_sleep)
common/libcommon.a(cmd_nand.o)
                              (__u_boot_cmd_nand)
common/libcommon.a(cmd_net.o)
                              (__u_boot_cmd_bootp)
common/libcommon.a(cmd_nvedit.o)
                              lib_ppc/libppc.a(board.o) (getenv_r)
common/libcommon.a(cmd_pci.o)
                              (__u_boot_cmd_pci)
common/libcommon.a(command.o)
                              common/libcommon.a(main.o) (find_cmd)
common/libcommon.a(console.o)
                              cpu/mpc83xx/libmpc83xx.a(traps.o) (printf)
common/libcommon.a(devices.o)
                              common/libcommon.a(cmd_console.o) (devlist)
common/libcommon.a(dlmalloc.o)
                              lib_ppc/libppc.a(board.o) (malloc_bin_reloc)
common/libcommon.a(env_common.o)
                              common/libcommon.a(cmd_nvedit.o) (env_get_addr)
common/libcommon.a(env_flash.o)
                              common/libcommon.a(env_common.o) (env_get_char_spec)
common/libcommon.a(exports.o)
                              lib_ppc/libppc.a(board.o) (jumptable_init)
common/libcommon.a(flash.o)   drivers/libdrivers.a(cfi_flash.o) (flash_protect)
common/libcommon.a(ft_build.o)
[...]
Memory Configuration

Name             Origin             Length             Attributes
*default*        0x00000000         0xffffffff

Linker script and memory map

                0x00000094                . = SIZEOF_HEADERS

.interp
 *(.interp)

.hash
 *(.hash)

.dynsym
 *(.dynsym)

.dynstr
 *(.dynstr)

.rela.dyn

.rel.text
 *(.rel.text)

.rela.text
 *(.rela.text)

.rel.data
 *(.rel.data)

.rela.data
 *(.rela.data)

.rel.rodata
 *(.rel.rodata)

.rela.rodata
 *(.rela.rodata)

.rel.got
 *(.rel.got)

.rela.got
 *(.rela.got)

.rel.ctors
 *(.rel.ctors)

.rela.ctors
 *(.rela.ctors)

.rel.dtors
 *(.rel.dtors)

.rela.dtors
 *(.rela.dtors)

.rel.bss
 *(.rel.bss)

.rela.bss
 *(.rela.bss)

.rel.plt
 *(.rel.plt)

.rela.plt
 *(.rela.plt)

.init
 *(.init)

.plt
 *(.plt)

.text           0xfe000000    0x3a364
 cpu/mpc83xx/start.o(.text)
 .text          0xfe000000     0x382c cpu/mpc83xx/start.o
                0xfe003474                icache_status
                0xfe000040                enable_addr_trans
                0xfe000100                _start
                0xfe00325c                invalidate_bats
                0xfe000054                icache_enable
                0xfe003178                init_e300_core
                0xfe0000a4                get_pvr
                0xfe00344c                icache_disable
                0xfe002f90                _end_of_vectors
                0xfe0001a4                _start_of_vectors
                0xfe003000                transfer_to_handler
                0xfe00007c                dcache_enable
                0xfe0034bc                ppcDcbi
                0xfe0032ac                setup_bats
                0xfe00342c                disable_addr_trans
                0xfe003480                dcache_disable
                0xfe0034d8                ppcDWload
                0xfe000110                _start_warm
                0xfe00366c                trap_init
                0xfe00373c                unlock_ram_in_cache
                0xfe0034b4                ppcDcbf
                0xfe0034c4                ppcDcbz
                0xfe0034a8                dcache_status
                0xfe0034cc                ppcDWstore
                0xfe0034e4                relocate_code
 *(.text)
 .text          0xfe00382c      0x4fc cpu/mpc83xx/libmpc83xx.a(traps.o)
                0xfe00382c                dump_pci
                0xfe003abc                ProgramCheckException
                0xfe003b6c                MachineCheckException
                0xfe003b14                AlignmentException
                0xfe003c58                _exception
                0xfe00384c                show_regs
                0xfe003a64                SoftEmuException
                0xfe003cc8                UnknownException
                0xfe003838                addr_probe
                0xfe003990                print_backtrace
                0xfe003938                DebugException
 .text          0xfe003d28      0x1a0 cpu/mpc83xx/libmpc83xx.a(cpu_init.o)
                0xfe003d38                cpu_init_f
                0xfe003d28                cpu_init_r
 .text          0xfe003ec8       0x60 cpu/mpc83xx/libmpc83xx.a(interrupts.o)
                0xfe003ef8                external_interrupt
                0xfe003f10                irq_free_handler
                0xfe003f04                irq_install_handler
                0xfe003ec8                interrupt_init_cpu
                0xfe003f1c                timer_interrupt_cpu
 .text          0xfe003f28      0x29c lib_ppc/libppc.a(ppcstring.o)
                0xfe004048                memcpy
                0xfe004030                bcopy
                0xfe003f6c                strcat
                0xfe003fbc                strlen
                0xfe0040e4                backwards_memcpy
                0xfe004040                memmove
                0xfe003f44                strncpy
                0xfe003fd4                memset
                0xfe00416c                memcmp
                0xfe00419c                memchr
                0xfe003f98                strcmp
                0xfe003f28                strcpy
 .text          0xfe0041c4      0x6ac lib_ppc/libppc.a(board.o)
                0xfe0041c8                sbrk
                0xfe0047d0                strmhz
                0xfe004238                hang
                0xfe0043e0                board_init_r
                0xfe0046a0                board_init_f
 .text          0xfe004870       0xb4 lib_ppc/libppc.a(extable.o)
                0xfe004874                search_exception_table
 .text          0xfe004924       0xe0 lib_ppc/libppc.a(time.o)
                0xfe004940                ticks2usec
                0xfe004924                init_timebase
                0xfe0049e0                udelay
                0xfe004978                usec2ticks
 .text          0xfe004a04      0x1c8 lib_ppc/libppc.a(interrupts.o)
                0xfe004b70                timer_interrupt
                0xfe004ae8                interrupt_init
                0xfe004acc                enable_interrupts
                0xfe004a08                reset_timer
                0xfe004a90                set_timer
                0xfe004b50                disable_interrupts
                0xfe004a4c                get_timer
 .text          0xfe004bcc       0x44 lib_ppc/libppc.a(ticks.o)
                0xfe004be4                wait_ticks
                0xfe004bcc                get_ticks
 .text          0xfe004c10     0x173c net/libnet.a(net.o)
                0xfe004e44                getenv_VLAN
                0xfe004c64                NetSetHandler
                0xfe004ca0                NetCksum
                0xfe005928                PingSend
                0xfe004f20                VLAN_to_string
                0xfe00549c                NetReceive
                0xfe005b24                NetSendUDPPacket
                0xfe005140                NetSetIP
                0xfe004d88                copy_filename
                0xfe005030                NetSetEther
                0xfe005344                ArpRequest
                0xfe005ec4                NetLoop
                0xfe005e28                ArpTimeoutCheck
                0xfe005320                NetSendPacket
                0xfe004fec                print_IPaddr
                0xfe004dec                string_to_VLAN
                0xfe004cf4                NetCksumOk
                0xfe004f98                ip_to_string
                0xfe004e68                string_to_ip
                0xfe004d28                NetEthHdrSize
                0xfe005d20                NetStartAgain
                0xfe004ef8                getenv_IPaddr
                0xfe005ac4                NetSetTimeout
 .text          0xfe00634c      0x648 net/libnet.a(tftp.o)
                0xfe0064c0                TftpStart
 .text          0xfe006994      0xadc net/libnet.a(bootp.o)
                0xfe006e64                BootpRequest
                0xfe007014                DhcpRequest
 .text          0xfe007470      0x200 net/libnet.a(rarp.o)
                0xfe007474                RarpRequest
 .text          0xfe007670      0x8dc net/libnet.a(eth.o)
                0xfe007cc8                eth_initialize
                0xfe0076b4                eth_get_dev_index
                0xfe007a88                eth_init
                0xfe007798                eth_send
                0xfe00786c                eth_get_name
                0xfe00793c                eth_set_current
                0xfe0078bc                eth_get_dev_by_name
                0xfe007674                eth_get_dev
                0xfe007734                eth_halt
                0xfe007be0                eth_set_enetaddr
                0xfe007b20                eth_register
                0xfe0079d4                eth_try_another
                0xfe007808                eth_rx
 .text          0xfe007f4c      0xd40 net/libnet.a(nfs.o)
                0xfe0085a4                NfsStart
 .text          0xfe008c8c     0x1c60 drivers/libdrivers.a(cfi_flash.o)
                0xfe009200                flash_read_long
                0xfe009b54                flash_read_ushort
                0xfe00a160                flash_init
                0xfe008c8c                flash_make_addr
                0xfe00a22c                write_buff
                0xfe009954                flash_erase
                0xfe009b98                flash_get_size
                0xfe009018                flash_read_uchar
                0xfe008dfc                flash_print_info
 .text          0xfe00a8ec      0xd38 drivers/libdrivers.a(pci.o)
                0xfe00ae34                pci_cfgfunc_config_device
                0xfe00b048                pci_hose_bus_to_phys
                0xfe00a9dc                pci_hose_read_config_byte_via_dword
                0xfe00a9b4                pci_hose_write_config_dword
                0xfe00abb4                pci_register_hose
                0xfe00b318                pci_write_config_byte
                0xfe00b1f0                pci_bus_to_hose
                0xfe00b260                pci_write_config_dword
                0xfe00b374                pci_read_config_dword
                0xfe00b5d8                pci_find_device
                0xfe00a98c                pci_hose_write_config_word
                0xfe00b444                pci_read_config_byte
                0xfe00b2bc                pci_write_config_word
                0xfe00ae64                pci_cfgfunc_do_nothing
                0xfe00a964                pci_hose_write_config_byte
                0xfe00b3dc                pci_read_config_word
                0xfe00aa8c                pci_hose_write_config_byte_via_dword
                0xfe00b120                pci_hose_phys_to_bus
                0xfe00a93c                pci_hose_read_config_dword
                0xfe00a8ec                pci_hose_read_config_byte
                0xfe00b00c                pci_hose_scan
                0xfe00ae70                pci_init
                0xfe00b4b0                pci_find_devices
                0xfe00aa34                pci_hose_read_config_word_via_dword
                0xfe00ab1c                pci_hose_write_config_word_via_dword
                0xfe00ac08                pci_hose_config_device
                0xfe00ad90                pci_find_config
                0xfe00ae90                pci_hose_scan_bus
                0xfe00a914                pci_hose_read_config_word
 .text          0xfe00b624      0x6b8 drivers/libdrivers.a(pci_auto.o)
                0xfe00b7ec                pciauto_setup_device
                0xfe00b638                pciauto_region_align
                0xfe00b6bc                pciauto_config_init
                0xfe00b65c                pciauto_region_allocate
                0xfe00b624                pciauto_region_init
                0xfe00b990                pciauto_config_device
 .text          0xfe00bcdc      0x3a8 drivers/libdrivers.a(serial.o)
                0xfe00bd98                _serial_tstc
                0xfe00bf98                _serial_puts
                0xfe00bef0                _serial_putc
                0xfe00bde0                serial_tstc
                0xfe00bff0                serial_puts
                0xfe00be78                _serial_putc_raw
                0xfe00bd10                _serial_setbrg
                0xfe00bec8                serial_putc_raw
                0xfe00c014                serial_init
                0xfe00bf74                serial_putc
                0xfe00be50                serial_getc
                0xfe00be08                _serial_getc
                0xfe00bd70                serial_setbrg
 .text          0xfe00c084     0x10bc drivers/libdrivers.a(tsec.o)
                0xfe00c110                mii_cr_init
                0xfe00c1e0                mii_parse_dm9161_scsr
                0xfe00c81c                mii_parse_88E1011_psr
                0xfe00c148                mii_parse_cis8201
                0xfe00c754                get_phy_info
                0xfe00c5d0                get_priv_for_phy
                0xfe00c270                mii_cis8204_setmode
                0xfe00c194                mii_parse_vsc8244
                0xfe00c43c                mii_parse_dp83865_lanr
                0xfe00c138                mii_parse_rtl8201
                0xfe00c488                phy_run_commands
                0xfe00c084                write_phy_reg
                0xfe00c0c8                read_phy_reg
                0xfe00c218                mii_cis8204_fixled
                0xfe00c954                mii_parse_sr
                0xfe00c3c4                mii_parse_lxt971_sr2
                0xfe00cd80                tsec_initialize
 .text          0xfe00d140      0x6cc drivers/libdrivers.a(fsl_i2c.o)
                0xfe00d55c                i2c_init
                0xfe00d5ec                i2c_read
                0xfe00d52c                i2c_reg_write
                0xfe00d794                i2c_reg_read
                0xfe00d194                i2c_set_bus_speed
                0xfe00d464                i2c_write
                0xfe00d1e4                i2c_get_bus_speed
                0xfe00d144                i2c_set_bus_num
                0xfe00d7c4                i2c_probe
                0xfe00d1a8                i2c_get_bus_num
 .text          0xfe00d80c       0xcc drivers/libdrivers.a(ns16550.o)
                0xfe00d80c                NS16550_init
                0xfe00d88c                NS16550_putc
                0xfe00d8a8                NS16550_getc
                0xfe00d84c                NS16550_reinit
                0xfe00d8c4                NS16550_tstc
 .text          0xfe00d8d8       0xb0 drivers/nand/libnand.a(nand.o)
                0xfe00d8dc                nand_init
 .text          0xfe00d988     0x2f68 drivers/nand/libnand.a(nand_base.o)
                0xfe00eeb8                nand_scan
                0xfe010618                nand_read_raw
                0xfe00dc7c                nand_release
                0xfe00f8b8                nand_erase_nand
 .text          0xfe0108f0      0x314 drivers/nand/libnand.a(nand_ecc.o)
                0xfe0108f4                nand_calculate_ecc
                0xfe010a40                nand_correct_data
 .text          0xfe010c04     0x1604 drivers/nand/libnand.a(nand_bbt.o)
                0xfe010d00                nand_isbad_bbt
                0xfe012108                nand_default_bbt
                0xfe011cf8                nand_scan_bbt
                0xfe011654                nand_update_bbt
 .text          0xfe012208      0x92c common/libcommon.a(main.o)
                0xfe0122a8                run_command
                0xfe01220c                do_run
                0xfe01280c                readline
                0xfe012a1c                main_loop
 .text          0xfe012b34      0x200 common/libcommon.a(cmd_autoscript.o)
                0xfe012b38                autoscript
                0xfe012ccc                do_autoscript
 .text          0xfe012d34      0x28c common/libcommon.a(cmd_bdinfo.o)
                0xfe012dd0                do_bdinfo
 .text          0xfe012fc0       0xa4 common/libcommon.a(cmd_boot.o)
                0xfe012fc4                do_go
 .text          0xfe013064     0x1438 common/libcommon.a(cmd_bootm.o)
                0xfe01378c                do_iminfo
                0xfe013f94                do_bootm
                0xfe01385c                do_bootd
                0xfe013068                gunzip
                0xfe013274                print_image_hdr
 .text          0xfe01449c       0xf4 common/libcommon.a(cmd_console.o)
                0xfe0144a0                do_coninfo
 .text          0xfe014590      0x37c common/libcommon.a(cmd_date.o)
                0xfe0147f4                do_date
                0xfe0145e0                mk_date
 .text          0xfe01490c      0xc8c common/libcommon.a(cmd_flash.o)
                0xfe01520c                flash_sect_erase
                0xfe014e78                do_protect
                0xfe015510                do_flinfo
                0xfe0152c4                do_flerase
                0xfe014aa0                flash_sect_protect
 .text          0xfe015598      0xc48 common/libcommon.a(cmd_i2c.o)
                0xfe0156c4                do_i2c_loop
                0xfe015630                do_i2c_bus_num
                0xfe015800                do_i2c_probe
                0xfe015fd8                do_i2c
                0xfe01559c                do_i2c_bus_speed
                0xfe015c38                do_i2c_mw
                0xfe0158c8                do_i2c_md
                0xfe015acc                do_i2c_crc
                0xfe015f94                do_i2c_nm
                0xfe015fb4                do_i2c_mm
 .text          0xfe0161e0      0x37c common/libcommon.a(cmd_itest.o)
                0xfe016298                binary_test
                0xfe016498                do_itest
 .text          0xfe01655c     0x2300 common/libcommon.a(cmd_jffs2.o)
                0xfe016f78                find_dev_and_part
                0xfe0186dc                do_jffs2_fsload
                0xfe0178dc                mtdparts_init
                0xfe01857c                do_jffs2_fsinfo
                0xfe018630                do_jffs2_ls
                0xfe01686c                id_parse
                0xfe017f30                do_jffs2_mtdparts
                0xfe0184a8                do_jffs2_chpart
 .text          0xfe01885c     0x10dc common/libcommon.a(cmd_load.o)
                0xfe018b60                send_pad
                0xfe018ad0                k_data_char
                0xfe01898c                k_data_init
                0xfe018e44                send_nack
                0xfe018fac                do_load_serial_bin
                0xfe018a58                k_data_restore
                0xfe0189e0                k_data_save
                0xfe01885c                ktrans
                0xfe019558                do_load_serial
                0xfe01888c                chk1
                0xfe018ee0                send_ack
                0xfe018c00                handle_send_packet
                0xfe018bb8                s1_sendpacket
 .text          0xfe019938      0xca8 common/libcommon.a(cmd_mem.o)
                0xfe01a13c                do_mem_cmp
                0xfe019fdc                do_mem_cp
                0xfe01a3ec                do_mem_md
                0xfe0199a8                do_mem_crc
                0xfe019e8c                do_mem_mm
                0xfe01993c                do_mem_base
                0xfe019e6c                do_mem_nm
                0xfe01a2e4                do_mem_mw
                0xfe019eb0                do_mem_loop
                0xfe019c3c                cmd_get_data_size
                0xfe019a84                do_mem_mtest
 .text          0xfe01a5e0      0x7a4 common/libcommon.a(cmd_mii.o)
                0xfe01a658                MII_dump_0_to_5
                0xfe01a8cc                do_mii
 .text          0xfe01ad84       0xb4 common/libcommon.a(cmd_misc.o)
                0xfe01ad88                do_sleep
 .text          0xfe01ae38     0x1090 common/libcommon.a(cmd_nand.o)
                0xfe01b434                do_nand
                0xfe01b1e8                do_nandboot
 .text          0xfe01bec8      0x3ac common/libcommon.a(cmd_net.o)
                0xfe01c238                do_rarpb
                0xfe01c260                do_bootp
                0xfe01becc                do_ping
                0xfe01c24c                do_tftpb
                0xfe01c224                do_dhcp
                0xfe01c210                do_nfs
 .text          0xfe01c274      0xb64 common/libcommon.a(cmd_nvedit.o)
                0xfe01c4d0                getenv
                0xfe01cb5c                setenv
                0xfe01c59c                _do_setenv
                0xfe01cbbc                do_printenv
                0xfe01caf4                do_setenv
                0xfe01c478                do_saveenv
                0xfe01c348                getenv_r
 .text          0xfe01cdd8     0x11fc common/libcommon.a(cmd_pci.o)
                0xfe01d8ec                pci_header_show_brief
                0xfe01dc08                do_pci
                0xfe01dabc                pciinfo
                0xfe01cddc                pci_header_show
 .text          0xfe01dfd4      0x86c common/libcommon.a(command.o)
                0xfe01e3c0                do_test
                0xfe01dfd8                find_cmd
                0xfe01e098                do_echo
                0xfe01e33c                do_version
                0xfe01e380                do_exit
                0xfe01e140                do_help
 .text          0xfe01e840      0x96c common/libcommon.a(console.o)
                0xfe01eb6c                console_init_f
                0xfe01eff8                serial_printf
                0xfe01eae0                had_ctrlc
                0xfe01f12c                ctrlc
                0xfe01ee28                console_init_r
                0xfe01eb20                clear_ctrlc
                0xfe01e928                fgetc
                0xfe01ed58                vprintf
                0xfe01e9e0                fputc
                0xfe01ea98                disable_ctrlc
                0xfe01ea3c                fputs
                0xfe01ec90                fprintf
                0xfe01eb60                dbg
                0xfe01eb88                console_assign
                0xfe01f0b8                tstc
                0xfe01f0f0                getc
                0xfe01eda0                printf
                0xfe01ed1c                puts
                0xfe01f07c                putc
                0xfe01e984                ftstc
 .text          0xfe01f1ac      0x194 common/libcommon.a(devices.o)
                0xfe01f1f8                device_register
                0xfe01f248                devices_init
                0xfe01f1b0                devices_done
 .text          0xfe01f340     0x1330 common/libcommon.a(dlmalloc.o)
                0xfe01f3a0                malloc_usable_size
                0xfe01f498                malloc_trim
                0xfe02005c                calloc
                0xfe02018c                realloc
                0xfe01f84c                malloc
                0xfe01f344                malloc_bin_reloc
                0xfe01feb8                memalign
                0xfe01f3ec                mallopt
                0xfe01f828                cfree
                0xfe020004                pvalloc
                0xfe01f5a4                free
                0xfe020030                valloc
 .text          0xfe020670      0x208 common/libcommon.a(env_common.o)
                0xfe020674                env_get_char_memory
                0xfe0207cc                env_relocate
                0xfe0206c8                env_get_addr
                0xfe020770                env_crc_update
 .text          0xfe020878      0x1fc common/libcommon.a(env_flash.o)
                0xfe0208dc                saveenv
                0xfe020890                env_relocate_spec
                0xfe020878                env_get_char_spec
                0xfe0209e8                env_init
 .text          0xfe020a74      0x130 common/libcommon.a(exports.o)
                0xfe020a94                jumptable_init
                0xfe020a80                get_version
 .text          0xfe020ba4      0x3ac common/libcommon.a(flash.o)
                0xfe020d00                flash_perror
                0xfe020c84                addr2info
                0xfe020ba4                flash_protect
                0xfe020df0                flash_write
 .text          0xfe020f50      0xb40 common/libcommon.a(ft_build.o)
                0xfe021774                ft_prop_int
                0xfe021290                ft_end_node
                0xfe021688                ft_prop
                0xfe0217ec                ft_begin_node
                0xfe0212a4                ft_dump_blob
                0xfe021168                ft_add_rsvmap
                0xfe020f90                ft_get_prop
                0xfe0217a0                ft_prop_str
                0xfe020f50                ft_finalize_tree
                0xfe021270                ft_end_tree
                0xfe021838                ft_setup
                0xfe0210fc                ft_backtrack_node
                0xfe021280                ft_nop
                0xfe021548                ft_init_cxt
 .text          0xfe021a90     0x2258 common/libcommon.a(hush.o)
                0xfe021db8                new_pipe
                0xfe0228a0                reserved_word
                0xfe021c68                mapset
                0xfe0222f8                update_ifs_map
                0xfe0233c4                parse_string_outer
                0xfe02335c                parse_file_outer
                0xfe021abc                simple_itoa
                0xfe021cbc                u_boot_hush_start
 .text          0xfe023ce8      0x4fc common/libcommon.a(lists.o)
                0xfe023cf8                ListSetAllocationPolicy
                0xfe023e90                ListInsertItems
                0xfe0240a8                DisposeHandle
                0xfe023df4                SetHandleSize
                0xfe023d54                ListGetDataPtr
                0xfe023d90                ListGetItems
                0xfe023d68                ListGetItemSize
                0xfe02417c                ListCreate
                0xfe023d10                ListGetPtrToItem
                0xfe0240e4                ListDispose
                0xfe023d7c                ListNumItems
                0xfe024084                ListInsertItem
                0xfe023ce8                GetHandleSize
                0xfe024104                NewHandle
 .text          0xfe0241e4      0x730 common/libcommon.a(miiphyutil.o)
                0xfe0241e8                miiphy_init
                0xfe024708                miiphy_reset
                0xfe024238                miiphy_get_current_dev
                0xfe024428                miiphy_write
                0xfe024288                miiphy_register
                0xfe02439c                miiphy_listdev
                0xfe0247dc                miiphy_info
                0xfe0245a0                miiphy_duplex
                0xfe024654                miiphy_speed
                0xfe0244e4                miiphy_read
                0xfe024890                miiphy_set_current_dev
 .text          0xfe024914      0x308 common/libcommon.a(s_record.o)
                0xfe0249bc                srec_decode
 .text          0xfe024c1c      0xb74 common/libcommon.a(xyzModem.o)
                0xfe024d5c                xyzModem_error
                0xfe024c1c                parse_num
                0xfe025328                xyzModem_stream_read
                0xfe025600                xyzModem_stream_open
                0xfe024e8c                CYGACC_COMM_IF_GETC_TIMEOUT
                0xfe024e68                CYGACC_COMM_IF_PUTC
                0xfe024f58                xyzModem_stream_terminate
                0xfe024dfc                xyzModem_stream_close
 .text          0xfe025790       0x8c common/libcommon.a(crc16.o)
                0xfe025794                cyg_crc16
 .text          0xfe02581c      0x298 lib_generic/libgeneric.a(crc32.o)
                0xfe025970                crc32_no_comp
                0xfe025820                crc32
 .text          0xfe025ab4      0x100 lib_generic/libgeneric.a(display_options.o)
                0xfe025ab8                print_size
                0xfe025b70                display_options
 .text          0xfe025bb4      0x468 lib_generic/libgeneric.a(string.o)
                0xfe025cc8                strspn
                0xfe025eec                strrchr
                0xfe025c10                strncmp
                0xfe025e14                strsep
                0xfe025bb4                strncat
                0xfe025d5c                strtok
                0xfe025c94                strnlen
                0xfe025f40                strstr
                0xfe025e6c                strswab
                0xfe025d14                strpbrk
                0xfe025c60                strchr
                0xfe025ec0                memscan
                0xfe025fc8                strdup
 .text          0xfe02601c      0xb24 lib_generic/libgeneric.a(vsprintf.o)
                0xfe026120                simple_strtol
                0xfe0264e8                vsprintf
                0xfe026ae4                sprintf
                0xfe026020                simple_strtoul
                0xfe02645c                panic
 .text          0xfe026b40     0x2b90 lib_generic/libgeneric.a(zlib.o)
                0xfe027408                inflateReset
                0xfe027348                inflateEnd
                0xfe027724                inflateInit
                0xfe027bd8                inflate
                0xfe027a8c                inflateIncomp
                0xfe027478                inflateSync
                0xfe0275a8                inflateInit2
                0xfe027748                adler32
 .text          0xfe0296d0       0xf4 board/mpc8313erdb/libmpc8313erdb.a(mpc8313erdb.o)
                0xfe0296d0                board_early_init_f
                0xfe02975c                checkboard
                0xfe0296e4                ft_board_setup
 .text          0xfe0297c4      0x194 board/mpc8313erdb/libmpc8313erdb.a(sdram.o)
                0xfe0298d0                initdram
                0xfe0297c4                fixed_sdram
 .text          0xfe029958      0x2dc board/mpc8313erdb/libmpc8313erdb.a(pci.o)
                0xfe0299bc                pci_init_board
                0xfe02995c                ft_pci_setup
 .text          0xfe029c34      0xe40 board/mpc8313erdb/libmpc8313erdb.a(nand.o)
                0xfe029d64                board_nand_init
 .text          0xfe02aa74      0x424 cpu/mpc83xx/libmpc83xx.a(cpu.o)
                0xfe02aa74                get_tbclk
                0xfe02ab9c                do_reset
                0xfe02ac68                checkcpu
                0xfe02ac34                upmconfig
                0xfe02aa90                ft_cpu_setup
 .text          0xfe02ae98      0x3c0 cpu/mpc83xx/libmpc83xx.a(speed.o)
                0xfe02b134                get_bus_freq
                0xfe02b148                print_clock_conf
                0xfe02ae9c                get_clocks
 .text          0xfe02b258       0x48 lib_ppc/libppc.a(cache.o)
                0xfe02b258                flush_cache
 .text          0xfe02b2a0      0xaac fs/cramfs/libcramfs.a(cramfs.o)
                0xfe02ba4c                cramfs_ls
                0xfe02b2a4                cramfs_check
                0xfe02bc2c                cramfs_load
                0xfe02b5fc                cramfs_info
 .text          0xfe02bd4c      0x190 fs/cramfs/libcramfs.a(uncompress.o)
                0xfe02bd50                cramfs_uncompress_exit
                0xfe02be60                cramfs_uncompress_block
                0xfe02bd94                cramfs_uncompress_init
 .text          0xfe02bedc     0x16bc fs/jffs2/libjffs2.a(jffs2_1pass.o)
                0xfe02c4e8                jffs2_1pass_rescan_needed
                0xfe02ce44                jffs2_1pass_load
                0xfe02bf40                mkmodestr
                0xfe02c1f4                jffs2_free_cache
                0xfe02d02c                jffs2_1pass_ls
                0xfe02c960                jffs2_1pass_info
 .text          0xfe02d598       0xe4 fs/jffs2/libjffs2.a(compr_rtime.o)
                0xfe02d598                rtime_decompress
 .text          0xfe02d67c      0x14c fs/jffs2/libjffs2.a(compr_rubin.o)
                0xfe02d67c                rubin_do_decompress
                0xfe02d778                dynrubin_decompress
 .text          0xfe02d7c8       0x4c fs/jffs2/libjffs2.a(compr_zlib.o)
                0xfe02d7cc                zlib_decompress
 .text          0xfe02d814      0x9d0 fs/jffs2/libjffs2.a(mini_inflate.o)
                0xfe02dc48                decompress_block
                0xfe02d814                cramfs_memset
                0xfe02d8b0                pull_bit
                0xfe02d844                pull_bits
 .text          0xfe02e1e4      0x270 rtc/librtc.a(date.o)
                0xfe02e1e8                GregorianDay
                0xfe02e3dc                mktime
                0xfe02e2dc                to_tm
 .text          0xfe02e454      0x2d8 rtc/librtc.a(ds1337.o)
                0xfe02e4e0                rtc_set
                0xfe02e5e8                rtc_get
                0xfe02e4cc                rtc_reset
 .text          0xfe02e72c      0x25c drivers/libdrivers.a(pci_indirect.o)
                0xfe02e730                pci_setup_indirect
 .text          0xfe02e988      0xe14 drivers/nand/libnand.a(nand_util.o)
                0xfe02ec7c                nand_read_opts
                0xfe02ea3c                nand_unlock
                0xfe02ebb0                nand_get_lock_status
                0xfe02f450                nand_erase_opts
                0xfe02efd8                nand_write_opts
                0xfe02e998                nand_lock
 .text          0xfe02f79c       0x48 /opt/crosstool/gcc-4.1.0-glibc-2.3.6/powerpc-603-linux-gnu/lib/gcc/powerpc-603-linux-gnu/4.1.0/nof/libgcc.a(_ashldi3.o)
                0xfe02f79c                __ashldi3
 .text          0xfe02f7e4       0x4c /opt/crosstool/gcc-4.1.0-glibc-2.3.6/powerpc-603-linux-gnu/lib/gcc/powerpc-603-linux-gnu/4.1.0/nof/libgcc.a(_ashrdi3.o)
                0xfe02f7e4                __ashrdi3
 .text          0xfe02f830      0x490 /opt/crosstool/gcc-4.1.0-glibc-2.3.6/powerpc-603-linux-gnu/lib/gcc/powerpc-603-linux-gnu/4.1.0/nof/libgcc.a(_udivdi3.o)
                0xfe02f830                __udivdi3
 *(.fixup)
 *(.got1)
                0xfe02fcc0                . = ALIGN (0x10)
 *(.rodata)
 .rodata        0xfe02fcc0       0x28 net/libnet.a(net.o)
 .rodata        0xfe02fce8       0x14 net/libnet.a(tftp.o)
 .rodata        0xfe02fcfc        0x8 net/libnet.a(eth.o)
 .rodata        0xfe02fd04       0x38 net/libnet.a(nfs.o)
 .rodata        0xfe02fd3c       0x10 drivers/libdrivers.a(serial.o)
 .rodata        0xfe02fd4c       0x30 drivers/libdrivers.a(tsec.o)
 .rodata        0xfe02fd7c        0x8 drivers/libdrivers.a(fsl_i2c.o)
 .rodata        0xfe02fd84        0x8 drivers/nand/libnand.a(nand.o)
 .rodata        0xfe02fd8c       0x6c drivers/nand/libnand.a(nand_base.o)
 .rodata        0xfe02fdf8      0x100 drivers/nand/libnand.a(nand_ecc.o)
 .rodata        0xfe02fef8       0xb8 common/libcommon.a(cmd_bootm.o)
 .rodata        0xfe02ffb0        0x2 common/libcommon.a(cmd_i2c.o)
 *fill*         0xfe02ffb2        0x2 00
 .rodata        0xfe02ffb4       0x30 common/libcommon.a(cmd_itest.o)
 .rodata        0xfe02ffe4       0x24 common/libcommon.a(cmd_nvedit.o)
 .rodata        0xfe030008        0xc common/libcommon.a(cmd_pci.o)
 .rodata        0xfe030014       0x28 common/libcommon.a(s_record.o)
 .rodata        0xfe03003c       0x20 common/libcommon.a(xyzModem.o)
 .rodata        0xfe03005c      0x200 common/libcommon.a(crc16.o)
 .rodata        0xfe03025c      0x400 lib_generic/libgeneric.a(crc32.o)
 .rodata        0xfe03065c      0x104 lib_generic/libgeneric.a(zlib.o)
 .rodata        0xfe030760        0xc cpu/mpc83xx/libmpc83xx.a(cpu.o)
 .rodata        0xfe03076c       0x28 cpu/mpc83xx/libmpc83xx.a(speed.o)
 .rodata        0xfe030794       0xc4 fs/jffs2/libjffs2.a(jffs2_1pass.o)
 .rodata        0xfe030858       0x14 fs/jffs2/libjffs2.a(mini_inflate.o)
 .rodata        0xfe03086c       0x30 rtc/librtc.a(date.o)
 *(.rodata1)
 *(.rodata.str1.4)
 .rodata.str1.4
                0xfe03089c      0x256 cpu/mpc83xx/libmpc83xx.a(traps.o)
                                0x258 (size before relaxing)
 *fill*         0xfe030af2        0x2 00
 .rodata.str1.4
                0xfe030af4       0xb8 lib_ppc/libppc.a(board.o)
                                 0xc0 (size before relaxing)
 .rodata.str1.4
                0xfe030bac       0x24 lib_ppc/libppc.a(extable.o)
 .rodata.str1.4
                0xfe030bd0      0x241 net/libnet.a(net.o)
                                0x244 (size before relaxing)
 *fill*         0xfe030e11        0x3 00
 .rodata.str1.4
                0xfe030e14      0x1c5 net/libnet.a(tftp.o)
                                0x1e8 (size before relaxing)
 *fill*         0xfe030fd9        0x3 00
 .rodata.str1.4
                0xfe030fdc      0x115 net/libnet.a(bootp.o)
                                0x14c (size before relaxing)
 *fill*         0xfe0310f1        0x3 00
 .rodata.str1.4
                0xfe0310f4       0x13 net/libnet.a(rarp.o)
                                 0x4c (size before relaxing)
 *fill*         0xfe031107        0x1 00
 .rodata.str1.4
                0xfe031108       0xfa net/libnet.a(eth.o)
                                0x10c (size before relaxing)
 *fill*         0xfe031202        0x2 00
 .rodata.str1.4
                0xfe031204      0x101 net/libnet.a(nfs.o)
                                0x1a0 (size before relaxing)
 *fill*         0xfe031305        0x3 00
 .rodata.str1.4
                0xfe031308      0x34d drivers/libdrivers.a(cfi_flash.o)
                                0x358 (size before relaxing)
 *fill*         0xfe031655        0x3 00
 .rodata.str1.4
                0xfe031658       0x7e drivers/libdrivers.a(pci.o)
                                 0x80 (size before relaxing)
 *fill*         0xfe0316d6        0x2 00
 .rodata.str1.4
                0xfe0316d8      0x1d3 drivers/libdrivers.a(tsec.o)
                                0x1dc (size before relaxing)
 *fill*         0xfe0318ab        0x1 00
 .rodata.str1.4
                0xfe0318ac        0x9 drivers/nand/libnand.a(nand.o)
                                  0xc (size before relaxing)
 *fill*         0xfe0318b5        0x3 00
 .rodata.str1.4
                0xfe0318b8      0x367 drivers/nand/libnand.a(nand_base.o)
                                0x368 (size before relaxing)
 *fill*         0xfe031c1f        0x1 00
 .rodata.str1.4
                0xfe031c20      0x43c drivers/nand/libnand.a(nand_ids.o)
 .rodata.str1.4
                0xfe03205c      0x308 drivers/nand/libnand.a(nand_bbt.o)
 .rodata.str1.4
                0xfe032364       0xe0 common/libcommon.a(main.o)
                                 0xe4 (size before relaxing)
 .rodata.str1.4
                0xfe032444       0xf7 common/libcommon.a(cmd_autoscript.o)
                                 0xf8 (size before relaxing)
 *fill*         0xfe03253b        0x1 00
 .rodata.str1.4
                0xfe03253c      0x10e common/libcommon.a(cmd_bdinfo.o)
                                0x110 (size before relaxing)
 *fill*         0xfe03264a        0x2 00
 .rodata.str1.4
                0xfe03264c      0x10c common/libcommon.a(cmd_boot.o)
                                0x118 (size before relaxing)
 .rodata.str1.4
                0xfe032758      0xcaf common/libcommon.a(cmd_bootm.o)
                                0xce4 (size before relaxing)
 *fill*         0xfe033407        0x1 00
 .rodata.str1.4
                0xfe033408       0x6d common/libcommon.a(cmd_console.o)
                                 0x74 (size before relaxing)
 *fill*         0xfe033475        0x3 00
 .rodata.str1.4
                0xfe033478      0x16c common/libcommon.a(cmd_date.o)
                                0x180 (size before relaxing)
 .rodata.str1.4
                0xfe0335e4      0x888 common/libcommon.a(cmd_flash.o)
                                0x8c4 (size before relaxing)
 .rodata.str1.4
                0xfe033e6c      0x743 common/libcommon.a(cmd_i2c.o)
                                0x75c (size before relaxing)
 *fill*         0xfe0345af        0x1 00
 .rodata.str1.4
                0xfe0345b0       0xcb common/libcommon.a(cmd_itest.o)
                                 0xdc (size before relaxing)
 *fill*         0xfe03467b        0x1 00
 .rodata.str1.4
                0xfe03467c      0xf86 common/libcommon.a(cmd_jffs2.o)
                                0xfd0 (size before relaxing)
 *fill*         0xfe035602        0x2 00
 .rodata.str1.4
                0xfe035604      0x393 common/libcommon.a(cmd_load.o)
                                0x3b4 (size before relaxing)
 *fill*         0xfe035997        0x1 00
 .rodata.str1.4
                0xfe035998      0x656 common/libcommon.a(cmd_mem.o)
                                0x6a4 (size before relaxing)
 *fill*         0xfe035fee        0x2 00
 .rodata.str1.4
                0xfe035ff0      0x7bc common/libcommon.a(cmd_mii.o)
                                0x7e8 (size before relaxing)
 .rodata.str1.4
                0xfe0367ac       0x70 common/libcommon.a(cmd_misc.o)
                                 0x7c (size before relaxing)
 .rodata.str1.4
                0xfe03681c      0x91d common/libcommon.a(cmd_nand.o)
                                0x964 (size before relaxing)
 *fill*         0xfe037139        0x3 00
 .rodata.str1.4
                0xfe03713c      0x265 common/libcommon.a(cmd_net.o)
                                0x2bc (size before relaxing)
 *fill*         0xfe0373a1        0x3 00
 .rodata.str1.4
                0xfe0373a4      0x323 common/libcommon.a(cmd_nvedit.o)
                                0x3bc (size before relaxing)
 *fill*         0xfe0376c7        0x1 00
 .rodata.str1.4
                0xfe0376c8      0xde0 common/libcommon.a(cmd_pci.o)
                                0xe18 (size before relaxing)
 .rodata.str1.4
                0xfe0384a8      0x324 common/libcommon.a(command.o)
                                0x34c (size before relaxing)
 .rodata.str1.4
                0xfe0387cc       0x75 common/libcommon.a(console.o)
                                 0x7c (size before relaxing)
 *fill*         0xfe038841        0x3 00
 .rodata.str1.4
                0xfe038844       0x2f common/libcommon.a(devices.o)
                                 0x48 (size before relaxing)
 *fill*         0xfe038873        0x1 00
 .rodata.str1.4
                0xfe038874       0x32 common/libcommon.a(env_common.o)
                                 0x34 (size before relaxing)
 *fill*         0xfe0388a6        0x2 00
 .rodata.str1.4
                0xfe0388a8       0x32 common/libcommon.a(env_flash.o)
                                 0x3c (size before relaxing)
 *fill*         0xfe0388da        0x2 00
 .rodata.str1.4
                0xfe0388dc      0x120 common/libcommon.a(flash.o)
 .rodata.str1.4
                0xfe0389fc      0x180 common/libcommon.a(ft_build.o)
                                0x1a4 (size before relaxing)
 .rodata.str1.4
                0xfe038b7c      0x185 common/libcommon.a(hush.o)
                                0x1e8 (size before relaxing)
 *fill*         0xfe038d01        0x3 00
 .rodata.str1.4
                0xfe038d04      0x189 common/libcommon.a(miiphyutil.o)
                                0x190 (size before relaxing)
 *fill*         0xfe038e8d        0x3 00
 .rodata.str1.4
                0xfe038e90       0xf1 common/libcommon.a(xyzModem.o)
                                 0xf8 (size before relaxing)
 *fill*         0xfe038f81        0x3 00
 .rodata.str1.4
                0xfe038f84       0x1f lib_generic/libgeneric.a(display_options.o)
                                 0x20 (size before relaxing)
 *fill*         0xfe038fa3        0x1 00
 .rodata.str1.4
                0xfe038fa4       0x57 lib_generic/libgeneric.a(vsprintf.o)
                                 0x58 (size before relaxing)
 *fill*         0xfe038ffb        0x1 00
 .rodata.str1.4
                0xfe038ffc      0x20f lib_generic/libgeneric.a(zlib.o)
                                0x214 (size before relaxing)
 *fill*         0xfe03920b        0x1 00
 .rodata.str1.4
                0xfe03920c       0x2a board/mpc8313erdb/libmpc8313erdb.a(mpc8313erdb.o)
                                 0x2c (size before relaxing)
 *fill*         0xfe039236        0x2 00
 .rodata.str1.4
                0xfe039238       0x1d board/mpc8313erdb/libmpc8313erdb.a(sdram.o)
                                 0x20 (size before relaxing)
 *fill*         0xfe039255        0x3 00
 .rodata.str1.4
                0xfe039258       0x25 board/mpc8313erdb/libmpc8313erdb.a(pci.o)
                                 0x28 (size before relaxing)
 *fill*         0xfe03927d        0x3 00
 .rodata.str1.4
                0xfe039280      0x1a2 board/mpc8313erdb/libmpc8313erdb.a(nand.o)
                                0x1a4 (size before relaxing)
 *fill*         0xfe039422        0x2 00
 .rodata.str1.4
                0xfe039424      0x215 cpu/mpc83xx/libmpc83xx.a(cpu.o)
                                0x21c (size before relaxing)
 *fill*         0xfe039639        0x3 00
 .rodata.str1.4
                0xfe03963c      0x198 cpu/mpc83xx/libmpc83xx.a(speed.o)
 .rodata.str1.4
                0xfe0397d4      0x1ac fs/cramfs/libcramfs.a(cramfs.o)
                                0x1b4 (size before relaxing)
 .rodata.str1.4
                0xfe039980        0x0 fs/cramfs/libcramfs.a(uncompress.o)
                                 0x24 (size before relaxing)
 .rodata.str1.4
                0xfe039980      0x42c fs/jffs2/libjffs2.a(jffs2_1pass.o)
                                0x450 (size before relaxing)
 .rodata.str1.4
                0xfe039dac       0x29 rtc/librtc.a(ds1337.o)
                                 0x2c (size before relaxing)
 *fill*         0xfe039dd5        0x3 00
 .rodata.str1.4
                0xfe039dd8      0x556 drivers/nand/libnand.a(nand_util.o)
                                0x55c (size before relaxing)
 *(.eh_frame)
 *fill*         0xfe03a32e        0x2 00
 .eh_frame      0xfe03a330       0x34 /opt/crosstool/gcc-4.1.0-glibc-2.3.6/powerpc-603-linux-gnu/lib/gcc/powerpc-603-linux-gnu/4.1.0/nof/libgcc.a(_udivdi3.o)

.fini
 *(.fini)

.ctors
 *(.ctors)

.dtors
 *(.dtors)
                0xfe03b000                . = ((. + 0xfff) & 0xfffff000)
                0xfe03b000                _erotext = .
                0xfe03b000                PROVIDE (erotext, .)

.reloc          0xfe03b000     0x18dc
 *(.got)
                0xfe03b000                _GOT2_TABLE_ = .
 *(.got2)
 .got2          0xfe03b000       0x24 cpu/mpc83xx/start.o
 .got2          0xfe03b024       0x4c cpu/mpc83xx/libmpc83xx.a(traps.o)
 .got2          0xfe03b070       0x78 lib_ppc/libppc.a(board.o)
 .got2          0xfe03b0e8       0x10 lib_ppc/libppc.a(extable.o)
 .got2          0xfe03b0f8        0x8 lib_ppc/libppc.a(interrupts.o)
 .got2          0xfe03b100      0x130 net/libnet.a(net.o)
 .got2          0xfe03b230       0xc0 net/libnet.a(tftp.o)
 .got2          0xfe03b2f0       0x88 net/libnet.a(bootp.o)
 .got2          0xfe03b378       0x30 net/libnet.a(rarp.o)
 .got2          0xfe03b3a8       0x4c net/libnet.a(eth.o)
 .got2          0xfe03b3f4       0xc8 net/libnet.a(nfs.o)
 .got2          0xfe03b4bc       0x90 drivers/libdrivers.a(cfi_flash.o)
 .got2          0xfe03b54c       0x1c drivers/libdrivers.a(pci.o)
 .got2          0xfe03b568        0x4 drivers/libdrivers.a(serial.o)
 .got2          0xfe03b56c       0x74 drivers/libdrivers.a(tsec.o)
 .got2          0xfe03b5e0        0x8 drivers/libdrivers.a(fsl_i2c.o)
 .got2          0xfe03b5e8       0x14 drivers/nand/libnand.a(nand.o)
 .got2          0xfe03b5fc       0xfc drivers/nand/libnand.a(nand_base.o)
 .got2          0xfe03b6f8        0x4 drivers/nand/libnand.a(nand_ecc.o)
 .got2          0xfe03b6fc       0x60 drivers/nand/libnand.a(nand_bbt.o)
 .got2          0xfe03b75c       0x3c common/libcommon.a(main.o)
 .got2          0xfe03b798       0x20 common/libcommon.a(cmd_autoscript.o)
 .got2          0xfe03b7b8       0x44 common/libcommon.a(cmd_bdinfo.o)
 .got2          0xfe03b7fc        0xc common/libcommon.a(cmd_boot.o)
 .got2          0xfe03b808      0x1ac common/libcommon.a(cmd_bootm.o)
 .got2          0xfe03b9b4       0x18 common/libcommon.a(cmd_console.o)
 .got2          0xfe03b9cc       0x1c common/libcommon.a(cmd_date.o)
 .got2          0xfe03b9e8       0x80 common/libcommon.a(cmd_flash.o)
 .got2          0xfe03ba68       0xb0 common/libcommon.a(cmd_i2c.o)
 .got2          0xfe03bb18       0x1c common/libcommon.a(cmd_itest.o)
 .got2          0xfe03bb34      0x194 common/libcommon.a(cmd_jffs2.o)
 .got2          0xfe03bcc8       0xac common/libcommon.a(cmd_load.o)
 .got2          0xfe03bd74       0x90 common/libcommon.a(cmd_mem.o)
 .got2          0xfe03be04       0x94 common/libcommon.a(cmd_mii.o)
 .got2          0xfe03be98        0x4 common/libcommon.a(cmd_misc.o)
 .got2          0xfe03be9c      0x128 common/libcommon.a(cmd_nand.o)
 .got2          0xfe03bfc4       0x68 common/libcommon.a(cmd_net.o)
 .got2          0xfe03c02c       0x68 common/libcommon.a(cmd_nvedit.o)
 .got2          0xfe03c094      0x17c common/libcommon.a(cmd_pci.o)
 .got2          0xfe03c210       0x54 common/libcommon.a(command.o)
 .got2          0xfe03c264       0x34 common/libcommon.a(console.o)
 .got2          0xfe03c298       0x20 common/libcommon.a(devices.o)
 .got2          0xfe03c2b8       0x28 common/libcommon.a(dlmalloc.o)
 .got2          0xfe03c2e0       0x14 common/libcommon.a(env_common.o)
 .got2          0xfe03c2f4       0x14 common/libcommon.a(env_flash.o)
 .got2          0xfe03c308       0x34 common/libcommon.a(exports.o)
 .got2          0xfe03c33c       0x2c common/libcommon.a(flash.o)
 .got2          0xfe03c368       0x80 common/libcommon.a(ft_build.o)
 .got2          0xfe03c3e8       0xa4 common/libcommon.a(hush.o)
 .got2          0xfe03c48c       0x3c common/libcommon.a(miiphyutil.o)
 .got2          0xfe03c4c8        0x4 common/libcommon.a(s_record.o)
 .got2          0xfe03c4cc       0x44 common/libcommon.a(xyzModem.o)
 .got2          0xfe03c510        0x4 common/libcommon.a(crc16.o)
 .got2          0xfe03c514        0x4 lib_generic/libgeneric.a(crc32.o)
 .got2          0xfe03c518       0x14 lib_generic/libgeneric.a(display_options.o)
 .got2          0xfe03c52c        0x4 lib_generic/libgeneric.a(string.o)
 .got2          0xfe03c530       0x10 lib_generic/libgeneric.a(vsprintf.o)
 .got2          0xfe03c540       0x8c lib_generic/libgeneric.a(zlib.o)
 .got2          0xfe03c5cc        0x8 board/mpc8313erdb/libmpc8313erdb.a(mpc8313erdb.o)
 .got2          0xfe03c5d4        0x8 board/mpc8313erdb/libmpc8313erdb.a(sdram.o)
 .got2          0xfe03c5dc        0x8 board/mpc8313erdb/libmpc8313erdb.a(pci.o)
 .got2          0xfe03c5e4       0x68 board/mpc8313erdb/libmpc8313erdb.a(nand.o)
 .got2          0xfe03c64c       0x60 cpu/mpc83xx/libmpc83xx.a(cpu.o)
 .got2          0xfe03c6ac       0x3c cpu/mpc83xx/libmpc83xx.a(speed.o)
 .got2          0xfe03c6e8       0x5c fs/cramfs/libcramfs.a(cramfs.o)
 .got2          0xfe03c744       0x10 fs/cramfs/libcramfs.a(uncompress.o)
 .got2          0xfe03c754       0xc4 fs/jffs2/libjffs2.a(jffs2_1pass.o)
 .got2          0xfe03c818        0x4 fs/jffs2/libjffs2.a(compr_zlib.o)
 .got2          0xfe03c81c        0x4 fs/jffs2/libjffs2.a(mini_inflate.o)
 .got2          0xfe03c820        0x8 rtc/librtc.a(date.o)
 .got2          0xfe03c828        0x4 rtc/librtc.a(ds1337.o)
 .got2          0xfe03c82c       0x18 drivers/libdrivers.a(pci_indirect.o)
 .got2          0xfe03c844       0x98 drivers/nand/libnand.a(nand_util.o)
                0xfe03c8dc                _FIXUP_TABLE_ = .
 *(.fixup)
                0x00000637                __got2_entries = ((_FIXUP_TABLE_ - _GOT2_TABLE_) >> 0x2)
                0x00000000                __fixup_entries = ((. - _FIXUP_TABLE_) >> 0x2)

.data           0xfe03c8dc     0x1010
 *(.data)
 .data          0xfe03c8dc       0x2e cpu/mpc83xx/start.o
                0xfe03c8dc                version_string
 *fill*         0xfe03c90a        0x2 00
 .data          0xfe03c90c        0x4 net/libnet.a(nfs.o)
 .data          0xfe03c910       0xd8 drivers/libdrivers.a(tsec.o)
 .data          0xfe03c9e8      0x298 drivers/nand/libnand.a(nand_base.o)
 .data          0xfe03cc80       0x14 drivers/nand/libnand.a(nand_bbt.o)
 .data          0xfe03cc94       0x10 common/libcommon.a(main.o)
 .data          0xfe03cca4        0x4 common/libcommon.a(cmd_i2c.o)
 .data          0xfe03cca8        0x4 common/libcommon.a(cmd_load.o)
 .data          0xfe03ccac        0xc common/libcommon.a(dlmalloc.o)
 .data          0xfe03ccb8      0x41c common/libcommon.a(env_common.o)
                0xfe03ccb8                default_environment
 .data          0xfe03d0d4      0x100 lib_generic/libgeneric.a(ctype.o)
                0xfe03d0d4                _ctype
 .data          0xfe03d1d4      0x1ec lib_generic/libgeneric.a(zlib.o)
 .data          0xfe03d3c0      0x190 board/mpc8313erdb/libmpc8313erdb.a(nand.o)
 .data          0xfe03d550       0xe0 cpu/mpc83xx/libmpc83xx.a(speed.o)
                0xfe03d550                corecnf_tab
 .data          0xfe03d630        0x4 fs/jffs2/libjffs2.a(jffs2_1pass.o)
 .data          0xfe03d634       0x30 rtc/librtc.a(date.o)
 .data          0xfe03d664      0x258 drivers/nand/libnand.a(nand_util.o)
 *(.data1)
 *(.sdata)
 .sdata         0xfe03d8bc        0x4 lib_ppc/libppc.a(extable.o)
                0xfe03d8bc                ex_tab_message
 .sdata         0xfe03d8c0        0xc net/libnet.a(net.o)
                0xfe03d8c6                NetOurVLAN
                0xfe03d8c8                NetOurNativeVLAN
                0xfe03d8c0                NetBcastAddr
 .sdata         0xfe03d8cc        0x4 drivers/nand/libnand.a(nand.o)
                0xfe03d8cc                nand_curr_device
 .sdata         0xfe03d8d0        0x4 common/libcommon.a(cmd_bootm.o)
                0xfe03d8d0                load_addr
 .sdata         0xfe03d8d4        0x4 common/libcommon.a(cmd_mem.o)
                0xfe03d8d4                dp_last_length
 .sdata         0xfe03d8d8        0x1 common/libcommon.a(cmd_pci.o)
                0xfe03d8d8                ShortPCIListing
 *fill*         0xfe03d8d9        0x3 00
 .sdata         0xfe03d8dc        0x4 common/libcommon.a(env_common.o)
                0xfe03d8dc                env_get_char
 .sdata         0xfe03d8e0        0x8 common/libcommon.a(env_flash.o)
                0xfe03d8e0                env_name_spec
                0xfe03d8e4                env_ptr
 .sdata         0xfe03d8e8        0x4 lib_generic/libgeneric.a(zlib.o)
                0xfe03d8e8                zlib_version
 *(.sdata2)
 *(.dynamic)
                0xfe03d8ec                _edata = .
                0xfe03d8ec                PROVIDE (edata, .)

.data.rel       0xfe03d8ec      0x444
 .data.rel      0xfe03d8ec       0x34 lib_ppc/libppc.a(board.o)
                0xfe03d8ec                init_sequence
 .data.rel      0xfe03d920      0x3e0 drivers/libdrivers.a(tsec.o)
                0xfe03d920                phy_info
 .data.rel      0xfe03dd00       0x30 common/libcommon.a(cmd_mii.o)
                0xfe03dd00                desc_and_len_tbl

.data.rel.ro.local
                0xfe03dd30       0x2c
 .data.rel.ro.local
                0xfe03dd30        0x4 lib_ppc/libppc.a(board.o)
 .data.rel.ro.local
                0xfe03dd34        0x8 common/libcommon.a(cmd_jffs2.o)
 .data.rel.ro.local
                0xfe03dd3c       0x20 fs/jffs2/libjffs2.a(jffs2_1pass.o)

.data.rel.local
                0xfe03dd5c      0xfa0
 .data.rel.local
                0xfe03dd5c      0x180 drivers/libdrivers.a(tsec.o)
                0xfe03ddbc                phy_info_rtl8201
                0xfe03ddd4                phy_info_VSC8244
                0xfe03dd5c                phy_info_M88E1011S
                0xfe03dda4                phy_info_cis8201
                0xfe03dd74                phy_info_M88E1111S
                0xfe03dd8c                phy_info_cis8204
                0xfe03ddec                phy_info_dm9161
                0xfe03de04                phy_info_dp83865
 .data.rel.local
                0xfe03dedc      0x530 drivers/nand/libnand.a(nand_ids.o)
                0xfe03e3d4                nand_manuf_ids
                0xfe03dedc                nand_flash_ids
 .data.rel.local
                0xfe03e40c       0xfc drivers/nand/libnand.a(nand_bbt.o)
 .data.rel.local
                0xfe03e508       0x1c common/libcommon.a(cmd_date.o)
                0xfe03e508                weekdays
 .data.rel.local
                0xfe03e524       0x68 common/libcommon.a(cmd_itest.o)
                0xfe03e524                op_table
 .data.rel.local
                0xfe03e58c      0x2b8 common/libcommon.a(cmd_mii.o)
                0xfe03e58c                reg_0_5_desc_tbl
                0xfe03e5bc                reg_0_desc_tbl
                0xfe03e7b4                reg_5_desc_tbl
                0xfe03e724                reg_4_desc_tbl
                0xfe03e6f4                reg_2_desc_tbl
                0xfe03e634                reg_1_desc_tbl
                0xfe03e700                reg_3_desc_tbl
 .data.rel.local
                0xfe03e844        0xc common/libcommon.a(devices.o)
                0xfe03e844                stdio_names
 .data.rel.local
                0xfe03e850      0x408 common/libcommon.a(dlmalloc.o)
 .data.rel.local
                0xfe03ec58       0x84 common/libcommon.a(hush.o)
 .data.rel.local
                0xfe03ecdc       0x20 lib_generic/libgeneric.a(zlib.o)
                0xfe03ecdc                z_errmsg
                0xfe03ecfc                . = ALIGN (0x4)
                0xfe03ecfc                __start_data = .

data            0xfe03ecfc        0x4
 data           0xfe03ecfc        0x4 drivers/libdrivers.a(fsl_i2c.o)
                0xfe03ed00                __stop_data = .
                0xfe03ed00                . = .
                0xfe03ed00                __u_boot_cmd_start = .

.u_boot_cmd     0xfe03ed00      0x5d0
 *(.u_boot_cmd)
 .u_boot_cmd    0xfe03ed00       0x18 common/libcommon.a(cmd_autoscript.o)
                0xfe03ed00                __u_boot_cmd_autoscr
 .u_boot_cmd    0xfe03ed18       0x18 common/libcommon.a(cmd_bdinfo.o)
                0xfe03ed18                __u_boot_cmd_bdinfo
 .u_boot_cmd    0xfe03ed30       0x30 common/libcommon.a(cmd_boot.o)
                0xfe03ed48                __u_boot_cmd_reset
                0xfe03ed30                __u_boot_cmd_go
 .u_boot_cmd    0xfe03ed60       0x78 common/libcommon.a(cmd_bootm.o)
                0xfe03ed60                __u_boot_cmd_bootm
                0xfe03eda8                __u_boot_cmd_iminfo
                0xfe03edc0                __u_boot_cmd_imls
                0xfe03ed90                __u_boot_cmd_bootd
                0xfe03ed78                __u_boot_cmd_boot
 .u_boot_cmd    0xfe03edd8       0x18 common/libcommon.a(cmd_console.o)
                0xfe03edd8                __u_boot_cmd_coninfo
 .u_boot_cmd    0xfe03edf0       0x18 common/libcommon.a(cmd_date.o)
                0xfe03edf0                __u_boot_cmd_date
 .u_boot_cmd    0xfe03ee08       0x48 common/libcommon.a(cmd_flash.o)
                0xfe03ee08                __u_boot_cmd_flinfo
                0xfe03ee38                __u_boot_cmd_protect
                0xfe03ee20                __u_boot_cmd_erase
 .u_boot_cmd    0xfe03ee50       0xc0 common/libcommon.a(cmd_i2c.o)
                0xfe03ee80                __u_boot_cmd_inm
                0xfe03ee98                __u_boot_cmd_imw
                0xfe03eef8                __u_boot_cmd_i2c
                0xfe03eec8                __u_boot_cmd_iprobe
                0xfe03eee0                __u_boot_cmd_iloop
                0xfe03ee68                __u_boot_cmd_imm
                0xfe03eeb0                __u_boot_cmd_icrc32
                0xfe03ee50                __u_boot_cmd_imd
 .u_boot_cmd    0xfe03ef10       0x18 common/libcommon.a(cmd_itest.o)
                0xfe03ef10                __u_boot_cmd_itest
 .u_boot_cmd    0xfe03ef28       0x78 common/libcommon.a(cmd_jffs2.o)
                0xfe03ef58                __u_boot_cmd_fsinfo
                0xfe03ef70                __u_boot_cmd_chpart
                0xfe03ef88                __u_boot_cmd_mtdparts
                0xfe03ef40                __u_boot_cmd_ls
                0xfe03ef28                __u_boot_cmd_fsload
 .u_boot_cmd    0xfe03efa0       0x48 common/libcommon.a(cmd_load.o)
                0xfe03efd0                __u_boot_cmd_loady
                0xfe03efa0                __u_boot_cmd_loads
                0xfe03efb8                __u_boot_cmd_loadb
 .u_boot_cmd    0xfe03efe8       0xf0 common/libcommon.a(cmd_mem.o)
                0xfe03f000                __u_boot_cmd_mm
                0xfe03f048                __u_boot_cmd_cp
                0xfe03f0a8                __u_boot_cmd_loop
                0xfe03f090                __u_boot_cmd_base
                0xfe03f030                __u_boot_cmd_mw
                0xfe03f060                __u_boot_cmd_cmp
                0xfe03f018                __u_boot_cmd_nm
                0xfe03f0c0                __u_boot_cmd_mtest
                0xfe03f078                __u_boot_cmd_crc32
                0xfe03efe8                __u_boot_cmd_md
 .u_boot_cmd    0xfe03f0d8       0x18 common/libcommon.a(cmd_mii.o)
                0xfe03f0d8                __u_boot_cmd_mii
 .u_boot_cmd    0xfe03f0f0       0x18 common/libcommon.a(cmd_misc.o)
                0xfe03f0f0                __u_boot_cmd_sleep
 .u_boot_cmd    0xfe03f108       0x30 common/libcommon.a(cmd_nand.o)
                0xfe03f108                __u_boot_cmd_nand
                0xfe03f120                __u_boot_cmd_nboot
 .u_boot_cmd    0xfe03f138       0x90 common/libcommon.a(cmd_net.o)
                0xfe03f1b0                __u_boot_cmd_ping
                0xfe03f198                __u_boot_cmd_nfs
                0xfe03f168                __u_boot_cmd_rarpboot
                0xfe03f138                __u_boot_cmd_bootp
                0xfe03f180                __u_boot_cmd_dhcp
                0xfe03f150                __u_boot_cmd_tftpboot
 .u_boot_cmd    0xfe03f1c8       0x60 common/libcommon.a(cmd_nvedit.o)
                0xfe03f1e0                __u_boot_cmd_setenv
                0xfe03f1c8                __u_boot_cmd_printenv
                0xfe03f1f8                __u_boot_cmd_saveenv
                0xfe03f210                __u_boot_cmd_run
 .u_boot_cmd    0xfe03f228       0x18 common/libcommon.a(cmd_pci.o)
                0xfe03f228                __u_boot_cmd_pci
 .u_boot_cmd    0xfe03f240       0x90 common/libcommon.a(command.o)
                0xfe03f240                __u_boot_cmd_version
                0xfe03f258                __u_boot_cmd_echo
                0xfe03f2a0                __u_boot_cmd_help
                0xfe03f288                __u_boot_cmd_exit
                0xfe03f270                __u_boot_cmd_test
                0xfe03f2b8                __u_boot_cmd_question_mark
                0xfe03f2d0                __u_boot_cmd_end = .
                0xfe03f2d0                . = .
                0xfe03f2d0                __start___ex_table = .

__ex_table
 *(__ex_table)
                0xfe03f2d0                __stop___ex_table = .
                0xfe040000                . = ALIGN (0x1000)
                0xfe040000                __init_begin = .

.text.init
 *(.text.init)

.data.init
 *(.data.init)
                0xfe040000                . = ALIGN (0x1000)
                0xfe040000                __init_end = .
                0xfe040000                __bss_start = .

.bss            0xfe040000     0x5cfc
 *(.sbss)
 .sbss          0xfe040000        0xc lib_ppc/libppc.a(board.o)
 .sbss          0xfe04000c        0x4 lib_ppc/libppc.a(board.o)
                0xfe04000c                monitor_flash_len
 .sbss          0xfe040010        0x8 lib_ppc/libppc.a(interrupts.o)
 .sbss          0xfe040018       0x90 net/libnet.a(net.o)
                0xfe040020                NetOurDNSIP
                0xfe040064                NetOurIP
                0xfe04001c                NetOurGatewayIP
                0xfe040038                NetRestartWrap
                0xfe04003c                NetTxPacket
                0xfe040028                NetServerEther
                0xfe040068                NetState
                0xfe040018                NetOurSubnetMask
                0xfe04006c                NetArpWaitPacketIP
                0xfe040070                NetArpWaitTimerStart
                0xfe040074                NetServerIP
                0xfe040030                NetEtherNullAddr
                0xfe040078                NetArpWaitReplyIP
                0xfe04007c                NetArpWaitPacketMAC
                0xfe040080                NetOurEther
                0xfe040088                NetIPID
                0xfe04008c                NetArpWaitTxPacketSize
                0xfe040090                NetArpWaitTxPacket
                0xfe040024                NetBootFileSize
                0xfe040094                NetArpWaitTry
                0xfe040098                NetPingIP
                0xfe04009c                NetRxPktLen
                0xfe0400a0                NetBootFileXferSize
                0xfe0400a4                NetRxPkt
 .sbss          0xfe0400a8       0x24 net/libnet.a(tftp.o)
 .sbss          0xfe0400cc       0x14 net/libnet.a(bootp.o)
                0xfe0400d8                BootpTry
                0xfe0400cc                dhcp_state
                0xfe0400dc                BootpID
                0xfe0400d0                dhcp_leasetime
                0xfe0400d4                NetDHCPServerIP
 .sbss          0xfe0400e0        0x4 net/libnet.a(rarp.o)
                0xfe0400e0                RarpTry
 .sbss          0xfe0400e4        0xc net/libnet.a(eth.o)
 .sbss          0xfe0400f0       0x30 net/libnet.a(nfs.o)
 .sbss          0xfe040120        0x4 drivers/libdrivers.a(pci.o)
 .sbss          0xfe040124        0xc drivers/libdrivers.a(tsec.o)
 .sbss          0xfe040130       0x18 common/libcommon.a(cmd_i2c.o)
 .sbss          0xfe040148       0x1c common/libcommon.a(cmd_jffs2.o)
                0xfe040154                mtdids
                0xfe04015c                devices
 .sbss          0xfe040164       0x40 common/libcommon.a(cmd_load.o)
                0xfe040184                his_eol
                0xfe040188                os_data_init
                0xfe04018c                os_data_count
                0xfe040190                his_pad_char
                0xfe040194                send_ptr
                0xfe040198                his_quote
                0xfe04019c                os_data_char
                0xfe0401a0                his_pad_count
 .sbss          0xfe0401a4       0x14 common/libcommon.a(cmd_mem.o)
                0xfe0401a8                dp_last_size
                0xfe0401ac                mm_last_size
                0xfe0401b0                mm_last_addr
                0xfe0401b4                dp_last_addr
 .sbss          0xfe0401b8       0x18 common/libcommon.a(cmd_mii.o)
                0xfe0401b8                last_reg_hi
                0xfe0401bc                last_data
                0xfe0401c0                last_addr_lo
                0xfe0401c4                last_reg_lo
                0xfe0401c8                last_op
                0xfe0401cc                last_addr_hi
 .sbss          0xfe0401d0        0x8 common/libcommon.a(console.o)
 .sbss          0xfe0401d8        0x4 common/libcommon.a(devices.o)
                0xfe0401d8                devlist
 .sbss          0xfe0401dc       0x10 common/libcommon.a(dlmalloc.o)
 .sbss          0xfe0401ec       0x18 common/libcommon.a(hush.o)
                0xfe0401fc                nesting_level
                0xfe040200                last_return_code
 .sbss          0xfe040204        0xc common/libcommon.a(miiphyutil.o)
 .sbss          0xfe040210        0x4 lib_generic/libgeneric.a(string.o)
                0xfe040210                ___strtok
 .sbss          0xfe040214       0x18 lib_generic/libgeneric.a(zlib.o)
 .sbss          0xfe04022c        0x8 fs/jffs2/libjffs2.a(jffs2_1pass.o)
 *(.scommon)
 *(.dynbss)
 *(.bss)
 .bss           0xfe040234       0x80 net/libnet.a(net.o)
                0xfe040254                NetOurHostName
                0xfe040234                NetOurNISDomain
                0xfe040274                NetOurRootPath
 .bss           0xfe0402b4       0x10 net/libnet.a(tftp.o)
 .bss           0xfe0402c4      0x880 net/libnet.a(nfs.o)
 .bss           0xfe040b44       0x10 drivers/libdrivers.a(pci.o)
 *fill*         0xfe040b54        0x4 00
 .bss           0xfe040b58       0x40 drivers/libdrivers.a(tsec.o)
 .bss           0xfe040b98       0xbc drivers/nand/libnand.a(nand.o)
 .bss           0xfe040c54      0x290 common/libcommon.a(cmd_jffs2.o)
 .bss           0xfe040ee4       0x18 common/libcommon.a(cmd_load.o)
 .bss           0xfe040efc        0xc common/libcommon.a(devices.o)
                0xfe040efc                stdio_devices
 .bss           0xfe040f08       0x28 common/libcommon.a(dlmalloc.o)
 .bss           0xfe040f30      0x200 common/libcommon.a(ft_build.o)
 .bss           0xfe041130      0x240 common/libcommon.a(hush.o)
 .bss           0xfe041370      0x43c common/libcommon.a(xyzModem.o)
 .bss           0xfe0417ac     0x1090 lib_generic/libgeneric.a(zlib.o)
 .bss           0xfe04283c       0xd8 board/mpc8313erdb/libmpc8313erdb.a(pci.o)
 .bss           0xfe042914       0x34 fs/cramfs/libcramfs.a(uncompress.o)
 .bss           0xfe042948      0x908 drivers/nand/libnand.a(nand_util.o)
 *(COMMON)
 COMMON         0xfe043250     0x24d0 net/libnet.a(net.o)
                0xfe043250                PktBuf
                0xfe045070                NetRxPackets
                0xfe045080                BootFile
                0xfe045100                NetArpWaitPacketBuf
 COMMON         0xfe045720      0x2d4 drivers/libdrivers.a(cfi_flash.o)
                0xfe045720                flash_info
 COMMON         0xfe0459f4      0x148 drivers/nand/libnand.a(nand.o)
                0xfe0459f4                nand_info
 COMMON         0xfe045b3c      0x100 common/libcommon.a(main.o)
                0xfe045b3c                console_buffer
 COMMON         0xfe045c3c       0x40 common/libcommon.a(cmd_bootm.o)
                0xfe045c3c                header
 COMMON         0xfe045c7c       0x34 common/libcommon.a(cmd_load.o)
                0xfe045c7c                send_parms
                0xfe045c90                os_data_header
 COMMON         0xfe045cb0       0x4c fs/cramfs/libcramfs.a(cramfs.o)
                0xfe045cb0                super
                0xfe045cfc                _end = .
                0xfe045cfc                PROVIDE (end, .)
Address of section .text set to 0xfe000000
LOAD cpu/mpc83xx/start.o
START GROUP
LOAD lib_generic/libgeneric.a
LOAD board/mpc8313erdb/libmpc8313erdb.a
LOAD cpu/mpc83xx/libmpc83xx.a
LOAD lib_ppc/libppc.a
LOAD fs/cramfs/libcramfs.a
LOAD fs/fat/libfat.a
LOAD fs/fdos/libfdos.a
LOAD fs/jffs2/libjffs2.a
LOAD fs/reiserfs/libreiserfs.a
LOAD fs/ext2/libext2fs.a
LOAD net/libnet.a
LOAD disk/libdisk.a
LOAD rtc/librtc.a
LOAD dtt/libdtt.a
LOAD drivers/libdrivers.a
LOAD drivers/nand/libnand.a
LOAD drivers/nand_legacy/libnand_legacy.a
LOAD drivers/qe/qe.a
LOAD drivers/sk98lin/libsk98lin.a
LOAD post/libpost.a
LOAD post/cpu/libcpu.a
LOAD common/libcommon.a
END GROUP
LOAD /opt/crosstool/gcc-4.1.0-glibc-2.3.6/powerpc-603-linux-gnu/lib/gcc/powerpc-603-linux-gnu/4.1.0/nof/libgcc.a
OUTPUT(u-boot elf32-powerpc)

.stab           0x00000000    0x5c79c
 .stab          0x00000000     0x1ca4 cpu/mpc83xx/start.o
 .stab          0x00001ca4     0x11f4 cpu/mpc83xx/libmpc83xx.a(traps.o)
                               0x1200 (size before relaxing)
 .stab          0x00002e98      0x630 cpu/mpc83xx/libmpc83xx.a(cpu_init.o)
                                0xeb8 (size before relaxing)
 .stab          0x000034c8      0x3f0 cpu/mpc83xx/libmpc83xx.a(interrupts.o)
                                0xccc (size before relaxing)
 .stab          0x000038b8      0x7ec lib_ppc/libppc.a(ppcstring.o)
                                0x7f8 (size before relaxing)
 .stab          0x000040a4      0xf78 lib_ppc/libppc.a(board.o)
                               0x1830 (size before relaxing)
 .stab          0x0000501c      0x354 lib_ppc/libppc.a(extable.o)
                                0xbdc (size before relaxing)
 .stab          0x00005370      0x3b4 lib_ppc/libppc.a(time.o)
                                0xc3c (size before relaxing)
 .stab          0x00005724      0x5c4 lib_ppc/libppc.a(interrupts.o)
                                0xe70 (size before relaxing)
 .stab          0x00005ce8       0xe4 lib_ppc/libppc.a(ticks.o)
                                 0xf0 (size before relaxing)
 .stab          0x00005dcc     0x2c28 net/libnet.a(net.o)
                               0x34e0 (size before relaxing)
 .stab          0x000089f4      0xb64 net/libnet.a(tftp.o)
                               0x14f4 (size before relaxing)
 .stab          0x00009558     0x16ec net/libnet.a(bootp.o)
                               0x2094 (size before relaxing)
 .stab          0x0000ac44      0x528 net/libnet.a(rarp.o)
                                0xed0 (size before relaxing)
 .stab          0x0000b16c      0xe10 net/libnet.a(eth.o)
                               0x1770 (size before relaxing)
 .stab          0x0000bf7c     0x1938 net/libnet.a(nfs.o)
                               0x22f8 (size before relaxing)
 .stab          0x0000d8b4     0x258c drivers/libdrivers.a(cfi_flash.o)
                               0x2e5c (size before relaxing)
 .stab          0x0000fe40     0x17b8 drivers/libdrivers.a(pci.o)
                               0x2094 (size before relaxing)
 .stab          0x000115f8      0xc54 drivers/libdrivers.a(pci_auto.o)
                               0x1524 (size before relaxing)
 .stab          0x0001224c      0x978 drivers/libdrivers.a(serial.o)
                               0x1200 (size before relaxing)
 .stab          0x00012bc4     0x2880 drivers/libdrivers.a(tsec.o)
                               0x31f8 (size before relaxing)
 .stab          0x00015444      0xffc drivers/libdrivers.a(fsl_i2c.o)
                               0x18b4 (size before relaxing)
 .stab          0x00016440      0x45c drivers/libdrivers.a(ns16550.o)
                                0x48c (size before relaxing)
 .stab          0x0001689c      0x4c8 drivers/nand/libnand.a(nand.o)
                                0xd50 (size before relaxing)
 .stab          0x00016d64     0x5718 drivers/nand/libnand.a(nand_base.o)
                               0x6084 (size before relaxing)
 .stab          0x0001c47c      0x1f8 drivers/nand/libnand.a(nand_ids.o)
                                0xb4c (size before relaxing)
 .stab          0x0001c674      0x954 drivers/nand/libnand.a(nand_ecc.o)
                               0x1254 (size before relaxing)
 .stab          0x0001cfc8     0x2370 drivers/nand/libnand.a(nand_bbt.o)
                               0x2cdc (size before relaxing)
 .stab          0x0001f338      0xfb4 common/libcommon.a(main.o)
                               0x186c (size before relaxing)
 .stab          0x000202ec      0x504 common/libcommon.a(cmd_autoscript.o)
                                0xdd4 (size before relaxing)
 .stab          0x000207f0      0x588 common/libcommon.a(cmd_bdinfo.o)
                                0xee8 (size before relaxing)
 .stab          0x00020d78      0x36c common/libcommon.a(cmd_boot.o)
                                0xccc (size before relaxing)
 .stab          0x000210e4     0x22ec common/libcommon.a(cmd_bootm.o)
                               0x2c04 (size before relaxing)
 .stab          0x000233d0      0x354 common/libcommon.a(cmd_console.o)
                                0xc90 (size before relaxing)
 .stab          0x00023724      0x6c0 common/libcommon.a(cmd_date.o)
                                0xf90 (size before relaxing)
 .stab          0x00023de4     0x14dc common/libcommon.a(cmd_flash.o)
                               0x1e24 (size before relaxing)
 .stab          0x000252c0     0x16c8 common/libcommon.a(cmd_i2c.o)
                               0x1f80 (size before relaxing)
 .stab          0x00026988      0x72c common/libcommon.a(cmd_itest.o)
                                0xfe4 (size before relaxing)
 .stab          0x000270b4     0x4d34 common/libcommon.a(cmd_jffs2.o)
                               0x57c0 (size before relaxing)
 .stab          0x0002bde8     0x24f0 common/libcommon.a(cmd_load.o)
                               0x2e50 (size before relaxing)
 .stab          0x0002e2d8     0x19ec common/libcommon.a(cmd_mem.o)
                               0x22a4 (size before relaxing)
 .stab          0x0002fcc4      0xed0 common/libcommon.a(cmd_mii.o)
                               0x1830 (size before relaxing)
 .stab          0x00030b94      0x324 common/libcommon.a(cmd_misc.o)
                                0xbdc (size before relaxing)
 .stab          0x00030eb8     0x16d4 common/libcommon.a(cmd_nand.o)
                               0x2160 (size before relaxing)
 .stab          0x0003258c      0x9f0 common/libcommon.a(cmd_net.o)
                               0x1368 (size before relaxing)
 .stab          0x00032f7c     0x1158 common/libcommon.a(cmd_nvedit.o)
                               0x1a34 (size before relaxing)
 .stab          0x000340d4     0x14d0 common/libcommon.a(cmd_pci.o)
                               0x1df4 (size before relaxing)
 .stab          0x000355a4      0xd74 common/libcommon.a(command.o)
                               0x162c (size before relaxing)
 .stab          0x00036318     0x12cc common/libcommon.a(console.o)
                               0x1c08 (size before relaxing)
 .stab          0x000375e4      0x480 common/libcommon.a(devices.o)
                                0xda4 (size before relaxing)
 .stab          0x00037a64     0x28ec common/libcommon.a(dlmalloc.o)
                               0x2988 (size before relaxing)
 .stab          0x0003a350      0x5a0 common/libcommon.a(env_common.o)
                                0xe94 (size before relaxing)
 .stab          0x0003a8f0      0x51c common/libcommon.a(env_flash.o)
                                0xe10 (size before relaxing)
 .stab          0x0003ae0c      0x4b0 common/libcommon.a(exports.o)
                                0xd50 (size before relaxing)
 .stab          0x0003b2bc      0x8e8 common/libcommon.a(flash.o)
                               0x1170 (size before relaxing)
 .stab          0x0003bba4     0x192c common/libcommon.a(ft_build.o)
                               0x2214 (size before relaxing)
 .stab          0x0003d4d0     0x4614 common/libcommon.a(hush.o)
                               0x4ecc (size before relaxing)
 .stab          0x00041ae4      0xc90 common/libcommon.a(lists.o)
                               0x1590 (size before relaxing)
 .stab          0x00042774      0xea0 common/libcommon.a(miiphyutil.o)
                               0x180c (size before relaxing)
 .stab          0x00043614      0x6e4 common/libcommon.a(s_record.o)
                                0xf6c (size before relaxing)
 .stab          0x00043cf8     0x11f4 common/libcommon.a(xyzModem.o)
                               0x1aa0 (size before relaxing)
 .stab          0x00044eec      0x1f8 common/libcommon.a(crc16.o)
                                0x660 (size before relaxing)
 .stab          0x000450e4      0x36c lib_generic/libgeneric.a(crc32.o)
                                0xcc0 (size before relaxing)
 .stab          0x00045450       0xf0 lib_generic/libgeneric.a(ctype.o)
                                 0xfc (size before relaxing)
 .stab          0x00045540      0x378 lib_generic/libgeneric.a(display_options.o)
                                0xc00 (size before relaxing)
 .stab          0x000458b8      0xc3c lib_generic/libgeneric.a(string.o)
                               0x10bc (size before relaxing)
 .stab          0x000464f4     0x1524 lib_generic/libgeneric.a(vsprintf.o)
                               0x15fc (size before relaxing)
 .stab          0x00047a18     0x6324 lib_generic/libgeneric.a(zlib.o)
                               0x6450 (size before relaxing)
 .stab          0x0004dd3c      0x534 board/mpc8313erdb/libmpc8313erdb.a(mpc8313erdb.o)
                                0xef4 (size before relaxing)
 .stab          0x0004e270      0x5e8 board/mpc8313erdb/libmpc8313erdb.a(sdram.o)
                               0x1008 (size before relaxing)
 .stab          0x0004e858     0x11d0 board/mpc8313erdb/libmpc8313erdb.a(pci.o)
                               0x129c (size before relaxing)
 .stab          0x0004fa28     0x1b30 board/mpc8313erdb/libmpc8313erdb.a(nand.o)
                               0x24fc (size before relaxing)
 .stab          0x00051558      0x7a4 cpu/mpc83xx/libmpc83xx.a(cpu.o)
                               0x10a4 (size before relaxing)
 .stab          0x00051cfc      0x750 cpu/mpc83xx/libmpc83xx.a(speed.o)
                                0xffc (size before relaxing)
 .stab          0x0005244c      0x2c4 lib_ppc/libppc.a(cache.o)
                                0xb4c (size before relaxing)
 .stab          0x00052710     0x1824 fs/cramfs/libcramfs.a(cramfs.o)
                               0x2184 (size before relaxing)
 .stab          0x00053f34      0x558 fs/cramfs/libcramfs.a(uncompress.o)
                                0xec4 (size before relaxing)
 .stab          0x0005448c     0x31e0 fs/jffs2/libjffs2.a(jffs2_1pass.o)
                               0x3c54 (size before relaxing)
 .stab          0x0005766c      0x2dc fs/jffs2/libjffs2.a(compr_rtime.o)
                                0x438 (size before relaxing)
 .stab          0x00057948      0x48c fs/jffs2/libjffs2.a(compr_rubin.o)
                                0x618 (size before relaxing)
 .stab          0x00057dd4      0x2a0 fs/jffs2/libjffs2.a(compr_zlib.o)
                                0xbb8 (size before relaxing)
 .stab          0x00058074     0x1680 fs/jffs2/libjffs2.a(mini_inflate.o)
                               0x168c (size before relaxing)
 .stab          0x000596f4      0x618 rtc/librtc.a(date.o)
                                0xee8 (size before relaxing)
 .stab          0x00059d0c      0x7c8 rtc/librtc.a(ds1337.o)
                               0x1098 (size before relaxing)
 .stab          0x0005a4d4      0xb1c drivers/libdrivers.a(pci_indirect.o)
                               0x1410 (size before relaxing)
 .stab          0x0005aff0     0x17ac drivers/nand/libnand.a(nand_util.o)
                               0x2238 (size before relaxing)

.stabstr        0x00000000    0x259b2
 .stabstr       0x00000000    0x259b2 cpu/mpc83xx/start.o

.comment        0x00000000      0x60c
 .comment       0x00000000       0x12 cpu/mpc83xx/libmpc83xx.a(traps.o)
 .comment       0x00000012       0x12 cpu/mpc83xx/libmpc83xx.a(cpu_init.o)
 .comment       0x00000024       0x12 cpu/mpc83xx/libmpc83xx.a(interrupts.o)
 .comment       0x00000036       0x12 lib_ppc/libppc.a(board.o)
 .comment       0x00000048       0x12 lib_ppc/libppc.a(extable.o)
 .comment       0x0000005a       0x12 lib_ppc/libppc.a(time.o)
 .comment       0x0000006c       0x12 lib_ppc/libppc.a(interrupts.o)
 .comment       0x0000007e       0x12 net/libnet.a(net.o)
 .comment       0x00000090       0x12 net/libnet.a(tftp.o)
 .comment       0x000000a2       0x12 net/libnet.a(bootp.o)
 .comment       0x000000b4       0x12 net/libnet.a(rarp.o)
 .comment       0x000000c6       0x12 net/libnet.a(eth.o)
 .comment       0x000000d8       0x12 net/libnet.a(nfs.o)
 .comment       0x000000ea       0x12 drivers/libdrivers.a(cfi_flash.o)
 .comment       0x000000fc       0x12 drivers/libdrivers.a(pci.o)
 .comment       0x0000010e       0x12 drivers/libdrivers.a(pci_auto.o)
 .comment       0x00000120       0x12 drivers/libdrivers.a(serial.o)
 .comment       0x00000132       0x12 drivers/libdrivers.a(tsec.o)
 .comment       0x00000144       0x12 drivers/libdrivers.a(fsl_i2c.o)
 .comment       0x00000156       0x12 drivers/libdrivers.a(ns16550.o)
 .comment       0x00000168       0x12 drivers/nand/libnand.a(nand.o)
 .comment       0x0000017a       0x12 drivers/nand/libnand.a(nand_base.o)
 .comment       0x0000018c       0x12 drivers/nand/libnand.a(nand_ids.o)
 .comment       0x0000019e       0x12 drivers/nand/libnand.a(nand_ecc.o)
 .comment       0x000001b0       0x12 drivers/nand/libnand.a(nand_bbt.o)
 .comment       0x000001c2       0x12 common/libcommon.a(main.o)
 .comment       0x000001d4       0x12 common/libcommon.a(cmd_autoscript.o)
 .comment       0x000001e6       0x12 common/libcommon.a(cmd_bdinfo.o)
 .comment       0x000001f8       0x12 common/libcommon.a(cmd_boot.o)
 .comment       0x0000020a       0x12 common/libcommon.a(cmd_bootm.o)
 .comment       0x0000021c       0x12 common/libcommon.a(cmd_console.o)
 .comment       0x0000022e       0x12 common/libcommon.a(cmd_date.o)
 .comment       0x00000240       0x12 common/libcommon.a(cmd_flash.o)
 .comment       0x00000252       0x12 common/libcommon.a(cmd_i2c.o)
 .comment       0x00000264       0x12 common/libcommon.a(cmd_itest.o)
 .comment       0x00000276       0x12 common/libcommon.a(cmd_jffs2.o)
 .comment       0x00000288       0x12 common/libcommon.a(cmd_load.o)
 .comment       0x0000029a       0x12 common/libcommon.a(cmd_mem.o)
 .comment       0x000002ac       0x12 common/libcommon.a(cmd_mii.o)
 .comment       0x000002be       0x12 common/libcommon.a(cmd_misc.o)
 .comment       0x000002d0       0x12 common/libcommon.a(cmd_nand.o)
 .comment       0x000002e2       0x12 common/libcommon.a(cmd_net.o)
 .comment       0x000002f4       0x12 common/libcommon.a(cmd_nvedit.o)
 .comment       0x00000306       0x12 common/libcommon.a(cmd_pci.o)
 .comment       0x00000318       0x12 common/libcommon.a(command.o)
 .comment       0x0000032a       0x12 common/libcommon.a(console.o)
 .comment       0x0000033c       0x12 common/libcommon.a(devices.o)
 .comment       0x0000034e       0x12 common/libcommon.a(dlmalloc.o)
 .comment       0x00000360       0x12 common/libcommon.a(env_common.o)
 .comment       0x00000372       0x12 common/libcommon.a(env_flash.o)
 .comment       0x00000384       0x12 common/libcommon.a(exports.o)
 .comment       0x00000396       0x12 common/libcommon.a(flash.o)
 .comment       0x000003a8       0x12 common/libcommon.a(ft_build.o)
 .comment       0x000003ba       0x12 common/libcommon.a(hush.o)
 .comment       0x000003cc       0x12 common/libcommon.a(lists.o)
 .comment       0x000003de       0x12 common/libcommon.a(miiphyutil.o)
 .comment       0x000003f0       0x12 common/libcommon.a(s_record.o)
 .comment       0x00000402       0x12 common/libcommon.a(xyzModem.o)
 .comment       0x00000414       0x12 common/libcommon.a(crc16.o)
 .comment       0x00000426       0x12 lib_generic/libgeneric.a(crc32.o)
 .comment       0x00000438       0x12 lib_generic/libgeneric.a(ctype.o)
 .comment       0x0000044a       0x12 lib_generic/libgeneric.a(display_options.o)
 .comment       0x0000045c       0x12 lib_generic/libgeneric.a(string.o)
 .comment       0x0000046e       0x12 lib_generic/libgeneric.a(vsprintf.o)
 .comment       0x00000480       0x12 lib_generic/libgeneric.a(zlib.o)
 .comment       0x00000492       0x12 board/mpc8313erdb/libmpc8313erdb.a(mpc8313erdb.o)
 .comment       0x000004a4       0x12 board/mpc8313erdb/libmpc8313erdb.a(sdram.o)
 .comment       0x000004b6       0x12 board/mpc8313erdb/libmpc8313erdb.a(pci.o)
 .comment       0x000004c8       0x12 board/mpc8313erdb/libmpc8313erdb.a(nand.o)
 .comment       0x000004da       0x12 cpu/mpc83xx/libmpc83xx.a(cpu.o)
 .comment       0x000004ec       0x12 cpu/mpc83xx/libmpc83xx.a(speed.o)
 .comment       0x000004fe       0x12 lib_ppc/libppc.a(cache.o)
 .comment       0x00000510       0x12 fs/cramfs/libcramfs.a(cramfs.o)
 .comment       0x00000522       0x12 fs/cramfs/libcramfs.a(uncompress.o)
 .comment       0x00000534       0x12 fs/jffs2/libjffs2.a(jffs2_1pass.o)
 .comment       0x00000546       0x12 fs/jffs2/libjffs2.a(compr_rtime.o)
 .comment       0x00000558       0x12 fs/jffs2/libjffs2.a(compr_rubin.o)
 .comment       0x0000056a       0x12 fs/jffs2/libjffs2.a(compr_zlib.o)
 .comment       0x0000057c       0x12 fs/jffs2/libjffs2.a(mini_inflate.o)
 .comment       0x0000058e       0x12 rtc/librtc.a(date.o)
 .comment       0x000005a0       0x12 rtc/librtc.a(ds1337.o)
 .comment       0x000005b2       0x12 drivers/libdrivers.a(pci_indirect.o)
 .comment       0x000005c4       0x12 drivers/nand/libnand.a(nand_util.o)
 .comment       0x000005d6       0x12 /opt/crosstool/gcc-4.1.0-glibc-2.3.6/powerpc-603-linux-gnu/lib/gcc/powerpc-603-linux-gnu/4.1.0/nof/libgcc.a(_ashldi3.o)
 .comment       0x000005e8       0x12 /opt/crosstool/gcc-4.1.0-glibc-2.3.6/powerpc-603-linux-gnu/lib/gcc/powerpc-603-linux-gnu/4.1.0/nof/libgcc.a(_ashrdi3.o)
 .comment       0x000005fa       0x12 /opt/crosstool/gcc-4.1.0-glibc-2.3.6/powerpc-603-linux-gnu/lib/gcc/powerpc-603-linux-gnu/4.1.0/nof/libgcc.a(_udivdi3.o)

.note.GNU-stack
                0x00000000        0x0

.debug_abbrev   0x00000000      0x43c
 .debug_abbrev  0x00000000      0x155 /opt/crosstool/gcc-4.1.0-glibc-2.3.6/powerpc-603-linux-gnu/lib/gcc/powerpc-603-linux-gnu/4.1.0/nof/libgcc.a(_ashldi3.o)
 .debug_abbrev  0x00000155      0x155 /opt/crosstool/gcc-4.1.0-glibc-2.3.6/powerpc-603-linux-gnu/lib/gcc/powerpc-603-linux-gnu/4.1.0/nof/libgcc.a(_ashrdi3.o)
 .debug_abbrev  0x000002aa      0x192 /opt/crosstool/gcc-4.1.0-glibc-2.3.6/powerpc-603-linux-gnu/lib/gcc/powerpc-603-linux-gnu/4.1.0/nof/libgcc.a(_udivdi3.o)

.debug_info     0x00000000      0xf98
 .debug_info    0x00000000      0x3e1 /opt/crosstool/gcc-4.1.0-glibc-2.3.6/powerpc-603-linux-gnu/lib/gcc/powerpc-603-linux-gnu/4.1.0/nof/libgcc.a(_ashldi3.o)
 .debug_info    0x000003e1      0x3e1 /opt/crosstool/gcc-4.1.0-glibc-2.3.6/powerpc-603-linux-gnu/lib/gcc/powerpc-603-linux-gnu/4.1.0/nof/libgcc.a(_ashrdi3.o)
 .debug_info    0x000007c2      0x7d6 /opt/crosstool/gcc-4.1.0-glibc-2.3.6/powerpc-603-linux-gnu/lib/gcc/powerpc-603-linux-gnu/4.1.0/nof/libgcc.a(_udivdi3.o)

.debug_line     0x00000000      0x50e
 .debug_line    0x00000000      0x188 /opt/crosstool/gcc-4.1.0-glibc-2.3.6/powerpc-603-linux-gnu/lib/gcc/powerpc-603-linux-gnu/4.1.0/nof/libgcc.a(_ashldi3.o)
 .debug_line    0x00000188      0x189 /opt/crosstool/gcc-4.1.0-glibc-2.3.6/powerpc-603-linux-gnu/lib/gcc/powerpc-603-linux-gnu/4.1.0/nof/libgcc.a(_ashrdi3.o)
 .debug_line    0x00000311      0x1fd /opt/crosstool/gcc-4.1.0-glibc-2.3.6/powerpc-603-linux-gnu/lib/gcc/powerpc-603-linux-gnu/4.1.0/nof/libgcc.a(_udivdi3.o)

.debug_frame    0x00000000       0x78
 .debug_frame   0x00000000       0x24 /opt/crosstool/gcc-4.1.0-glibc-2.3.6/powerpc-603-linux-gnu/lib/gcc/powerpc-603-linux-gnu/4.1.0/nof/libgcc.a(_ashldi3.o)
 .debug_frame   0x00000024       0x24 /opt/crosstool/gcc-4.1.0-glibc-2.3.6/powerpc-603-linux-gnu/lib/gcc/powerpc-603-linux-gnu/4.1.0/nof/libgcc.a(_ashrdi3.o)
 .debug_frame   0x00000048       0x30 /opt/crosstool/gcc-4.1.0-glibc-2.3.6/powerpc-603-linux-gnu/lib/gcc/powerpc-603-linux-gnu/4.1.0/nof/libgcc.a(_udivdi3.o)

.debug_loc      0x00000000      0x83d
 .debug_loc     0x00000000       0x8d /opt/crosstool/gcc-4.1.0-glibc-2.3.6/powerpc-603-linux-gnu/lib/gcc/powerpc-603-linux-gnu/4.1.0/nof/libgcc.a(_ashldi3.o)
 .debug_loc     0x0000008d       0x8d /opt/crosstool/gcc-4.1.0-glibc-2.3.6/powerpc-603-linux-gnu/lib/gcc/powerpc-603-linux-gnu/4.1.0/nof/libgcc.a(_ashrdi3.o)
 .debug_loc     0x0000011a      0x723 /opt/crosstool/gcc-4.1.0-glibc-2.3.6/powerpc-603-linux-gnu/lib/gcc/powerpc-603-linux-gnu/4.1.0/nof/libgcc.a(_udivdi3.o)

.debug_pubnames
                0x00000000       0x60
 .debug_pubnames
                0x00000000       0x20 /opt/crosstool/gcc-4.1.0-glibc-2.3.6/powerpc-603-linux-gnu/lib/gcc/powerpc-603-linux-gnu/4.1.0/nof/libgcc.a(_ashldi3.o)
 .debug_pubnames
                0x00000020       0x20 /opt/crosstool/gcc-4.1.0-glibc-2.3.6/powerpc-603-linux-gnu/lib/gcc/powerpc-603-linux-gnu/4.1.0/nof/libgcc.a(_ashrdi3.o)
 .debug_pubnames
                0x00000040       0x20 /opt/crosstool/gcc-4.1.0-glibc-2.3.6/powerpc-603-linux-gnu/lib/gcc/powerpc-603-linux-gnu/4.1.0/nof/libgcc.a(_udivdi3.o)

.debug_aranges  0x00000000       0x60
 .debug_aranges
                0x00000000       0x20 /opt/crosstool/gcc-4.1.0-glibc-2.3.6/powerpc-603-linux-gnu/lib/gcc/powerpc-603-linux-gnu/4.1.0/nof/libgcc.a(_ashldi3.o)
 .debug_aranges
                0x00000020       0x20 /opt/crosstool/gcc-4.1.0-glibc-2.3.6/powerpc-603-linux-gnu/lib/gcc/powerpc-603-linux-gnu/4.1.0/nof/libgcc.a(_ashrdi3.o)
 .debug_aranges
                0x00000040       0x20 /opt/crosstool/gcc-4.1.0-glibc-2.3.6/powerpc-603-linux-gnu/lib/gcc/powerpc-603-linux-gnu/4.1.0/nof/libgcc.a(_udivdi3.o)

.debug_ranges   0x00000000      0x1a8
 .debug_ranges  0x00000000       0x18 /opt/crosstool/gcc-4.1.0-glibc-2.3.6/powerpc-603-linux-gnu/lib/gcc/powerpc-603-linux-gnu/4.1.0/nof/libgcc.a(_ashldi3.o)
 .debug_ranges  0x00000018       0x18 /opt/crosstool/gcc-4.1.0-glibc-2.3.6/powerpc-603-linux-gnu/lib/gcc/powerpc-603-linux-gnu/4.1.0/nof/libgcc.a(_ashrdi3.o)
 .debug_ranges  0x00000030      0x178 /opt/crosstool/gcc-4.1.0-glibc-2.3.6/powerpc-603-linux-gnu/lib/gcc/powerpc-603-linux-gnu/4.1.0/nof/libgcc.a(_udivdi3.o)

.debug_str      0x00000000      0x322
 .debug_str     0x00000000      0x2d1 /opt/crosstool/gcc-4.1.0-glibc-2.3.6/powerpc-603-linux-gnu/lib/gcc/powerpc-603-linux-gnu/4.1.0/nof/libgcc.a(_ashldi3.o)
                                0x32d (size before relaxing)
 .debug_str     0x000002d1        0xa /opt/crosstool/gcc-4.1.0-glibc-2.3.6/powerpc-603-linux-gnu/lib/gcc/powerpc-603-linux-gnu/4.1.0/nof/libgcc.a(_ashrdi3.o)
                                0x32d (size before relaxing)